################################################################################
#                                                                              #
#      IAR Universal Linker V4.60K/386                                         #
#                                                                              #
#           Link time     =  09/Apr/2009  14:03:33                             #
#           Target CPU    =  MSP430                                            #
#           List file     =  C:\software\qpn\examples\msp430\iar\qhsmtst-eZ430 #
#                            \dbg\qhsmtst.map                                  #
#           Output file 1 =  C:\software\qpn\examples\msp430\iar\qhsmtst-eZ430 #
#                            \dbg\qhsmtst.d43                                  #
#                            Format: debug                                     #
#                            UBROF version 10.0.2                              #
#                            Using library modules for C-SPY (-rt)             #
#           Command line  =  C:\software\qpn\examples\msp430\iar\qhsmtst-eZ430 #
#                            \dbg\bsp.r43                                      #
#                            C:\software\qpn\examples\msp430\iar\qhsmtst-eZ430 #
#                            \dbg\main.r43                                     #
#                            C:\software\qpn\examples\msp430\iar\qhsmtst-eZ430 #
#                            \dbg\qepn.r43                                     #
#                            C:\software\qpn\examples\msp430\iar\qhsmtst-eZ430 #
#                            \dbg\qhsmtst.r43                                  #
#                            -o                                                #
#                            C:\software\qpn\examples\msp430\iar\qhsmtst-eZ430 #
#                            \dbg\qhsmtst.d43                                  #
#                            -l                                                #
#                            C:\software\qpn\examples\msp430\iar\qhsmtst-eZ430 #
#                            \dbg\qhsmtst.map                                  #
#                            -xmsnio -IC:\tools\IAR\430_KS_4.10A\430\LIB\ -f   #
#                            C:\tools\IAR\430_KS_4.10A\430\CONFIG\lnk430F2013. #
#                            xcl                                               #
#                            (-cmsp430                                         #
#                            -Z(DATA)DATA16_I,DATA16_Z,DATA16_N,DATA16_HEAP+_D #
#                            ATA16_HEAP_SIZE=0200-027F                         #
#                            -Z(DATA)CSTACK+_STACK_SIZE#                       #
#                            -Z(CODE)INFO=1000-10FF -Z(CODE)INFOA=10C0-10FF    #
#                            -Z(CODE)INFOB=1080-10BF -Z(CODE)INFOC=1040-107F   #
#                            -Z(CODE)INFOD=1000-103F                           #
#                            -Z(CONST)DATA16_C,DATA16_ID,DIFUNCT=F800-FFDF     #
#                            -Z(CONST)DATA20_C,DATA20_ID=F800-FFDF             #
#                            -Z(CODE)CSTART,ISR_CODE=F800-FFDF                 #
#                            -P(CODE)CODE=F800-FFDF -Z(CODE)INTVEC=FFE0-FFFF   #
#                            -Z(CODE)RESET=FFFE-FFFF) -D_STACK_SIZE=40 -rt     #
#                            C:\tools\IAR\430_KS_4.10A\430\LIB\DLIB\dl430fn.r4 #
#                            3                                                 #
#                            -e_PrintfTiny=_Printf -e_ScanfSmall=_Scanf        #
#                            -D_DATA16_HEAP_SIZE=0 -s __program_start          #
#                            -D_DATA20_HEAP_SIZE=50                            #
#                                                                              #
#                        Copyright 1987-2007 IAR Systems. All rights reserved. #
################################################################################





                ****************************************
                *                                      *
                *           CROSS REFERENCE            *
                *                                      *
                ****************************************

       Program entry at :           F92A  Relocatable, from module : ?cstart




                ****************************************
                *                                      *
                *            RUNTIME MODEL             *
                *                                      *
                ****************************************

  __core                 = 430
  __dlib_file_descriptor = 0
  __double_size          = 32
  __pic                  = no
  __reg_r4               = free
  __reg_r5               = free
  __rt_version           = 3



                ****************************************
                *                                      *
                *              MODULE MAP              *
                *                                      *
                ****************************************


  DEFINED ABSOLUTE ENTRIES
    *************************************************************************

  DEFINED ABSOLUTE ENTRIES
  PROGRAM MODULE, NAME : ?ABS_ENTRY_MOD

Absolute parts
           ENTRY                   ADDRESS         REF BY
           =====                   =======         ======
           _DATA20_HEAP_SIZE       0050 
           _DATA16_HEAP_SIZE       0000 
           _STACK_SIZE             0040 
    *************************************************************************

  FILE NAME : C:\software\qpn\examples\msp430\iar\qhsmtst-eZ430\dbg\bsp.r43
  PROGRAM MODULE, NAME : bsp

  SEGMENTS IN THE MODULE
  ======================
DATA16_AN
  Relative segment, address: 0022 - 0022 (0x1 bytes), align: 0
  Segment part 1.             Intra module refs:   BSP_init
           ENTRY                   ADDRESS         REF BY
           =====                   =======         ======
           P1DIR                   0022 
    -------------------------------------------------------------------------
DATA16_AN
  Relative segment, address: 0120 - 0121 (0x2 bytes), align: 0
  Segment part 2.             Intra module refs:   BSP_init
           ENTRY                   ADDRESS         REF BY
           =====                   =======         ======
           WDTCTL                  0120 
    -------------------------------------------------------------------------
<CODE> 1 (was CODE)
  Relative segment, address: FF32 - FF3D (0xc bytes), align: 1
  Segment part 7.
           ENTRY                   ADDRESS         REF BY
           =====                   =======         ======
           BSP_init                FF32            main (main)
               stack 1 = 00000000 ( 00000002 )
    -------------------------------------------------------------------------
<CODE> 1 (was CODE)
  Relative segment, address: FFA0 - FFA1 (0x2 bytes), align: 1
  Segment part 6.
           ENTRY                   ADDRESS         REF BY
           =====                   =======         ======
           BSP_exit                FFA0            QHsmTst_s (qhsmtst)
               stack 1 = 00000000 ( 00000002 )
    -------------------------------------------------------------------------
<CODE> 1 (was CODE)
  Relative segment, address: FEA4 - FEB9 (0x16 bytes), align: 1
  Segment part 5.
           ENTRY                   ADDRESS         REF BY
           =====                   =======         ======
           BSP_display             FEA4            ?Subroutine0 (qhsmtst)
                                                   QHsmTst_initial (qhsmtst)
               calls direct
               stack 1 = 00000000 ( 00000004 )
    -------------------------------------------------------------------------
<CODE> 1 (was CODE)
  Relative segment, address: FFA2 - FFA3 (0x2 bytes), align: 1
  Segment part 4.
           ENTRY                   ADDRESS         REF BY
           =====                   =======         ======
           Q_onAssert              FFA2            ?Subroutine4 (qepn)
               stack 1 = 00000000 ( 00000002 )
    -------------------------------------------------------------------------
CSTACK
  Segment part 3. NOT NEEDED.
    -------------------------------------------------------------------------
CODE
  Segment part 8. NOT NEEDED.
           ENTRY                   ADDRESS         REF BY
           =====                   =======         ======
           ?setjmp_save_r4         
    -------------------------------------------------------------------------
CODE
  Segment part 9. NOT NEEDED.
           ENTRY                   ADDRESS         REF BY
           =====                   =======         ======
           ?setjmp_save_r5         

    *************************************************************************

  FILE NAME : C:\software\qpn\examples\msp430\iar\qhsmtst-eZ430\dbg\main.r43
  PROGRAM MODULE, NAME : main

  SEGMENTS IN THE MODULE
  ======================
DATA16_AN
  Relative segment, address: 0021 - 0021 (0x1 bytes), align: 0
  Segment part 1.             Intra module refs:   main
           ENTRY                   ADDRESS         REF BY
           =====                   =======         ======
           P1OUT                   0021 
    -------------------------------------------------------------------------
<CODE> 1 (was CODE)
  Relative segment, address: FD88 - FDDF (0x58 bytes), align: 1
  Segment part 5.
           ENTRY                   ADDRESS         REF BY
           =====                   =======         ======
           main                    FD88            Segment part 11 (?cstart)
               calls direct
               stack 1 = 00000000 ( 00000002 )
    -------------------------------------------------------------------------
DATA16_I
  Relative segment, address: 0200 - 0203 (0x4 bytes), align: 0
  Segment part 3.             Intra module refs:   main
           LOCAL                   ADDRESS         
           =====                   =======         
           main{1}::buf            0200 
    -------------------------------------------------------------------------
CSTACK
  Segment part 2. NOT NEEDED.
    -------------------------------------------------------------------------
DATA16_ID
  Relative segment, address: F926 - F929 (0x4 bytes), align: 0
  Segment part 4.             Intra module refs:   main{1}::buf
    -------------------------------------------------------------------------
CODE
  Segment part 6. TENTATIVE. Used definition from bsp
           ENTRY                   ADDRESS         REF BY
           =====                   =======         ======
           ?setjmp_save_r4         
    -------------------------------------------------------------------------
CODE
  Segment part 7. TENTATIVE. Used definition from bsp
           ENTRY                   ADDRESS         REF BY
           =====                   =======         ======
           ?setjmp_save_r5         

    *************************************************************************

  FILE NAME : C:\software\qpn\examples\msp430\iar\qhsmtst-eZ430\dbg\qepn.r43
  PROGRAM MODULE, NAME : qepn

  SEGMENTS IN THE MODULE
  ======================
DATA16_C
  Relative segment, address: F800 - F804 (0x5 bytes), align: 0
  Segment part 2.             Intra module refs:   ?Subroutine4
           LOCAL                   ADDRESS         
           =====                   =======         
           l_this_file             F800 
    -------------------------------------------------------------------------
CODE
  Segment part 12. NOT NEEDED.
           ENTRY                   ADDRESS         REF BY
           =====                   =======         ======
           QP_getVersion           
               not allocated function
    -------------------------------------------------------------------------
DATA16_C
  Segment part 3. NOT NEEDED.
           LOCAL                   ADDRESS         
           =====                   =======         
           QP_getVersion::version
                                   
    -------------------------------------------------------------------------
<CODE> 1 (was CODE)
  Relative segment, address: FF92 - FF95 (0x4 bytes), align: 1
  Segment part 11.            Intra module refs:   QHsm_init
           ENTRY                   ADDRESS         REF BY
           =====                   =======         ======
           QHsm_top                FF92            QHsmTst_s (qhsmtst)
               stack 1 = 00000000 ( 00000002 )
    -------------------------------------------------------------------------
<CODE> 1 (was CODE)
  Relative segment, address: FB56 - FBD1 (0x7c bytes), align: 1
  Segment part 7.
           ENTRY                   ADDRESS         REF BY
           =====                   =======         ======
           QHsm_init               FB56            main (main)
               calls direct and indirect
               stack 1 = 00000000 ( 00000012 )
    -------------------------------------------------------------------------
<CODE> 1 (was CODE)
  Relative segment, address: FF7E - FF85 (0x8 bytes), align: 1
  Segment part 8.             Intra module refs:   QHsm_dispatch
                                                   QHsm_init
           LOCAL                   ADDRESS         
           =====                   =======         
           ?Subroutine4            FF7E 
    -------------------------------------------------------------------------
<CODE> 1 (was CODE)
  Relative segment, address: FF16 - FF23 (0xe bytes), align: 1
  Segment part 9.             Intra module refs:   QHsm_dispatch
                                                   QHsm_init
           LOCAL                   ADDRESS         
           =====                   =======         
           ?Subroutine3            FF16 
    -------------------------------------------------------------------------
<CODE> 1 (was CODE)
  Relative segment, address: FF74 - FF7D (0xa bytes), align: 1
  Segment part 10.            Intra module refs:   QHsm_dispatch
                                                   QHsm_init
           LOCAL                   ADDRESS         
           =====                   =======         
           ?Subroutine2            FF74 
    -------------------------------------------------------------------------
<CODE> 1 (was CODE)
  Relative segment, address: F952 - FAB9 (0x168 bytes), align: 1
  Segment part 4.
           ENTRY                   ADDRESS         REF BY
           =====                   =======         ======
           QHsm_dispatch           F952            main (main)
               calls direct and indirect
               stack 1 = 00000000 ( 00000018 )
    -------------------------------------------------------------------------
<CODE> 1 (was CODE)
  Relative segment, address: FF86 - FF8D (0x8 bytes), align: 1
  Segment part 5.             Intra module refs:   QHsm_dispatch
           LOCAL                   ADDRESS         
           =====                   =======         
           ?Subroutine1            FF86 
    -------------------------------------------------------------------------
<CODE> 1 (was CODE)
  Relative segment, address: FE8C - FEA3 (0x18 bytes), align: 1
  Segment part 6.             Intra module refs:   QHsm_dispatch
           LOCAL                   ADDRESS         
           =====                   =======         
           ?Subroutine0            FE8C 
    -------------------------------------------------------------------------
CSTACK
  Segment part 1. NOT NEEDED.
    -------------------------------------------------------------------------
CODE
  Segment part 13. TENTATIVE. Used definition from bsp
           ENTRY                   ADDRESS         REF BY
           =====                   =======         ======
           ?setjmp_save_r4         
    -------------------------------------------------------------------------
CODE
  Segment part 14. TENTATIVE. Used definition from bsp
           ENTRY                   ADDRESS         REF BY
           =====                   =======         ======
           ?setjmp_save_r5         

    *************************************************************************

  FILE NAME : C:\software\qpn\examples\msp430\iar\qhsmtst-eZ430\dbg\qhsmtst.r43
  PROGRAM MODULE, NAME : qhsmtst

  SEGMENTS IN THE MODULE
  ======================
DATA16_Z
  Relative segment, address: 0204 - 0209 (0x6 bytes), align: 1
  Segment part 38.            Intra module refs:   QHsmTst_ctor
           ENTRY                   ADDRESS         REF BY
           =====                   =======         ======
           HSM_QHsmTst             0204            main (main)
    -------------------------------------------------------------------------
<CODE> 1 (was CODE)
  Relative segment, address: FF4A - FF55 (0xc bytes), align: 1
  Segment part 50.
           ENTRY                   ADDRESS         REF BY
           =====                   =======         ======
           QHsmTst_ctor            FF4A            main (main)
               stack 1 = 00000000 ( 00000002 )
    -------------------------------------------------------------------------
<CODE> 1 (was CODE)
  Relative segment, address: FE74 - FE8B (0x18 bytes), align: 1
  Segment part 49.            Intra module refs:   QHsmTst_ctor
           LOCAL                   ADDRESS         
           =====                   =======         
           QHsmTst_initial         FE74 
               calls direct
               stack 1 = 00000000 ( 00000004 )
    -------------------------------------------------------------------------
<CODE> 1 (was CODE)
  Relative segment, address: FF24 - FF31 (0xe bytes), align: 1
  Segment part 45.            Intra module refs:   QHsmTst_s
                                                   QHsmTst_s1
                                                   QHsmTst_s11
                                                   QHsmTst_s2
                                                   QHsmTst_s21
                                                   QHsmTst_s211
           LOCAL                   ADDRESS         
           =====                   =======         
           ?Subroutine0            FF24 
    -------------------------------------------------------------------------
<CODE> 1 (was CODE)
  Relative segment, address: FF6A - FF73 (0xa bytes), align: 1
  Segment part 47.            Intra module refs:   QHsmTst_s
                                                   QHsmTst_s1
                                                   QHsmTst_s2
           LOCAL                   ADDRESS         
           =====                   =======         
           ?Subroutine3            FF6A 
    -------------------------------------------------------------------------
<CODE> 1 (was CODE)
  Relative segment, address: FCB6 - FD1F (0x6a bytes), align: 1
  Segment part 48.            Intra module refs:   QHsmTst_s1
                                                   QHsmTst_s11
                                                   QHsmTst_s2
                                                   QHsmTst_s211
           LOCAL                   ADDRESS         
           =====                   =======         
           QHsmTst_s               FCB6 
               calls direct
               stack 1 = 00000000 ( 00000004 )
    -------------------------------------------------------------------------
<CODE> 1 (was CODE)
  Relative segment, address: FF60 - FF69 (0xa bytes), align: 1
  Segment part 42.            Intra module refs:   QHsmTst_s1
                                                   QHsmTst_s2
                                                   QHsmTst_s21
           LOCAL                   ADDRESS         
           =====                   =======         
           ?Subroutine2            FF60 
    -------------------------------------------------------------------------
<CODE> 1 (was CODE)
  Relative segment, address: FF56 - FF5F (0xa bytes), align: 1
  Segment part 44.            Intra module refs:   QHsmTst_s1
                                                   QHsmTst_s11
                                                   QHsmTst_s2
                                                   QHsmTst_s21
           LOCAL                   ADDRESS         
           =====                   =======         
           ?Subroutine1            FF56 
    -------------------------------------------------------------------------
<CODE> 1 (was CODE)
  Relative segment, address: FABA - FB55 (0x9c bytes), align: 1
  Segment part 46.            Intra module refs:   ?Subroutine2
                                                   QHsmTst_s11
           LOCAL                   ADDRESS         
           =====                   =======         
           QHsmTst_s1              FABA 
               calls direct
               stack 1 = 00000000 ( 00000004 )
    -------------------------------------------------------------------------
<CODE> 1 (was CODE)
  Relative segment, address: FC46 - FCB5 (0x70 bytes), align: 1
  Segment part 43.            Intra module refs:   ?Subroutine3
           LOCAL                   ADDRESS         
           =====                   =======         
           QHsmTst_s11             FC46 
               calls direct
               stack 1 = 00000000 ( 00000004 )
    -------------------------------------------------------------------------
<CODE> 1 (was CODE)
  Relative segment, address: FBD2 - FC45 (0x74 bytes), align: 1
  Segment part 41.            Intra module refs:   QHsmTst_initial
                                                   QHsmTst_s1
                                                   QHsmTst_s21
           LOCAL                   ADDRESS         
           =====                   =======         
           QHsmTst_s2              FBD2 
               calls direct
               stack 1 = 00000000 ( 00000004 )
    -------------------------------------------------------------------------
<CODE> 1 (was CODE)
  Relative segment, address: FD20 - FD87 (0x68 bytes), align: 1
  Segment part 40.            Intra module refs:   QHsmTst_s211
           LOCAL                   ADDRESS         
           =====                   =======         
           QHsmTst_s21             FD20 
               calls direct
               stack 1 = 00000000 ( 00000004 )
    -------------------------------------------------------------------------
<CODE> 1 (was CODE)
  Relative segment, address: FDE0 - FE33 (0x54 bytes), align: 1
  Segment part 39.            Intra module refs:   ?Subroutine1
           LOCAL                   ADDRESS         
           =====                   =======         
           QHsmTst_s211            FDE0 
               calls direct
               stack 1 = 00000000 ( 00000004 )
    -------------------------------------------------------------------------
CSTACK
  Segment part 1. NOT NEEDED.
    -------------------------------------------------------------------------
CODE
  Segment part 51. TENTATIVE. Used definition from bsp
           ENTRY                   ADDRESS         REF BY
           =====                   =======         ======
           ?setjmp_save_r4         
    -------------------------------------------------------------------------
CODE
  Segment part 52. TENTATIVE. Used definition from bsp
           ENTRY                   ADDRESS         REF BY
           =====                   =======         ======
           ?setjmp_save_r5         
    -------------------------------------------------------------------------
DATA16_C
  Relative segment, address: F805 - F80E (0xa bytes), align: 0
  Segment part 2.             Intra module refs:   QHsmTst_initial
    -------------------------------------------------------------------------
DATA16_C
  Relative segment, address: F80F - F817 (0x9 bytes), align: 0
  Segment part 3.             Intra module refs:   QHsmTst_s
    -------------------------------------------------------------------------
DATA16_C
  Relative segment, address: F818 - F81F (0x8 bytes), align: 0
  Segment part 4.             Intra module refs:   QHsmTst_s
    -------------------------------------------------------------------------
DATA16_C
  Relative segment, address: F820 - F827 (0x8 bytes), align: 0
  Segment part 5.             Intra module refs:   QHsmTst_s
    -------------------------------------------------------------------------
DATA16_C
  Relative segment, address: F828 - F82C (0x5 bytes), align: 0
  Segment part 6.             Intra module refs:   QHsmTst_s
    -------------------------------------------------------------------------
DATA16_C
  Relative segment, address: F82D - F831 (0x5 bytes), align: 0
  Segment part 7.             Intra module refs:   QHsmTst_s
    -------------------------------------------------------------------------
DATA16_C
  Relative segment, address: F832 - F83B (0xa bytes), align: 0
  Segment part 8.             Intra module refs:   QHsmTst_s1
    -------------------------------------------------------------------------
DATA16_C
  Relative segment, address: F83C - F844 (0x9 bytes), align: 0
  Segment part 9.             Intra module refs:   QHsmTst_s1
    -------------------------------------------------------------------------
DATA16_C
  Relative segment, address: F845 - F84D (0x9 bytes), align: 0
  Segment part 10.            Intra module refs:   QHsmTst_s1
    -------------------------------------------------------------------------
DATA16_C
  Relative segment, address: F84E - F853 (0x6 bytes), align: 0
  Segment part 11.            Intra module refs:   QHsmTst_s1
    -------------------------------------------------------------------------
DATA16_C
  Relative segment, address: F854 - F859 (0x6 bytes), align: 0
  Segment part 12.            Intra module refs:   QHsmTst_s1
    -------------------------------------------------------------------------
DATA16_C
  Relative segment, address: F85A - F85F (0x6 bytes), align: 0
  Segment part 13.            Intra module refs:   QHsmTst_s1
    -------------------------------------------------------------------------
DATA16_C
  Relative segment, address: F860 - F865 (0x6 bytes), align: 0
  Segment part 14.            Intra module refs:   QHsmTst_s1
    -------------------------------------------------------------------------
DATA16_C
  Relative segment, address: F866 - F86B (0x6 bytes), align: 0
  Segment part 15.            Intra module refs:   QHsmTst_s1
    -------------------------------------------------------------------------
DATA16_C
  Relative segment, address: F86C - F871 (0x6 bytes), align: 0
  Segment part 16.            Intra module refs:   QHsmTst_s1
    -------------------------------------------------------------------------
DATA16_C
  Relative segment, address: F872 - F87C (0xb bytes), align: 0
  Segment part 17.            Intra module refs:   QHsmTst_s11
    -------------------------------------------------------------------------
DATA16_C
  Relative segment, address: F87D - F886 (0xa bytes), align: 0
  Segment part 18.            Intra module refs:   QHsmTst_s11
    -------------------------------------------------------------------------
DATA16_C
  Relative segment, address: F887 - F88D (0x7 bytes), align: 0
  Segment part 19.            Intra module refs:   QHsmTst_s11
    -------------------------------------------------------------------------
DATA16_C
  Relative segment, address: F88E - F894 (0x7 bytes), align: 0
  Segment part 20.            Intra module refs:   QHsmTst_s11
    -------------------------------------------------------------------------
DATA16_C
  Relative segment, address: F895 - F89B (0x7 bytes), align: 0
  Segment part 21.            Intra module refs:   QHsmTst_s11
    -------------------------------------------------------------------------
DATA16_C
  Relative segment, address: F89C - F8A5 (0xa bytes), align: 0
  Segment part 22.            Intra module refs:   QHsmTst_s2
    -------------------------------------------------------------------------
DATA16_C
  Relative segment, address: F8A6 - F8AE (0x9 bytes), align: 0
  Segment part 23.            Intra module refs:   QHsmTst_s2
    -------------------------------------------------------------------------
DATA16_C
  Relative segment, address: F8AF - F8B7 (0x9 bytes), align: 0
  Segment part 24.            Intra module refs:   QHsmTst_s2
    -------------------------------------------------------------------------
DATA16_C
  Relative segment, address: F8B8 - F8BD (0x6 bytes), align: 0
  Segment part 25.            Intra module refs:   QHsmTst_s2
    -------------------------------------------------------------------------
DATA16_C
  Relative segment, address: F8BE - F8C3 (0x6 bytes), align: 0
  Segment part 26.            Intra module refs:   QHsmTst_s2
    -------------------------------------------------------------------------
DATA16_C
  Relative segment, address: F8C4 - F8C9 (0x6 bytes), align: 0
  Segment part 27.            Intra module refs:   QHsmTst_s2
    -------------------------------------------------------------------------
DATA16_C
  Relative segment, address: F8CA - F8D4 (0xb bytes), align: 0
  Segment part 28.            Intra module refs:   QHsmTst_s21
    -------------------------------------------------------------------------
DATA16_C
  Relative segment, address: F8D5 - F8DE (0xa bytes), align: 0
  Segment part 29.            Intra module refs:   QHsmTst_s21
    -------------------------------------------------------------------------
DATA16_C
  Relative segment, address: F8DF - F8E8 (0xa bytes), align: 0
  Segment part 30.            Intra module refs:   QHsmTst_s21
    -------------------------------------------------------------------------
DATA16_C
  Relative segment, address: F8E9 - F8EF (0x7 bytes), align: 0
  Segment part 31.            Intra module refs:   QHsmTst_s21
    -------------------------------------------------------------------------
DATA16_C
  Relative segment, address: F8F0 - F8F6 (0x7 bytes), align: 0
  Segment part 32.            Intra module refs:   QHsmTst_s21
    -------------------------------------------------------------------------
DATA16_C
  Relative segment, address: F8F7 - F8FD (0x7 bytes), align: 0
  Segment part 33.            Intra module refs:   QHsmTst_s21
    -------------------------------------------------------------------------
DATA16_C
  Relative segment, address: F8FE - F909 (0xc bytes), align: 0
  Segment part 34.            Intra module refs:   QHsmTst_s211
    -------------------------------------------------------------------------
DATA16_C
  Relative segment, address: F90A - F914 (0xb bytes), align: 0
  Segment part 35.            Intra module refs:   QHsmTst_s211
    -------------------------------------------------------------------------
DATA16_C
  Relative segment, address: F915 - F91C (0x8 bytes), align: 0
  Segment part 36.            Intra module refs:   QHsmTst_s211
    -------------------------------------------------------------------------
DATA16_C
  Relative segment, address: F91D - F924 (0x8 bytes), align: 0
  Segment part 37.            Intra module refs:   QHsmTst_s211

    *************************************************************************

  FILE NAME : C:\tools\IAR\430_KS_4.10A\430\LIB\DLIB\dl430fn.r43
  LIBRARY MODULE, NAME : ?abort

  SEGMENTS IN THE MODULE
  ======================
CODE
  Segment part 2. NOT NEEDED.
           ENTRY                   ADDRESS         REF BY
           =====                   =======         ======
           abort                   
               calls direct
               not allocated function
    -------------------------------------------------------------------------
CSTACK
  Segment part 1. NOT NEEDED.

    -------------------------------------------------------------------------
  LIBRARY MODULE, NAME : ?__dbg_break

  SEGMENTS IN THE MODULE
  ======================
<CODE> 1 (was CODE)
  Relative segment, address: FF9E - FF9F (0x2 bytes), align: 1
  Segment part 2.
           ENTRY                   ADDRESS         REF BY
           =====                   =======         ======
           __DebugBreak            FF9E            __dwrite (?__dwrite)
                                                   __exit (?__exit)
                                                   __read (?__read)
               stack 1 = 00000000 ( 00000002 )
    -------------------------------------------------------------------------
CSTACK
  Segment part 1. NOT NEEDED.

    -------------------------------------------------------------------------
  LIBRARY MODULE, NAME : ?__dwrite

  SEGMENTS IN THE MODULE
  ======================
<CODE> 1 (was CODE)
  Relative segment, address: FE54 - FE73 (0x20 bytes), align: 1
  Segment part 2.
           ENTRY                   ADDRESS         REF BY
           =====                   =======         ======
           __dwrite                FE54            __write (?__write)
               calls direct
               stack 1 = 00000000 ( 0000000A )
    -------------------------------------------------------------------------
CSTACK
  Segment part 1. NOT NEEDED.

    -------------------------------------------------------------------------
  LIBRARY MODULE, NAME : ?__exit

  SEGMENTS IN THE MODULE
  ======================
<CODE> 1 (was CODE)
  Relative segment, address: FEBA - FECD (0x14 bytes), align: 1
  Segment part 2.
           ENTRY                   ADDRESS         REF BY
           =====                   =======         ======
           __exit                  FEBA            Segment part 5 (?_exit)
                                                   _exit (?_exit)
               calls direct
               not allocated function
    -------------------------------------------------------------------------
CSTACK
  Segment part 1. NOT NEEDED.

    -------------------------------------------------------------------------
  LIBRARY MODULE, NAME : ?__read

  SEGMENTS IN THE MODULE
  ======================
<CODE> 1 (was CODE)
  Relative segment, address: FE34 - FE53 (0x20 bytes), align: 1
  Segment part 2.
           ENTRY                   ADDRESS         REF BY
           =====                   =======         ======
           __read                  FE34            main (main)
               calls direct
               stack 1 = 00000000 ( 0000000A )
    -------------------------------------------------------------------------
CSTACK
  Segment part 1. NOT NEEDED.

    -------------------------------------------------------------------------
  LIBRARY MODULE, NAME : ?__write

  SEGMENTS IN THE MODULE
  ======================
<CODE> 1 (was CODE)
  Relative segment, address: FF3E - FF49 (0xc bytes), align: 1
  Segment part 2.
           ENTRY                   ADDRESS         REF BY
           =====                   =======         ======
           __write                 FF3E            BSP_display (bsp)
                                                   main (main)
               calls direct
               stack 1 = 00000000 ( 00000002 )
    -------------------------------------------------------------------------
CSTACK
  Segment part 1. NOT NEEDED.

    -------------------------------------------------------------------------
  LIBRARY MODULE, NAME : ?_exit

  SEGMENTS IN THE MODULE
  ======================
<CODE> 1 (was CODE)
  Relative segment, address: FF9A, align: 1
  Segment part 0.
           ENTRY                   ADDRESS         REF BY
           =====                   =======         ======
           _exit                   FF9A            exit (?exit)
    -------------------------------------------------------------------------
CODE
  Segment part 1. NOT NEEDED.
    -------------------------------------------------------------------------
CODE
  Segment part 2. NOT NEEDED.
           ENTRY                   ADDRESS         REF BY
           =====                   =======         ======
           __cstart_call_dtors     
    -------------------------------------------------------------------------
CODE
  Segment part 3. NOT NEEDED.
           ENTRY                   ADDRESS         REF BY
           =====                   =======         ======
           __cstart_closeall       
    -------------------------------------------------------------------------
CODE
  Segment part 4. NOT NEEDED.
    -------------------------------------------------------------------------
<CODE> 1 (was CODE)
  Relative segment, address: FF9A - FF9D (0x4 bytes), align: 1
  Segment part 5.             Intra module refs:   _exit

    -------------------------------------------------------------------------
  LIBRARY MODULE, NAME : ?cppinit

  SEGMENTS IN THE MODULE
  ======================
CODE
  Segment part 7. NOT NEEDED.
           ENTRY                   ADDRESS         REF BY
           =====                   =======         ======
           __call_ctors            
               calls indirect
               not allocated function
    -------------------------------------------------------------------------
CODE
  Segment part 6. NOT NEEDED.
           ENTRY                   ADDRESS         REF BY
           =====                   =======         ======
           __alloc_record_needed_destruction
                                   
               calls direct
               not allocated function
    -------------------------------------------------------------------------
DATA16_Z
  Segment part 2. NOT NEEDED.
    -------------------------------------------------------------------------
CODE
  Segment part 5. NOT NEEDED.
           ENTRY                   ADDRESS         REF BY
           =====                   =======         ======
           __record_needed_destruction
                                   
               calls direct
               not allocated function
    -------------------------------------------------------------------------
CODE
  Segment part 4. NOT NEEDED.
           ENTRY                   ADDRESS         REF BY
           =====                   =======         ======
           __call_dtors            
               calls indirect
               not allocated function
    -------------------------------------------------------------------------
CODE
  Segment part 3. NOT NEEDED.
           ENTRY                   ADDRESS         REF BY
           =====                   =======         ======
           __data16_vec_cctor      
               calls indirect
               not allocated function
    -------------------------------------------------------------------------
CSTACK
  Segment part 1. NOT NEEDED.

    -------------------------------------------------------------------------
  LIBRARY MODULE, NAME : ?reset_vector

  SEGMENTS IN THE MODULE
  ======================
RESET
  Relative segment, address: FFFE - FFFF (0x2 bytes), align: 1
  Segment part 0.
           ENTRY                   ADDRESS         REF BY
           =====                   =======         ======
           ?reset_vector           FFFE            Segment part 5 (?cstart)

    -------------------------------------------------------------------------
  LIBRARY MODULE, NAME : ?cstart

  SEGMENTS IN THE MODULE
  ======================
HEAP
  Segment part 0. NOT NEEDED.
    -------------------------------------------------------------------------
CSTACK
  Relative segment, address: 0240, align: 1
  Segment part 1.
    -------------------------------------------------------------------------
DATA16_Z
  Relative segment, address: 020A, align: 1
  Segment part 2.
    -------------------------------------------------------------------------
DATA16_I
  Relative segment, address: 0200, align: 1
  Segment part 3.
    -------------------------------------------------------------------------
DATA16_ID
  Relative segment, address: F926, align: 1
  Segment part 4.
    -------------------------------------------------------------------------
CSTART
  Relative segment, address: F92A - F92D (0x4 bytes), align: 1
  Segment part 5.
           ENTRY                   ADDRESS         REF BY
           =====                   =======         ======
           __program_start         F92A            ?reset_vector (?reset_vector)
                                                   Absolute parts (?ABS_ENTRY_MOD)
           ?cstart_begin           F92A 
    -------------------------------------------------------------------------
CSTART
  Segment part 6. NOT NEEDED.
           ENTRY                   ADDRESS         REF BY
           =====                   =======         ======
           ?cstart_call_low_level_init
                                   
    -------------------------------------------------------------------------
CSTART
  Relative segment, address: F92E - F939 (0xc bytes), align: 1
  Segment part 7.
           ENTRY                   ADDRESS         REF BY
           =====                   =======         ======
           ?cstart_init_zero       F92E            HSM_QHsmTst (qhsmtst)
    -------------------------------------------------------------------------
CSTART
  Relative segment, address: F93A - F949 (0x10 bytes), align: 1
  Segment part 8.
           ENTRY                   ADDRESS         REF BY
           =====                   =======         ======
           ?cstart_init_copy       F93A            main{1}::buf (main)
    -------------------------------------------------------------------------
DIFUNCT
  Segment part 9. NOT NEEDED.
    -------------------------------------------------------------------------
CSTART
  Segment part 10. NOT NEEDED.
           ENTRY                   ADDRESS         REF BY
           =====                   =======         ======
           ?cstart_call_ctors      
    -------------------------------------------------------------------------
CSTART
  Relative segment, address: F94A - F951 (0x8 bytes), align: 1
  Segment part 11.            Intra module refs:   Segment part 5
           ENTRY                   ADDRESS         REF BY
           =====                   =======         ======
           ?cstart_call_main       F94A 
           ?cstart_end             F952 

    -------------------------------------------------------------------------
  LIBRARY MODULE, NAME : lowinit

  SEGMENTS IN THE MODULE
  ======================
CODE
  Segment part 0. NOT NEEDED.
           ENTRY                   ADDRESS         REF BY
           =====                   =======         ======
           __low_level_init        

    -------------------------------------------------------------------------
  LIBRARY MODULE, NAME : ?Epilogue

  SEGMENTS IN THE MODULE
  ======================
<CODE> 1 (was CODE)
  Relative segment, address: FEF2 - FF03 (0x12 bytes), align: 1
  Segment part 0.
           ENTRY                   ADDRESS         REF BY
           =====                   =======         ======
           ?Epilogue3              FEFC            QHsm_init (qepn)
           ?Epilogue4              FEFA 
           ?Epilogue5              FEF8 
           ?Epilogue6              FEF6            QHsm_dispatch (qepn)
           ?Epilogue7              FEF4 
           ?Epilogue8              FEF2 

    -------------------------------------------------------------------------
  LIBRARY MODULE, NAME : ?exit

  SEGMENTS IN THE MODULE
  ======================
<CODE> 1 (was CODE)
  Relative segment, address: FF96 - FF99 (0x4 bytes), align: 1
  Segment part 2.
           ENTRY                   ADDRESS         REF BY
           =====                   =======         ======
           exit                    FF96            Segment part 11 (?cstart)
               calls direct
               stack 1 = 00000000 ( 00000002 )
    -------------------------------------------------------------------------
CSTACK
  Segment part 1. NOT NEEDED.

    -------------------------------------------------------------------------
  LIBRARY MODULE, NAME : ?malloc

  SEGMENTS IN THE MODULE
  ======================
CODE
  Segment part 2. NOT NEEDED.
           ENTRY                   ADDRESS         REF BY
           =====                   =======         ======
           malloc                  
               calls direct
               not allocated function
    -------------------------------------------------------------------------
CSTACK
  Segment part 1. NOT NEEDED.

    -------------------------------------------------------------------------
  LIBRARY MODULE, NAME : ?memcpy

  SEGMENTS IN THE MODULE
  ======================
<CODE> 1 (was CODE)
  Relative segment, address: FEE0 - FEF1 (0x12 bytes), align: 1
  Segment part 2.
           ENTRY                   ADDRESS         REF BY
           =====                   =======         ======
           memcpy                  FEE0            __data16_memcpy (?memzero)
               stack 1 = 00000000 ( 00000002 )
    -------------------------------------------------------------------------
CSTACK
  Segment part 1. NOT NEEDED.

    -------------------------------------------------------------------------
  LIBRARY MODULE, NAME : ?memmove

  SEGMENTS IN THE MODULE
  ======================
CODE
  Segment part 2. NOT NEEDED.
           ENTRY                   ADDRESS         REF BY
           =====                   =======         ======
           memmove                 
               not allocated function
    -------------------------------------------------------------------------
CSTACK
  Segment part 1. NOT NEEDED.

    -------------------------------------------------------------------------
  LIBRARY MODULE, NAME : ?memzero

  SEGMENTS IN THE MODULE
  ======================
<CODE> 1 (was CODE)
  Relative segment, address: FF04 - FF15 (0x12 bytes), align: 1
  Segment part 4.
           ENTRY                   ADDRESS         REF BY
           =====                   =======         ======
           __data16_memzero        FF04            ?cstart_init_zero (?cstart)
               stack 1 = 00000000 ( 00000002 )
    -------------------------------------------------------------------------
<CODE> 1 (was CODE)
  Relative segment, address: FF8E - FF91 (0x4 bytes), align: 1
  Segment part 3.
           ENTRY                   ADDRESS         REF BY
           =====                   =======         ======
           __data16_memcpy         FF8E            ?cstart_init_copy (?cstart)
               calls direct
               stack 1 = 00000000 ( 00000002 )
    -------------------------------------------------------------------------
CODE
  Segment part 2. NOT NEEDED.
           ENTRY                   ADDRESS         REF BY
           =====                   =======         ======
           __data16_memmove        
               calls direct
               not allocated function
    -------------------------------------------------------------------------
CSTACK
  Segment part 1. NOT NEEDED.

    -------------------------------------------------------------------------
  LIBRARY MODULE, NAME : ?setjmp

  SEGMENTS IN THE MODULE
  ======================
CODE
  Segment part 0. NOT NEEDED.
           ENTRY                   ADDRESS         REF BY
           =====                   =======         ======
           setjmp                  
    -------------------------------------------------------------------------
CODE
  Segment part 1. NOT NEEDED.
           ENTRY                   ADDRESS         REF BY
           =====                   =======         ======
           ?setjmp_r5              
    -------------------------------------------------------------------------
CODE
  Segment part 2. NOT NEEDED.
           ENTRY                   ADDRESS         REF BY
           =====                   =======         ======
           ?setjmp_r4              
    -------------------------------------------------------------------------
CODE
  Segment part 3. NOT NEEDED.
           ENTRY                   ADDRESS         REF BY
           =====                   =======         ======
           ?setjmp_end             

    -------------------------------------------------------------------------
  LIBRARY MODULE, NAME : ?longjmp

  SEGMENTS IN THE MODULE
  ======================
CODE
  Segment part 0. NOT NEEDED.
           ENTRY                   ADDRESS         REF BY
           =====                   =======         ======
           longjmp                 
    -------------------------------------------------------------------------
CODE
  Segment part 1. NOT NEEDED.
           ENTRY                   ADDRESS         REF BY
           =====                   =======         ======
           ?longjmp_r5             
    -------------------------------------------------------------------------
CODE
  Segment part 2. NOT NEEDED.
           ENTRY                   ADDRESS         REF BY
           =====                   =======         ======
           ?longjmp_r4             
    -------------------------------------------------------------------------
CODE
  Segment part 3. NOT NEEDED.
           ENTRY                   ADDRESS         REF BY
           =====                   =======         ======
           ?longjmp_end            

    -------------------------------------------------------------------------
  LIBRARY MODULE, NAME : ?strlen

  SEGMENTS IN THE MODULE
  ======================
<CODE> 1 (was CODE)
  Relative segment, address: FECE - FEDF (0x12 bytes), align: 1
  Segment part 2.
           ENTRY                   ADDRESS         REF BY
           =====                   =======         ======
           strlen                  FECE            BSP_display (bsp)
               stack 1 = 00000000 ( 00000002 )
    -------------------------------------------------------------------------
CSTACK
  Segment part 1. NOT NEEDED.

    -------------------------------------------------------------------------
  LIBRARY MODULE, NAME : ?SwitchKey8

  SEGMENTS IN THE MODULE
  ======================
CODE
  Segment part 0. NOT NEEDED.
           ENTRY                   ADDRESS         REF BY
           =====                   =======         ======
           ?SwitchKey8             

    -------------------------------------------------------------------------
  LIBRARY MODULE, NAME : ?xcloseall

  SEGMENTS IN THE MODULE
  ======================
CODE
  Segment part 2. NOT NEEDED.
           ENTRY                   ADDRESS         REF BY
           =====                   =======         ======
           _Close_all              
               calls direct
               not allocated function
    -------------------------------------------------------------------------
CSTACK
  Segment part 1. NOT NEEDED.

    -------------------------------------------------------------------------
  LIBRARY MODULE, NAME : ?xgetmemchunk

  SEGMENTS IN THE MODULE
  ======================
CODE
  Segment part 3. NOT NEEDED.
           ENTRY                   ADDRESS         REF BY
           =====                   =======         ======
           __data16_GetMemChunk    
               not allocated function
    -------------------------------------------------------------------------
DATA16_Z
  Segment part 2. NOT NEEDED.
    -------------------------------------------------------------------------
CSTACK
  Segment part 1. NOT NEEDED.
    -------------------------------------------------------------------------
DATA16_HEAP
  Segment part 4. NOT NEEDED.

    -------------------------------------------------------------------------
  LIBRARY MODULE, NAME : ?xxmemxfree

  SEGMENTS IN THE MODULE
  ======================
CODE
  Segment part 2. NOT NEEDED.
           ENTRY                   ADDRESS         REF BY
           =====                   =======         ======
           __data16_free           
               not allocated function
    -------------------------------------------------------------------------
CSTACK
  Segment part 1. NOT NEEDED.

    -------------------------------------------------------------------------
  LIBRARY MODULE, NAME : ?xxmemxmalloc

  SEGMENTS IN THE MODULE
  ======================
DATA16_Z
  Segment part 2. NOT NEEDED.
           ENTRY                   ADDRESS         REF BY
           =====                   =======         ======
           __data16_Aldata         
    -------------------------------------------------------------------------
CODE
  Segment part 3. NOT NEEDED.
           LOCAL                   ADDRESS         
           =====                   =======         
           __data16_findmem        
               calls direct
               not allocated function
    -------------------------------------------------------------------------
CODE
  Segment part 4. NOT NEEDED.
           ENTRY                   ADDRESS         REF BY
           =====                   =======         ======
           __data16_malloc         
               calls direct
               not allocated function
    -------------------------------------------------------------------------
CSTACK
  Segment part 1. NOT NEEDED.




                ****************************************
                *                                      *
                *            MODULE SUMMARY            *
                *                                      *
                ****************************************

Module               CODE      DATA      CONST
------               ----      ----      -----
                    (Rel)  (Rel)  (Abs)  (Rel)
?Epilogue              18
?__dbg_break            2
?__dwrite              32
?__exit                20
?__read                32
?__write               12
?_exit                  4
?cstart                40
?exit                   4
?memcpy                18
?memzero               22
?reset_vector           2
?strlen                18
bsp                    38             3
main                   88      4      1      4
qepn                  552                    5
qhsmtst               758      6           288
N/A (command line)            64
------              -----     --      -    ---
Total:              1 660     74      4    297


                ****************************************
                *                                      *
                *              CALL GRAPH              *
                *                                      *
                ****************************************

  ->Sub-tree of type: Indirectly called function tree that does not make
                    : indirect calls (Is not an interrupt and is not flagged
                    : as not overlayable)
                             CSTACK
    | Stack used (prev) :  00000000
  01  QHsm_top
      | Stack used (prev) :  00000000
      | + function block  :  00000002
  <-Sub-tree of type: Indirectly called function tree that does not make
                    : indirect calls (Is not an interrupt and is not flagged
                    : as not overlayable)
    | Stack used          :  00000002


  ->Sub-tree of type: Indirectly called function tree that does not make
                    : indirect calls (Is not an interrupt and is not flagged
                    : as not overlayable)
                             CSTACK
    | Stack used (prev) :  00000000
  03      strlen
          | Stack used (prev) :  00000000
          | + function block  :  00000002
  05          __DebugBreak
              | Stack used (prev) :  00000000
              | + function block  :  00000002
  04        __dwrite
            | Stack used (prev) :  00000002
            | + function block  :  0000000A
  03      __write
          | Stack used (prev) :  0000000C
          | + function block  :  00000002
  02    BSP_display
        | Stack used (prev) :  0000000E
        | + function block  :  00000004
  01  QHsmTst_initial
      | Stack used (prev) :  00000012
      | + function block  :  00000004
  <-Sub-tree of type: Indirectly called function tree that does not make
                    : indirect calls (Is not an interrupt and is not flagged
                    : as not overlayable)
    | Stack used          :  00000016


  ->Sub-tree of type: Indirectly called function tree that does not make
                    : indirect calls (Is not an interrupt and is not flagged
                    : as not overlayable)
                             CSTACK
    | Stack used (prev) :  00000000
  02    BSP_display
        | Stack used (prev) :  0000000E
        | + function block  :  00000004
        |  Already listed
  02    BSP_exit
        | Stack used (prev) :  00000000
        | + function block  :  00000002
  01  QHsmTst_s
      | Stack used (prev) :  00000012
      | + function block  :  00000004
  <-Sub-tree of type: Indirectly called function tree that does not make
                    : indirect calls (Is not an interrupt and is not flagged
                    : as not overlayable)
    | Stack used          :  00000016


  ->Sub-tree of type: Indirectly called function tree that does not make
                    : indirect calls (Is not an interrupt and is not flagged
                    : as not overlayable)
                             CSTACK
    | Stack used (prev) :  00000000
  02    BSP_display
        | Stack used (prev) :  0000000E
        | + function block  :  00000004
        |  Already listed
  01  QHsmTst_s1
      | Stack used (prev) :  00000012
      | + function block  :  00000004
  <-Sub-tree of type: Indirectly called function tree that does not make
                    : indirect calls (Is not an interrupt and is not flagged
                    : as not overlayable)
    | Stack used          :  00000016


  ->Sub-tree of type: Indirectly called function tree that does not make
                    : indirect calls (Is not an interrupt and is not flagged
                    : as not overlayable)
                             CSTACK
    | Stack used (prev) :  00000000
  02    BSP_display
        | Stack used (prev) :  0000000E
        | + function block  :  00000004
        |  Already listed
  01  QHsmTst_s11
      | Stack used (prev) :  00000012
      | + function block  :  00000004
  <-Sub-tree of type: Indirectly called function tree that does not make
                    : indirect calls (Is not an interrupt and is not flagged
                    : as not overlayable)
    | Stack used          :  00000016


  ->Sub-tree of type: Indirectly called function tree that does not make
                    : indirect calls (Is not an interrupt and is not flagged
                    : as not overlayable)
                             CSTACK
    | Stack used (prev) :  00000000
  02    BSP_display
        | Stack used (prev) :  0000000E
        | + function block  :  00000004
        |  Already listed
  01  QHsmTst_s2
      | Stack used (prev) :  00000012
      | + function block  :  00000004
  <-Sub-tree of type: Indirectly called function tree that does not make
                    : indirect calls (Is not an interrupt and is not flagged
                    : as not overlayable)
    | Stack used          :  00000016


  ->Sub-tree of type: Indirectly called function tree that does not make
                    : indirect calls (Is not an interrupt and is not flagged
                    : as not overlayable)
                             CSTACK
    | Stack used (prev) :  00000000
  02    BSP_display
        | Stack used (prev) :  0000000E
        | + function block  :  00000004
        |  Already listed
  01  QHsmTst_s21
      | Stack used (prev) :  00000012
      | + function block  :  00000004
  <-Sub-tree of type: Indirectly called function tree that does not make
                    : indirect calls (Is not an interrupt and is not flagged
                    : as not overlayable)
    | Stack used          :  00000016


  ->Sub-tree of type: Indirectly called function tree that does not make
                    : indirect calls (Is not an interrupt and is not flagged
                    : as not overlayable)
                             CSTACK
    | Stack used (prev) :  00000000
  02    BSP_display
        | Stack used (prev) :  0000000E
        | + function block  :  00000004
        |  Already listed
  01  QHsmTst_s211
      | Stack used (prev) :  00000012
      | + function block  :  00000004
  <-Sub-tree of type: Indirectly called function tree that does not make
                    : indirect calls (Is not an interrupt and is not flagged
                    : as not overlayable)
    | Stack used          :  00000016


  ->Sub-tree of type: Function tree
                             CSTACK
    | Stack used (prev) :  00000016
  02    __write
        | Stack used (prev) :  0000000C
        | + function block  :  00000002
        |  Already listed
  03      __DebugBreak
          | Stack used (prev) :  00000000
          | + function block  :  00000002
          |  Already listed
  02    __read
        | Stack used (prev) :  00000016
        | + function block  :  0000000A
  02    QHsmTst_ctor
        | Stack used (prev) :  00000016
        | + function block  :  00000002
  03      Q_onAssert
          | Stack used (prev) :  00000016
          | + function block  :  00000002
  02    QHsm_dispatch
        | Stack used (prev) :  00000018
        | + function block  :  00000018
  03      Q_onAssert
          | Stack used (prev) :  00000016
          | + function block  :  00000002
          |  Already listed
  02    QHsm_init
        | Stack used (prev) :  00000018
        | + function block  :  00000012
  02    BSP_init
        | Stack used (prev) :  00000016
        | + function block  :  00000002
  01  main
      | Stack used (prev) :  00000030
      | + function block  :  00000002
  <-Sub-tree of type: Function tree
    | Stack used          :  00000032


  ->Sub-tree of type: Function tree
                             CSTACK
    | Stack used (prev) :  00000032
  01  exit
      | Stack used (prev) :  00000032
      | + function block  :  00000002
  <-Sub-tree of type: Function tree
    | Stack used          :  00000034


  ->Sub-tree of type: Function tree
                             CSTACK
    | Stack used (prev) :  00000034
  01  __data16_memzero
      | Stack used (prev) :  00000034
      | + function block  :  00000002
  <-Sub-tree of type: Function tree
    | Stack used          :  00000036


  ->Sub-tree of type: Function tree
                             CSTACK
    | Stack used (prev) :  00000036
  02    memcpy
        | Stack used (prev) :  00000036
        | + function block  :  00000002
  01  __data16_memcpy
      | Stack used (prev) :  00000038
      | + function block  :  00000002
  <-Sub-tree of type: Function tree
    | Stack used          :  0000003A




                ****************************************
                *                                      *
                *      SEGMENTS IN ADDRESS ORDER       *
                *                                      *
                ****************************************


SEGMENT              SPACE    START ADDRESS   END ADDRESS     SIZE  TYPE  ALIGN
=======              =====    =============   ===========     ====  ====  =====
DATA16_AN                              0021 - 0022               2   rel    0
                                       0120 - 0121               2 
DATA16_I                               0200 - 0203               4   rel    1
DATA16_Z                               0204 - 0209               6   rel    1
CSTACK                                 0240 - 027F              40   rel    1
DATA16_C                               F800 - F924             125   rel    0
DATA16_ID                              F926 - F929               4   rel    1
CSTART                                 F92A - F951              28   rel    1
<CODE> 1                               F952 - FFA3             652   rel    1
RESET                                  FFFE - FFFF               2   rel    1

                ****************************************
                *                                      *
                *        END OF CROSS REFERENCE        *
                *                                      *
                ****************************************

 1 660 bytes of CODE  memory
    74 bytes of DATA  memory (+ 4 absolute )
   297 bytes of CONST memory

Errors: none
Warnings: none

