Archive member included because of file (symbol)

c:/tools/gnu/winavr/bin/../lib/gcc/avr/4.1.1/avr5\libgcc.a(_copy_data.o)
                              dbg\bsp.o (__do_copy_data)
c:/tools/gnu/winavr/bin/../lib/gcc/avr/4.1.1/avr5\libgcc.a(_clear_bss.o)
                              dbg\bsp.o (__do_clear_bss)

Allocating common symbols
Common symbol       size              file

AO_Pelican          0xb               dbg\pelican.o
AO_Ped              0xb               dbg\ped.o
QF_readySet_        0x1               dbg\qfn.o

Discarded input sections

 .stabstr       0x00000000        0x0 c:/tools/gnu/winavr/bin/../lib/gcc/avr/4.1.1/../../../../avr/lib/avr5/crtm169.o

Memory Configuration

Name             Origin             Length             Attributes
text             0x00000000         0x00020000         xr
data             0x00800060         0x0000ffa0         rw !x
eeprom           0x00810000         0x00010000         rw !x
*default*        0x00000000         0xffffffff

Linker script and memory map

Address of section .data set to 0x800100
LOAD c:/tools/gnu/winavr/bin/../lib/gcc/avr/4.1.1/../../../../avr/lib/avr5/crtm169.o
LOAD dbg\bsp.o
LOAD dbg\main.o
LOAD dbg\ped.o
LOAD dbg\pelican.o
LOAD dbg\qepn.o
LOAD dbg\qfn.o
LOAD dbg\qkn.o
LOAD c:/tools/gnu/winavr/bin/../lib/gcc/avr/4.1.1/avr5\libgcc.a
LOAD c:/tools/gnu/winavr/bin/../lib/gcc/avr/4.1.1/../../../../avr/lib/avr5\libc.a
LOAD c:/tools/gnu/winavr/bin/../lib/gcc/avr/4.1.1/avr5\libgcc.a

.hash
 *(.hash)

.dynsym
 *(.dynsym)

.dynstr
 *(.dynstr)

.gnu.version
 *(.gnu.version)

.gnu.version_d
 *(.gnu.version_d)

.gnu.version_r
 *(.gnu.version_r)

.rel.init
 *(.rel.init)

.rela.init
 *(.rela.init)

.rel.text
 *(.rel.text)
 *(.rel.text.*)
 *(.rel.gnu.linkonce.t*)

.rela.text
 *(.rela.text)
 *(.rela.text.*)
 *(.rela.gnu.linkonce.t*)

.rel.fini
 *(.rel.fini)

.rela.fini
 *(.rela.fini)

.rel.rodata
 *(.rel.rodata)
 *(.rel.rodata.*)
 *(.rel.gnu.linkonce.r*)

.rela.rodata
 *(.rela.rodata)
 *(.rela.rodata.*)
 *(.rela.gnu.linkonce.r*)

.rel.data
 *(.rel.data)
 *(.rel.data.*)
 *(.rel.gnu.linkonce.d*)

.rela.data
 *(.rela.data)
 *(.rela.data.*)
 *(.rela.gnu.linkonce.d*)

.rel.ctors
 *(.rel.ctors)

.rela.ctors
 *(.rela.ctors)

.rel.dtors
 *(.rel.dtors)

.rela.dtors
 *(.rela.dtors)

.rel.got
 *(.rel.got)

.rela.got
 *(.rela.got)

.rel.bss
 *(.rel.bss)

.rela.bss
 *(.rela.bss)

.rel.plt
 *(.rel.plt)

.rela.plt
 *(.rela.plt)

.text           0x00000000      0xcfa
 *(.vectors)
 .vectors       0x00000000       0x5c c:/tools/gnu/winavr/bin/../lib/gcc/avr/4.1.1/../../../../avr/lib/avr5/crtm169.o
                0x00000000                __vectors
                0x00000000                __vector_default
 *(.vectors)
 *(.progmem.gcc*)
 *(.progmem*)
 .progmem.data  0x0000005c        0xf dbg\main.o
                0x0000005c                QF_active
 .progmem.data  0x0000006b        0xc dbg\qepn.o
 .progmem.data  0x00000077        0xd dbg\qfn.o
 .progmem.data  0x00000084       0x1d dbg\qkn.o
                0x000000a2                . = ALIGN (0x2)
 *fill*         0x000000a1        0x1 00
                0x000000a2                __trampolines_start = .
 *(.trampolines)
 .trampolines   0x000000a2        0x0 linker stubs
 *(.trampolines*)
                0x000000a2                __trampolines_end = .
 *(.jumptables)
 *(.jumptables*)
 *(.lowtext)
 *(.lowtext*)
                0x000000a2                __ctors_start = .
 *(.ctors)
                0x000000a2                __ctors_end = .
                0x000000a2                __dtors_start = .
 *(.dtors)
                0x000000a2                __dtors_end = .
 SORT(*)(.ctors)
 SORT(*)(.dtors)
 *(.init0)
 .init0         0x000000a2        0x0 c:/tools/gnu/winavr/bin/../lib/gcc/avr/4.1.1/../../../../avr/lib/avr5/crtm169.o
                0x000000a2                __init
 *(.init0)
 *(.init1)
 *(.init1)
 *(.init2)
 .init2         0x000000a2        0xc c:/tools/gnu/winavr/bin/../lib/gcc/avr/4.1.1/../../../../avr/lib/avr5/crtm169.o
 *(.init2)
 *(.init3)
 *(.init3)
 *(.init4)
 .init4         0x000000ae       0x16 c:/tools/gnu/winavr/bin/../lib/gcc/avr/4.1.1/avr5\libgcc.a(_copy_data.o)
                0x000000ae                __do_copy_data
 .init4         0x000000c4       0x10 c:/tools/gnu/winavr/bin/../lib/gcc/avr/4.1.1/avr5\libgcc.a(_clear_bss.o)
                0x000000c4                __do_clear_bss
 *(.init4)
 *(.init5)
 *(.init5)
 *(.init6)
 *(.init6)
 *(.init7)
 *(.init7)
 *(.init8)
 *(.init8)
 *(.init9)
 .init9         0x000000d4        0x4 c:/tools/gnu/winavr/bin/../lib/gcc/avr/4.1.1/../../../../avr/lib/avr5/crtm169.o
 *(.init9)
 *(.text)
 .text          0x000000d8        0x4 c:/tools/gnu/winavr/bin/../lib/gcc/avr/4.1.1/../../../../avr/lib/avr5/crtm169.o
                0x000000d8                __vector_22
                0x000000d8                __vector_1
                0x000000d8                __vector_12
                0x000000d8                __bad_interrupt
                0x000000d8                __vector_6
                0x000000d8                __vector_3
                0x000000d8                __vector_11
                0x000000d8                __vector_13
                0x000000d8                __vector_17
                0x000000d8                __vector_19
                0x000000d8                __vector_7
                0x000000d8                __vector_5
                0x000000d8                __vector_4
                0x000000d8                __vector_9
                0x000000d8                __vector_2
                0x000000d8                __vector_21
                0x000000d8                __vector_15
                0x000000d8                __vector_8
                0x000000d8                __vector_14
                0x000000d8                __vector_16
                0x000000d8                __vector_18
                0x000000d8                __vector_20
 .text          0x000000dc       0xd0 dbg\bsp.o
                0x00000102                Q_onAssert
                0x000000f8                QK_onIdle
                0x0000010a                BSP_signalCars
                0x000000dc                BSP_init
                0x0000013a                BSP_signalPeds
                0x000000e8                QF_onStartup
                0x00000158                __vector_10
 .text          0x000001ac       0x12 dbg\main.o
                0x000001ac                main
 .text          0x000001be       0xd8 dbg\ped.o
                0x000001be                Ped_ctor
 .text          0x00000296      0x308 dbg\pelican.o
                0x00000296                Pelican_ctor
 .text          0x0000059e      0x3e6 dbg\qepn.o
                0x000005aa                QHsm_dispatch
                0x0000059e                QP_getVersion
                0x000005a4                QHsm_top
                0x0000088a                QHsm_init
 .text          0x00000984      0x1e8 dbg\qfn.o
                0x00000990                QActive_disarm
                0x00000aa8                QActive_post
                0x0000099c                QActive_postISR
                0x00000984                QActive_arm
                0x00000a58                QF_tick
 .text          0x00000b6c      0x18e dbg\qkn.o
                0x00000b6c                QK_schedule_
                0x00000c66                QF_run
 .text          0x00000cfa        0x0 c:/tools/gnu/winavr/bin/../lib/gcc/avr/4.1.1/avr5\libgcc.a(_copy_data.o)
 .text          0x00000cfa        0x0 c:/tools/gnu/winavr/bin/../lib/gcc/avr/4.1.1/avr5\libgcc.a(_clear_bss.o)
                0x00000cfa                . = ALIGN (0x2)
 *(.text.*)
 .text.libgcc   0x00000cfa        0x0 c:/tools/gnu/winavr/bin/../lib/gcc/avr/4.1.1/avr5\libgcc.a(_copy_data.o)
 .text.libgcc   0x00000cfa        0x0 c:/tools/gnu/winavr/bin/../lib/gcc/avr/4.1.1/avr5\libgcc.a(_clear_bss.o)
                0x00000cfa                . = ALIGN (0x2)
 *(.fini9)
 *(.fini9)
 *(.fini8)
 *(.fini8)
 *(.fini7)
 *(.fini7)
 *(.fini6)
 *(.fini6)
 *(.fini5)
 *(.fini5)
 *(.fini4)
 *(.fini4)
 *(.fini3)
 *(.fini3)
 *(.fini2)
 *(.fini2)
 *(.fini1)
 *(.fini1)
 *(.fini0)
 *(.fini0)
                0x00000cfa                _etext = .

.data           0x00800100        0x2 load address 0x00000cfa
                0x00800100                PROVIDE (__data_start, .)
 *(.data)
 .data          0x00800100        0x0 c:/tools/gnu/winavr/bin/../lib/gcc/avr/4.1.1/../../../../avr/lib/avr5/crtm169.o
 .data          0x00800100        0x0 dbg\bsp.o
 .data          0x00800100        0x0 dbg\main.o
 .data          0x00800100        0x0 dbg\ped.o
 .data          0x00800100        0x0 dbg\pelican.o
 .data          0x00800100        0x0 dbg\qepn.o
 .data          0x00800100        0x0 dbg\qfn.o
 .data          0x00800100        0x1 dbg\qkn.o
                0x00800100                QK_currPrio_
 .data          0x00800101        0x0 c:/tools/gnu/winavr/bin/../lib/gcc/avr/4.1.1/avr5\libgcc.a(_copy_data.o)
 .data          0x00800101        0x0 c:/tools/gnu/winavr/bin/../lib/gcc/avr/4.1.1/avr5\libgcc.a(_clear_bss.o)
 *(.data*)
 *(.rodata)
 *(.rodata*)
 *(.gnu.linkonce.d*)
                0x00800102                . = ALIGN (0x2)
 *fill*         0x00800101        0x1 00
                0x00800102                _edata = .
                0x00800102                PROVIDE (__data_end, .)

.bss            0x00800102       0x23
                0x00800102                PROVIDE (__bss_start, .)
 *(.bss)
 .bss           0x00800102        0x0 c:/tools/gnu/winavr/bin/../lib/gcc/avr/4.1.1/../../../../avr/lib/avr5/crtm169.o
 .bss           0x00800102        0x0 dbg\bsp.o
 .bss           0x00800102        0x6 dbg\main.o
 .bss           0x00800108        0x0 dbg\ped.o
 .bss           0x00800108        0x0 dbg\pelican.o
 .bss           0x00800108        0x0 dbg\qepn.o
 .bss           0x00800108        0x3 dbg\qfn.o
 .bss           0x0080010b        0x3 dbg\qkn.o
 .bss           0x0080010e        0x0 c:/tools/gnu/winavr/bin/../lib/gcc/avr/4.1.1/avr5\libgcc.a(_copy_data.o)
 .bss           0x0080010e        0x0 c:/tools/gnu/winavr/bin/../lib/gcc/avr/4.1.1/avr5\libgcc.a(_clear_bss.o)
 *(.bss*)
 *(COMMON)
 COMMON         0x0080010e        0xb dbg\ped.o
                0x0080010e                AO_Ped
 COMMON         0x00800119        0xb dbg\pelican.o
                0x00800119                AO_Pelican
 COMMON         0x00800124        0x1 dbg\qfn.o
                0x00800124                QF_readySet_
                0x00800125                PROVIDE (__bss_end, .)
                0x00000cfa                __data_load_start = LOADADDR (.data)
                0x00000cfc                __data_load_end = (__data_load_start + SIZEOF (.data))

.noinit         0x00800125        0x0
                0x00800125                PROVIDE (__noinit_start, .)
 *(.noinit*)
                0x00800125                PROVIDE (__noinit_end, .)
                0x00800125                _end = .
                0x00800125                PROVIDE (__heap_start, .)

.eeprom         0x00810000        0x0
 *(.eeprom*)
                0x00810000                __eeprom_end = .

.stab           0x00000000      0x36c
 *(.stab)
 .stab          0x00000000      0x36c c:/tools/gnu/winavr/bin/../lib/gcc/avr/4.1.1/../../../../avr/lib/avr5/crtm169.o

.stabstr        0x00000000       0x84
 *(.stabstr)
 .stabstr       0x00000000       0x84 c:/tools/gnu/winavr/bin/../lib/gcc/avr/4.1.1/../../../../avr/lib/avr5/crtm169.o

.stab.excl
 *(.stab.excl)

.stab.exclstr
 *(.stab.exclstr)

.stab.index
 *(.stab.index)

.stab.indexstr
 *(.stab.indexstr)

.comment
 *(.comment)

.debug
 *(.debug)

.line
 *(.line)

.debug_srcinfo
 *(.debug_srcinfo)

.debug_sfnames
 *(.debug_sfnames)

.debug_aranges  0x00000000       0xe0
 *(.debug_aranges)
 .debug_aranges
                0x00000000       0x20 dbg\bsp.o
 .debug_aranges
                0x00000020       0x20 dbg\main.o
 .debug_aranges
                0x00000040       0x20 dbg\ped.o
 .debug_aranges
                0x00000060       0x20 dbg\pelican.o
 .debug_aranges
                0x00000080       0x20 dbg\qepn.o
 .debug_aranges
                0x000000a0       0x20 dbg\qfn.o
 .debug_aranges
                0x000000c0       0x20 dbg\qkn.o

.debug_pubnames
                0x00000000      0x20f
 *(.debug_pubnames)
 .debug_pubnames
                0x00000000       0x83 dbg\bsp.o
 .debug_pubnames
                0x00000083       0x29 dbg\main.o
 .debug_pubnames
                0x000000ac       0x2a dbg\ped.o
 .debug_pubnames
                0x000000d6       0x32 dbg\pelican.o
 .debug_pubnames
                0x00000108       0x51 dbg\qepn.o
 .debug_pubnames
                0x00000159       0x77 dbg\qfn.o
 .debug_pubnames
                0x000001d0       0x3f dbg\qkn.o

.debug_info     0x00000000     0x1906
 *(.debug_info)
 .debug_info    0x00000000      0x1e5 dbg\bsp.o
 .debug_info    0x000001e5      0x2cd dbg\main.o
 .debug_info    0x000004b2      0x2c1 dbg\ped.o
 .debug_info    0x00000773      0x428 dbg\pelican.o
 .debug_info    0x00000b9b      0x2f9 dbg\qepn.o
 .debug_info    0x00000e94      0x5a3 dbg\qfn.o
 .debug_info    0x00001437      0x4cf dbg\qkn.o
 *(.gnu.linkonce.wi.*)

.debug_abbrev   0x00000000      0x7fa
 *(.debug_abbrev)
 .debug_abbrev  0x00000000       0xd0 dbg\bsp.o
 .debug_abbrev  0x000000d0      0x128 dbg\main.o
 .debug_abbrev  0x000001f8      0x106 dbg\ped.o
 .debug_abbrev  0x000002fe       0xdf dbg\pelican.o
 .debug_abbrev  0x000003dd      0x121 dbg\qepn.o
 .debug_abbrev  0x000004fe      0x199 dbg\qfn.o
 .debug_abbrev  0x00000697      0x163 dbg\qkn.o

.debug_line     0x00000000     0x1272
 *(.debug_line)
 .debug_line    0x00000000      0x227 dbg\bsp.o
 .debug_line    0x00000227      0x14b dbg\main.o
 .debug_line    0x00000372      0x1e4 dbg\ped.o
 .debug_line    0x00000556      0x445 dbg\pelican.o
 .debug_line    0x0000099b      0x41a dbg\qepn.o
 .debug_line    0x00000db5      0x280 dbg\qfn.o
 .debug_line    0x00001035      0x23d dbg\qkn.o

.debug_frame    0x00000000      0x2b0
 *(.debug_frame)
 .debug_frame   0x00000000       0x80 dbg\bsp.o
 .debug_frame   0x00000080       0x20 dbg\main.o
 .debug_frame   0x000000a0       0x50 dbg\ped.o
 .debug_frame   0x000000f0       0xe0 dbg\pelican.o
 .debug_frame   0x000001d0       0x50 dbg\qepn.o
 .debug_frame   0x00000220       0x60 dbg\qfn.o
 .debug_frame   0x00000280       0x30 dbg\qkn.o

.debug_str      0x00000000      0x4f0
 *(.debug_str)
 .debug_str     0x00000000      0x17f dbg\bsp.o
                                0x1da (size before relaxing)
 .debug_str     0x0000017f       0xfd dbg\main.o
                                0x1f8 (size before relaxing)
 .debug_str     0x0000027c       0x37 dbg\ped.o
                                0x1e0 (size before relaxing)
 .debug_str     0x000002b3      0x10b dbg\pelican.o
                                0x2ae (size before relaxing)
 .debug_str     0x000003be       0x62 dbg\qepn.o
                                0x1ac (size before relaxing)
 .debug_str     0x00000420       0x7b dbg\qfn.o
                                0x240 (size before relaxing)
 .debug_str     0x0000049b       0x55 dbg\qkn.o
                                0x22c (size before relaxing)

.debug_loc      0x00000000      0x8ae
 *(.debug_loc)
 .debug_loc     0x00000000       0x18 dbg\bsp.o
 .debug_loc     0x00000018       0x88 dbg\ped.o
 .debug_loc     0x000000a0      0x1a0 dbg\pelican.o
 .debug_loc     0x00000240      0x299 dbg\qepn.o
 .debug_loc     0x000004d9      0x235 dbg\qfn.o
 .debug_loc     0x0000070e      0x1a0 dbg\qkn.o

.debug_macinfo
 *(.debug_macinfo)
OUTPUT(dbg\pelican-qk-butterfly.elf elf32-avr)
LOAD linker stubs

Cross Reference Table

Symbol                                            File
AO_Ped                                            dbg\ped.o
                                                  dbg\main.o
AO_Pelican                                        dbg\pelican.o
                                                  dbg\ped.o
                                                  dbg\main.o
BSP_init                                          dbg\bsp.o
                                                  dbg\main.o
BSP_signalCars                                    dbg\bsp.o
                                                  dbg\pelican.o
BSP_signalPeds                                    dbg\bsp.o
                                                  dbg\pelican.o
Ped_ctor                                          dbg\ped.o
                                                  dbg\main.o
Pelican_ctor                                      dbg\pelican.o
                                                  dbg\main.o
QActive_arm                                       dbg\qfn.o
                                                  dbg\pelican.o
                                                  dbg\ped.o
QActive_disarm                                    dbg\qfn.o
QActive_post                                      dbg\qfn.o
                                                  dbg\ped.o
QActive_postISR                                   dbg\qfn.o
QF_active                                         dbg\main.o
                                                  dbg\qkn.o
                                                  dbg\qfn.o
QF_onStartup                                      dbg\bsp.o
                                                  dbg\qkn.o
QF_readySet_                                      dbg\qkn.o
                                                  dbg\qfn.o
                                                  dbg\bsp.o
QF_run                                            dbg\qkn.o
                                                  dbg\main.o
QF_tick                                           dbg\qfn.o
                                                  dbg\bsp.o
QHsm_dispatch                                     dbg\qepn.o
                                                  dbg\qkn.o
QHsm_init                                         dbg\qepn.o
                                                  dbg\qkn.o
QHsm_top                                          dbg\qepn.o
                                                  dbg\pelican.o
                                                  dbg\ped.o
QK_currPrio_                                      dbg\qkn.o
QK_onIdle                                         dbg\bsp.o
                                                  dbg\qkn.o
QK_schedule_                                      dbg\qkn.o
                                                  dbg\qfn.o
                                                  dbg\bsp.o
QP_getVersion                                     dbg\qepn.o
Q_onAssert                                        dbg\bsp.o
                                                  dbg\qkn.o
                                                  dbg\qfn.o
                                                  dbg\qepn.o
__bad_interrupt                                   c:/tools/gnu/winavr/bin/../lib/gcc/avr/4.1.1/../../../../avr/lib/avr5/crtm169.o
__bss_end                                         c:/tools/gnu/winavr/bin/../lib/gcc/avr/4.1.1/avr5\libgcc.a(_clear_bss.o)
__bss_start                                       c:/tools/gnu/winavr/bin/../lib/gcc/avr/4.1.1/avr5\libgcc.a(_clear_bss.o)
__data_end                                        c:/tools/gnu/winavr/bin/../lib/gcc/avr/4.1.1/avr5\libgcc.a(_copy_data.o)
__data_load_start                                 c:/tools/gnu/winavr/bin/../lib/gcc/avr/4.1.1/avr5\libgcc.a(_copy_data.o)
__data_start                                      c:/tools/gnu/winavr/bin/../lib/gcc/avr/4.1.1/avr5\libgcc.a(_copy_data.o)
__do_clear_bss                                    c:/tools/gnu/winavr/bin/../lib/gcc/avr/4.1.1/avr5\libgcc.a(_clear_bss.o)
                                                  dbg\qkn.o
                                                  dbg\qfn.o
                                                  dbg\qepn.o
                                                  dbg\pelican.o
                                                  dbg\ped.o
                                                  dbg\main.o
                                                  dbg\bsp.o
__do_copy_data                                    c:/tools/gnu/winavr/bin/../lib/gcc/avr/4.1.1/avr5\libgcc.a(_copy_data.o)
                                                  dbg\qkn.o
                                                  dbg\qfn.o
                                                  dbg\qepn.o
                                                  dbg\pelican.o
                                                  dbg\ped.o
                                                  dbg\main.o
                                                  dbg\bsp.o
__heap_end                                        c:/tools/gnu/winavr/bin/../lib/gcc/avr/4.1.1/../../../../avr/lib/avr5/crtm169.o
__init                                            c:/tools/gnu/winavr/bin/../lib/gcc/avr/4.1.1/../../../../avr/lib/avr5/crtm169.o
__stack                                           c:/tools/gnu/winavr/bin/../lib/gcc/avr/4.1.1/../../../../avr/lib/avr5/crtm169.o
__vector_1                                        c:/tools/gnu/winavr/bin/../lib/gcc/avr/4.1.1/../../../../avr/lib/avr5/crtm169.o
__vector_10                                       dbg\bsp.o
                                                  c:/tools/gnu/winavr/bin/../lib/gcc/avr/4.1.1/../../../../avr/lib/avr5/crtm169.o
__vector_11                                       c:/tools/gnu/winavr/bin/../lib/gcc/avr/4.1.1/../../../../avr/lib/avr5/crtm169.o
__vector_12                                       c:/tools/gnu/winavr/bin/../lib/gcc/avr/4.1.1/../../../../avr/lib/avr5/crtm169.o
__vector_13                                       c:/tools/gnu/winavr/bin/../lib/gcc/avr/4.1.1/../../../../avr/lib/avr5/crtm169.o
__vector_14                                       c:/tools/gnu/winavr/bin/../lib/gcc/avr/4.1.1/../../../../avr/lib/avr5/crtm169.o
__vector_15                                       c:/tools/gnu/winavr/bin/../lib/gcc/avr/4.1.1/../../../../avr/lib/avr5/crtm169.o
__vector_16                                       c:/tools/gnu/winavr/bin/../lib/gcc/avr/4.1.1/../../../../avr/lib/avr5/crtm169.o
__vector_17                                       c:/tools/gnu/winavr/bin/../lib/gcc/avr/4.1.1/../../../../avr/lib/avr5/crtm169.o
__vector_18                                       c:/tools/gnu/winavr/bin/../lib/gcc/avr/4.1.1/../../../../avr/lib/avr5/crtm169.o
__vector_19                                       c:/tools/gnu/winavr/bin/../lib/gcc/avr/4.1.1/../../../../avr/lib/avr5/crtm169.o
__vector_2                                        c:/tools/gnu/winavr/bin/../lib/gcc/avr/4.1.1/../../../../avr/lib/avr5/crtm169.o
__vector_20                                       c:/tools/gnu/winavr/bin/../lib/gcc/avr/4.1.1/../../../../avr/lib/avr5/crtm169.o
__vector_21                                       c:/tools/gnu/winavr/bin/../lib/gcc/avr/4.1.1/../../../../avr/lib/avr5/crtm169.o
__vector_22                                       c:/tools/gnu/winavr/bin/../lib/gcc/avr/4.1.1/../../../../avr/lib/avr5/crtm169.o
__vector_3                                        c:/tools/gnu/winavr/bin/../lib/gcc/avr/4.1.1/../../../../avr/lib/avr5/crtm169.o
__vector_4                                        c:/tools/gnu/winavr/bin/../lib/gcc/avr/4.1.1/../../../../avr/lib/avr5/crtm169.o
__vector_5                                        c:/tools/gnu/winavr/bin/../lib/gcc/avr/4.1.1/../../../../avr/lib/avr5/crtm169.o
__vector_6                                        c:/tools/gnu/winavr/bin/../lib/gcc/avr/4.1.1/../../../../avr/lib/avr5/crtm169.o
__vector_7                                        c:/tools/gnu/winavr/bin/../lib/gcc/avr/4.1.1/../../../../avr/lib/avr5/crtm169.o
__vector_8                                        c:/tools/gnu/winavr/bin/../lib/gcc/avr/4.1.1/../../../../avr/lib/avr5/crtm169.o
__vector_9                                        c:/tools/gnu/winavr/bin/../lib/gcc/avr/4.1.1/../../../../avr/lib/avr5/crtm169.o
__vector_default                                  c:/tools/gnu/winavr/bin/../lib/gcc/avr/4.1.1/../../../../avr/lib/avr5/crtm169.o
__vectors                                         c:/tools/gnu/winavr/bin/../lib/gcc/avr/4.1.1/../../../../avr/lib/avr5/crtm169.o
main                                              dbg\main.o
                                                  c:/tools/gnu/winavr/bin/../lib/gcc/avr/4.1.1/../../../../avr/lib/avr5/crtm169.o
