Archive member included because of file (symbol)

c:/tools/gnu/winavr/bin/../lib/gcc/avr/4.1.1/avr5\libgcc.a(_copy_data.o)
                              dbg\bsp.o (__do_copy_data)
c:/tools/gnu/winavr/bin/../lib/gcc/avr/4.1.1/avr5\libgcc.a(_clear_bss.o)
                              dbg\bsp.o (__do_clear_bss)

Allocating common symbols
Common symbol       size              file

AO_Pelican          0xb               dbg\pelican.o
AO_Ped              0xb               dbg\ped.o
QF_readySet_        0x1               dbg\qfn.o

Discarded input sections

 .stabstr       0x00000000        0x0 c:/tools/gnu/winavr/bin/../lib/gcc/avr/4.1.1/../../../../avr/lib/avr5/crtm169.o

Memory Configuration

Name             Origin             Length             Attributes
text             0x00000000         0x00020000         xr
data             0x00800060         0x0000ffa0         rw !x
eeprom           0x00810000         0x00010000         rw !x
*default*        0x00000000         0xffffffff

Linker script and memory map

Address of section .data set to 0x800100
LOAD c:/tools/gnu/winavr/bin/../lib/gcc/avr/4.1.1/../../../../avr/lib/avr5/crtm169.o
LOAD dbg\bsp.o
LOAD dbg\main.o
LOAD dbg\ped.o
LOAD dbg\pelican.o
LOAD dbg\qepn.o
LOAD dbg\qfn.o
LOAD c:/tools/gnu/winavr/bin/../lib/gcc/avr/4.1.1/avr5\libgcc.a
LOAD c:/tools/gnu/winavr/bin/../lib/gcc/avr/4.1.1/../../../../avr/lib/avr5\libc.a
LOAD c:/tools/gnu/winavr/bin/../lib/gcc/avr/4.1.1/avr5\libgcc.a

.hash
 *(.hash)

.dynsym
 *(.dynsym)

.dynstr
 *(.dynstr)

.gnu.version
 *(.gnu.version)

.gnu.version_d
 *(.gnu.version_d)

.gnu.version_r
 *(.gnu.version_r)

.rel.init
 *(.rel.init)

.rela.init
 *(.rela.init)

.rel.text
 *(.rel.text)
 *(.rel.text.*)
 *(.rel.gnu.linkonce.t*)

.rela.text
 *(.rela.text)
 *(.rela.text.*)
 *(.rela.gnu.linkonce.t*)

.rel.fini
 *(.rel.fini)

.rela.fini
 *(.rela.fini)

.rel.rodata
 *(.rel.rodata)
 *(.rel.rodata.*)
 *(.rel.gnu.linkonce.r*)

.rela.rodata
 *(.rela.rodata)
 *(.rela.rodata.*)
 *(.rela.gnu.linkonce.r*)

.rel.data
 *(.rel.data)
 *(.rel.data.*)
 *(.rel.gnu.linkonce.d*)

.rela.data
 *(.rela.data)
 *(.rela.data.*)
 *(.rela.gnu.linkonce.d*)

.rel.ctors
 *(.rel.ctors)

.rela.ctors
 *(.rela.ctors)

.rel.dtors
 *(.rel.dtors)

.rela.dtors
 *(.rela.dtors)

.rel.got
 *(.rel.got)

.rela.got
 *(.rela.got)

.rel.bss
 *(.rel.bss)

.rela.bss
 *(.rela.bss)

.rel.plt
 *(.rel.plt)

.rela.plt
 *(.rela.plt)

.text           0x00000000      0xc9c
 *(.vectors)
 .vectors       0x00000000       0x5c c:/tools/gnu/winavr/bin/../lib/gcc/avr/4.1.1/../../../../avr/lib/avr5/crtm169.o
                0x00000000                __vectors
                0x00000000                __vector_default
 *(.vectors)
 *(.progmem.gcc*)
 *(.progmem*)
 .progmem.data  0x0000005c        0xf dbg\main.o
                0x0000005c                QF_active
 .progmem.data  0x0000006b        0xc dbg\qepn.o
 .progmem.data  0x00000077       0x26 dbg\qfn.o
                0x0000009e                . = ALIGN (0x2)
 *fill*         0x0000009d        0x1 00
                0x0000009e                __trampolines_start = .
 *(.trampolines)
 .trampolines   0x0000009e        0x0 linker stubs
 *(.trampolines*)
                0x0000009e                __trampolines_end = .
 *(.jumptables)
 *(.jumptables*)
 *(.lowtext)
 *(.lowtext*)
                0x0000009e                __ctors_start = .
 *(.ctors)
                0x0000009e                __ctors_end = .
                0x0000009e                __dtors_start = .
 *(.dtors)
                0x0000009e                __dtors_end = .
 SORT(*)(.ctors)
 SORT(*)(.dtors)
 *(.init0)
 .init0         0x0000009e        0x0 c:/tools/gnu/winavr/bin/../lib/gcc/avr/4.1.1/../../../../avr/lib/avr5/crtm169.o
                0x0000009e                __init
 *(.init0)
 *(.init1)
 *(.init1)
 *(.init2)
 .init2         0x0000009e        0xc c:/tools/gnu/winavr/bin/../lib/gcc/avr/4.1.1/../../../../avr/lib/avr5/crtm169.o
 *(.init2)
 *(.init3)
 *(.init3)
 *(.init4)
 .init4         0x000000aa       0x16 c:/tools/gnu/winavr/bin/../lib/gcc/avr/4.1.1/avr5\libgcc.a(_copy_data.o)
                0x000000aa                __do_copy_data
 .init4         0x000000c0       0x10 c:/tools/gnu/winavr/bin/../lib/gcc/avr/4.1.1/avr5\libgcc.a(_clear_bss.o)
                0x000000c0                __do_clear_bss
 *(.init4)
 *(.init5)
 *(.init5)
 *(.init6)
 *(.init6)
 *(.init7)
 *(.init7)
 *(.init8)
 *(.init8)
 *(.init9)
 .init9         0x000000d0        0x4 c:/tools/gnu/winavr/bin/../lib/gcc/avr/4.1.1/../../../../avr/lib/avr5/crtm169.o
 *(.init9)
 *(.text)
 .text          0x000000d4        0x4 c:/tools/gnu/winavr/bin/../lib/gcc/avr/4.1.1/../../../../avr/lib/avr5/crtm169.o
                0x000000d4                __vector_22
                0x000000d4                __vector_1
                0x000000d4                __vector_12
                0x000000d4                __bad_interrupt
                0x000000d4                __vector_6
                0x000000d4                __vector_3
                0x000000d4                __vector_11
                0x000000d4                __vector_13
                0x000000d4                __vector_17
                0x000000d4                __vector_19
                0x000000d4                __vector_7
                0x000000d4                __vector_5
                0x000000d4                __vector_4
                0x000000d4                __vector_9
                0x000000d4                __vector_2
                0x000000d4                __vector_21
                0x000000d4                __vector_15
                0x000000d4                __vector_8
                0x000000d4                __vector_14
                0x000000d4                __vector_16
                0x000000d4                __vector_18
                0x000000d4                __vector_20
 .text          0x000000d8       0xc2 dbg\bsp.o
                0x000000fc                Q_onAssert
                0x00000104                BSP_signalCars
                0x000000d8                BSP_init
                0x000000f4                QF_onIdle
                0x00000134                BSP_signalPeds
                0x000000e4                QF_onStartup
                0x00000152                __vector_10
 .text          0x0000019a       0x12 dbg\main.o
                0x0000019a                main
 .text          0x000001ac       0xd8 dbg\ped.o
                0x000001ac                Ped_ctor
 .text          0x00000284      0x308 dbg\pelican.o
                0x00000284                Pelican_ctor
 .text          0x0000058c      0x3e6 dbg\qepn.o
                0x00000598                QHsm_dispatch
                0x0000058c                QP_getVersion
                0x00000592                QHsm_top
                0x00000878                QHsm_init
 .text          0x00000972      0x32a dbg\qfn.o
                0x0000097e                QActive_disarm
                0x00000a96                QActive_post
                0x0000098a                QActive_postISR
                0x00000972                QActive_arm
                0x00000b56                QF_run
                0x00000a46                QF_tick
 .text          0x00000c9c        0x0 c:/tools/gnu/winavr/bin/../lib/gcc/avr/4.1.1/avr5\libgcc.a(_copy_data.o)
 .text          0x00000c9c        0x0 c:/tools/gnu/winavr/bin/../lib/gcc/avr/4.1.1/avr5\libgcc.a(_clear_bss.o)
                0x00000c9c                . = ALIGN (0x2)
 *(.text.*)
 .text.libgcc   0x00000c9c        0x0 c:/tools/gnu/winavr/bin/../lib/gcc/avr/4.1.1/avr5\libgcc.a(_copy_data.o)
 .text.libgcc   0x00000c9c        0x0 c:/tools/gnu/winavr/bin/../lib/gcc/avr/4.1.1/avr5\libgcc.a(_clear_bss.o)
                0x00000c9c                . = ALIGN (0x2)
 *(.fini9)
 *(.fini9)
 *(.fini8)
 *(.fini8)
 *(.fini7)
 *(.fini7)
 *(.fini6)
 *(.fini6)
 *(.fini5)
 *(.fini5)
 *(.fini4)
 *(.fini4)
 *(.fini3)
 *(.fini3)
 *(.fini2)
 *(.fini2)
 *(.fini1)
 *(.fini1)
 *(.fini0)
 *(.fini0)
                0x00000c9c                _etext = .

.data           0x00800100        0x0 load address 0x00000c9c
                0x00800100                PROVIDE (__data_start, .)
 *(.data)
 .data          0x00800100        0x0 c:/tools/gnu/winavr/bin/../lib/gcc/avr/4.1.1/../../../../avr/lib/avr5/crtm169.o
 .data          0x00800100        0x0 dbg\bsp.o
 .data          0x00800100        0x0 dbg\main.o
 .data          0x00800100        0x0 dbg\ped.o
 .data          0x00800100        0x0 dbg\pelican.o
 .data          0x00800100        0x0 dbg\qepn.o
 .data          0x00800100        0x0 dbg\qfn.o
 .data          0x00800100        0x0 c:/tools/gnu/winavr/bin/../lib/gcc/avr/4.1.1/avr5\libgcc.a(_copy_data.o)
 .data          0x00800100        0x0 c:/tools/gnu/winavr/bin/../lib/gcc/avr/4.1.1/avr5\libgcc.a(_clear_bss.o)
 *(.data*)
 *(.rodata)
 *(.rodata*)
 *(.gnu.linkonce.d*)
                0x00800100                . = ALIGN (0x2)
                0x00800100                _edata = .
                0x00800100                PROVIDE (__data_end, .)

.bss            0x00800100       0x23
                0x00800100                PROVIDE (__bss_start, .)
 *(.bss)
 .bss           0x00800100        0x0 c:/tools/gnu/winavr/bin/../lib/gcc/avr/4.1.1/../../../../avr/lib/avr5/crtm169.o
 .bss           0x00800100        0x0 dbg\bsp.o
 .bss           0x00800100        0x6 dbg\main.o
 .bss           0x00800106        0x0 dbg\ped.o
 .bss           0x00800106        0x0 dbg\pelican.o
 .bss           0x00800106        0x0 dbg\qepn.o
 .bss           0x00800106        0x6 dbg\qfn.o
 .bss           0x0080010c        0x0 c:/tools/gnu/winavr/bin/../lib/gcc/avr/4.1.1/avr5\libgcc.a(_copy_data.o)
 .bss           0x0080010c        0x0 c:/tools/gnu/winavr/bin/../lib/gcc/avr/4.1.1/avr5\libgcc.a(_clear_bss.o)
 *(.bss*)
 *(COMMON)
 COMMON         0x0080010c        0xb dbg\ped.o
                0x0080010c                AO_Ped
 COMMON         0x00800117        0xb dbg\pelican.o
                0x00800117                AO_Pelican
 COMMON         0x00800122        0x1 dbg\qfn.o
                0x00800122                QF_readySet_
                0x00800123                PROVIDE (__bss_end, .)
                0x00000c9c                __data_load_start = LOADADDR (.data)
                0x00000c9c                __data_load_end = (__data_load_start + SIZEOF (.data))

.noinit         0x00800123        0x0
                0x00800123                PROVIDE (__noinit_start, .)
 *(.noinit*)
                0x00800123                PROVIDE (__noinit_end, .)
                0x00800123                _end = .
                0x00800123                PROVIDE (__heap_start, .)

.eeprom         0x00810000        0x0
 *(.eeprom*)
                0x00810000                __eeprom_end = .

.stab           0x00000000      0x36c
 *(.stab)
 .stab          0x00000000      0x36c c:/tools/gnu/winavr/bin/../lib/gcc/avr/4.1.1/../../../../avr/lib/avr5/crtm169.o

.stabstr        0x00000000       0x84
 *(.stabstr)
 .stabstr       0x00000000       0x84 c:/tools/gnu/winavr/bin/../lib/gcc/avr/4.1.1/../../../../avr/lib/avr5/crtm169.o

.stab.excl
 *(.stab.excl)

.stab.exclstr
 *(.stab.exclstr)

.stab.index
 *(.stab.index)

.stab.indexstr
 *(.stab.indexstr)

.comment
 *(.comment)

.debug
 *(.debug)

.line
 *(.line)

.debug_srcinfo
 *(.debug_srcinfo)

.debug_sfnames
 *(.debug_sfnames)

.debug_aranges  0x00000000       0xc0
 *(.debug_aranges)
 .debug_aranges
                0x00000000       0x20 dbg\bsp.o
 .debug_aranges
                0x00000020       0x20 dbg\main.o
 .debug_aranges
                0x00000040       0x20 dbg\ped.o
 .debug_aranges
                0x00000060       0x20 dbg\pelican.o
 .debug_aranges
                0x00000080       0x20 dbg\qepn.o
 .debug_aranges
                0x000000a0       0x20 dbg\qfn.o

.debug_pubnames
                0x00000000      0x1db
 *(.debug_pubnames)
 .debug_pubnames
                0x00000000       0x83 dbg\bsp.o
 .debug_pubnames
                0x00000083       0x29 dbg\main.o
 .debug_pubnames
                0x000000ac       0x2a dbg\ped.o
 .debug_pubnames
                0x000000d6       0x32 dbg\pelican.o
 .debug_pubnames
                0x00000108       0x51 dbg\qepn.o
 .debug_pubnames
                0x00000159       0x82 dbg\qfn.o

.debug_info     0x00000000     0x15f0
 *(.debug_info)
 .debug_info    0x00000000      0x1c7 dbg\bsp.o
 .debug_info    0x000001c7      0x2cd dbg\main.o
 .debug_info    0x00000494      0x2c1 dbg\ped.o
 .debug_info    0x00000755      0x428 dbg\pelican.o
 .debug_info    0x00000b7d      0x2f9 dbg\qepn.o
 .debug_info    0x00000e76      0x77a dbg\qfn.o
 *(.gnu.linkonce.wi.*)

.debug_abbrev   0x00000000      0x672
 *(.debug_abbrev)
 .debug_abbrev  0x00000000       0xab dbg\bsp.o
 .debug_abbrev  0x000000ab      0x128 dbg\main.o
 .debug_abbrev  0x000001d3      0x106 dbg\ped.o
 .debug_abbrev  0x000002d9       0xdf dbg\pelican.o
 .debug_abbrev  0x000003b8      0x121 dbg\qepn.o
 .debug_abbrev  0x000004d9      0x199 dbg\qfn.o

.debug_line     0x00000000     0x10ed
 *(.debug_line)
 .debug_line    0x00000000      0x20f dbg\bsp.o
 .debug_line    0x0000020f      0x14b dbg\main.o
 .debug_line    0x0000035a      0x1e4 dbg\ped.o
 .debug_line    0x0000053e      0x445 dbg\pelican.o
 .debug_line    0x00000983      0x41a dbg\qepn.o
 .debug_line    0x00000d9d      0x350 dbg\qfn.o

.debug_frame    0x00000000      0x290
 *(.debug_frame)
 .debug_frame   0x00000000       0x80 dbg\bsp.o
 .debug_frame   0x00000080       0x20 dbg\main.o
 .debug_frame   0x000000a0       0x50 dbg\ped.o
 .debug_frame   0x000000f0       0xe0 dbg\pelican.o
 .debug_frame   0x000001d0       0x50 dbg\qepn.o
 .debug_frame   0x00000220       0x70 dbg\qfn.o

.debug_str      0x00000000      0x4b4
 *(.debug_str)
 .debug_str     0x00000000      0x167 dbg\bsp.o
                                0x1c2 (size before relaxing)
 .debug_str     0x00000167      0x105 dbg\main.o
                                0x1f5 (size before relaxing)
 .debug_str     0x0000026c       0x37 dbg\ped.o
                                0x1dd (size before relaxing)
 .debug_str     0x000002a3      0x10b dbg\pelican.o
                                0x2ab (size before relaxing)
 .debug_str     0x000003ae       0x62 dbg\qepn.o
                                0x1a9 (size before relaxing)
 .debug_str     0x00000410       0xa4 dbg\qfn.o
                                0x259 (size before relaxing)

.debug_loc      0x00000000      0x8a3
 *(.debug_loc)
 .debug_loc     0x00000000       0x18 dbg\bsp.o
 .debug_loc     0x00000018       0x88 dbg\ped.o
 .debug_loc     0x000000a0      0x1a0 dbg\pelican.o
 .debug_loc     0x00000240      0x299 dbg\qepn.o
 .debug_loc     0x000004d9      0x3ca dbg\qfn.o

.debug_macinfo
 *(.debug_macinfo)
OUTPUT(dbg\pelican-butterfly.elf elf32-avr)
LOAD linker stubs

Cross Reference Table

Symbol                                            File
AO_Ped                                            dbg\ped.o
                                                  dbg\main.o
AO_Pelican                                        dbg\pelican.o
                                                  dbg\ped.o
                                                  dbg\main.o
BSP_init                                          dbg\bsp.o
                                                  dbg\main.o
BSP_signalCars                                    dbg\bsp.o
                                                  dbg\pelican.o
BSP_signalPeds                                    dbg\bsp.o
                                                  dbg\pelican.o
Ped_ctor                                          dbg\ped.o
                                                  dbg\main.o
Pelican_ctor                                      dbg\pelican.o
                                                  dbg\main.o
QActive_arm                                       dbg\qfn.o
                                                  dbg\pelican.o
                                                  dbg\ped.o
QActive_disarm                                    dbg\qfn.o
QActive_post                                      dbg\qfn.o
                                                  dbg\ped.o
QActive_postISR                                   dbg\qfn.o
QF_active                                         dbg\main.o
                                                  dbg\qfn.o
QF_onIdle                                         dbg\bsp.o
                                                  dbg\qfn.o
QF_onStartup                                      dbg\bsp.o
                                                  dbg\qfn.o
QF_readySet_                                      dbg\qfn.o
QF_run                                            dbg\qfn.o
                                                  dbg\main.o
QF_tick                                           dbg\qfn.o
                                                  dbg\bsp.o
QHsm_dispatch                                     dbg\qepn.o
                                                  dbg\qfn.o
QHsm_init                                         dbg\qepn.o
                                                  dbg\qfn.o
QHsm_top                                          dbg\qepn.o
                                                  dbg\pelican.o
                                                  dbg\ped.o
QP_getVersion                                     dbg\qepn.o
Q_onAssert                                        dbg\bsp.o
                                                  dbg\qfn.o
                                                  dbg\qepn.o
__bad_interrupt                                   c:/tools/gnu/winavr/bin/../lib/gcc/avr/4.1.1/../../../../avr/lib/avr5/crtm169.o
__bss_end                                         c:/tools/gnu/winavr/bin/../lib/gcc/avr/4.1.1/avr5\libgcc.a(_clear_bss.o)
__bss_start                                       c:/tools/gnu/winavr/bin/../lib/gcc/avr/4.1.1/avr5\libgcc.a(_clear_bss.o)
__data_end                                        c:/tools/gnu/winavr/bin/../lib/gcc/avr/4.1.1/avr5\libgcc.a(_copy_data.o)
__data_load_start                                 c:/tools/gnu/winavr/bin/../lib/gcc/avr/4.1.1/avr5\libgcc.a(_copy_data.o)
__data_start                                      c:/tools/gnu/winavr/bin/../lib/gcc/avr/4.1.1/avr5\libgcc.a(_copy_data.o)
__do_clear_bss                                    c:/tools/gnu/winavr/bin/../lib/gcc/avr/4.1.1/avr5\libgcc.a(_clear_bss.o)
                                                  dbg\qfn.o
                                                  dbg\qepn.o
                                                  dbg\pelican.o
                                                  dbg\ped.o
                                                  dbg\main.o
                                                  dbg\bsp.o
__do_copy_data                                    c:/tools/gnu/winavr/bin/../lib/gcc/avr/4.1.1/avr5\libgcc.a(_copy_data.o)
                                                  dbg\qfn.o
                                                  dbg\qepn.o
                                                  dbg\pelican.o
                                                  dbg\ped.o
                                                  dbg\main.o
                                                  dbg\bsp.o
__heap_end                                        c:/tools/gnu/winavr/bin/../lib/gcc/avr/4.1.1/../../../../avr/lib/avr5/crtm169.o
__init                                            c:/tools/gnu/winavr/bin/../lib/gcc/avr/4.1.1/../../../../avr/lib/avr5/crtm169.o
__stack                                           c:/tools/gnu/winavr/bin/../lib/gcc/avr/4.1.1/../../../../avr/lib/avr5/crtm169.o
__vector_1                                        c:/tools/gnu/winavr/bin/../lib/gcc/avr/4.1.1/../../../../avr/lib/avr5/crtm169.o
__vector_10                                       dbg\bsp.o
                                                  c:/tools/gnu/winavr/bin/../lib/gcc/avr/4.1.1/../../../../avr/lib/avr5/crtm169.o
__vector_11                                       c:/tools/gnu/winavr/bin/../lib/gcc/avr/4.1.1/../../../../avr/lib/avr5/crtm169.o
__vector_12                                       c:/tools/gnu/winavr/bin/../lib/gcc/avr/4.1.1/../../../../avr/lib/avr5/crtm169.o
__vector_13                                       c:/tools/gnu/winavr/bin/../lib/gcc/avr/4.1.1/../../../../avr/lib/avr5/crtm169.o
__vector_14                                       c:/tools/gnu/winavr/bin/../lib/gcc/avr/4.1.1/../../../../avr/lib/avr5/crtm169.o
__vector_15                                       c:/tools/gnu/winavr/bin/../lib/gcc/avr/4.1.1/../../../../avr/lib/avr5/crtm169.o
__vector_16                                       c:/tools/gnu/winavr/bin/../lib/gcc/avr/4.1.1/../../../../avr/lib/avr5/crtm169.o
__vector_17                                       c:/tools/gnu/winavr/bin/../lib/gcc/avr/4.1.1/../../../../avr/lib/avr5/crtm169.o
__vector_18                                       c:/tools/gnu/winavr/bin/../lib/gcc/avr/4.1.1/../../../../avr/lib/avr5/crtm169.o
__vector_19                                       c:/tools/gnu/winavr/bin/../lib/gcc/avr/4.1.1/../../../../avr/lib/avr5/crtm169.o
__vector_2                                        c:/tools/gnu/winavr/bin/../lib/gcc/avr/4.1.1/../../../../avr/lib/avr5/crtm169.o
__vector_20                                       c:/tools/gnu/winavr/bin/../lib/gcc/avr/4.1.1/../../../../avr/lib/avr5/crtm169.o
__vector_21                                       c:/tools/gnu/winavr/bin/../lib/gcc/avr/4.1.1/../../../../avr/lib/avr5/crtm169.o
__vector_22                                       c:/tools/gnu/winavr/bin/../lib/gcc/avr/4.1.1/../../../../avr/lib/avr5/crtm169.o
__vector_3                                        c:/tools/gnu/winavr/bin/../lib/gcc/avr/4.1.1/../../../../avr/lib/avr5/crtm169.o
__vector_4                                        c:/tools/gnu/winavr/bin/../lib/gcc/avr/4.1.1/../../../../avr/lib/avr5/crtm169.o
__vector_5                                        c:/tools/gnu/winavr/bin/../lib/gcc/avr/4.1.1/../../../../avr/lib/avr5/crtm169.o
__vector_6                                        c:/tools/gnu/winavr/bin/../lib/gcc/avr/4.1.1/../../../../avr/lib/avr5/crtm169.o
__vector_7                                        c:/tools/gnu/winavr/bin/../lib/gcc/avr/4.1.1/../../../../avr/lib/avr5/crtm169.o
__vector_8                                        c:/tools/gnu/winavr/bin/../lib/gcc/avr/4.1.1/../../../../avr/lib/avr5/crtm169.o
__vector_9                                        c:/tools/gnu/winavr/bin/../lib/gcc/avr/4.1.1/../../../../avr/lib/avr5/crtm169.o
__vector_default                                  c:/tools/gnu/winavr/bin/../lib/gcc/avr/4.1.1/../../../../avr/lib/avr5/crtm169.o
__vectors                                         c:/tools/gnu/winavr/bin/../lib/gcc/avr/4.1.1/../../../../avr/lib/avr5/crtm169.o
main                                              dbg\main.o
                                                  c:/tools/gnu/winavr/bin/../lib/gcc/avr/4.1.1/../../../../avr/lib/avr5/crtm169.o
