###############################################################################
#                                                                             #
# IAR ELF Linker V5.30.0.51174/W32 for ARM              09/Apr/2009  14:03:02 #
# Copyright 2007-2009 IAR Systems AB.                                         #
#                                                                             #
#    Output file  =  C:\software\qpn\examples\cortex-m3\iar\pelican-ev-lm3s81 #
#                    1\dbg\pelican.out                                        #
#    Map file     =  C:\software\qpn\examples\cortex-m3\iar\pelican-ev-lm3s81 #
#                    1\dbg\pelican.map                                        #
#    Command line =  C:\software\qpn\examples\cortex-m3\iar\pelican-ev-lm3s81 #
#                    1\dbg\bsp.o C:\software\qpn\examples\cortex-m3\iar\pelic #
#                    an-ev-lm3s811\dbg\main.o C:\software\qpn\examples\cortex #
#                    -m3\iar\pelican-ev-lm3s811\dbg\osram96x16x1.o            #
#                    C:\software\qpn\examples\cortex-m3\iar\pelican-ev-lm3s81 #
#                    1\dbg\ped.o C:\software\qpn\examples\cortex-m3\iar\pelic #
#                    an-ev-lm3s811\dbg\pelican.o                              #
#                    C:\software\qpn\examples\cortex-m3\iar\pelican-ev-lm3s81 #
#                    1\dbg\qepn.o C:\software\qpn\examples\cortex-m3\iar\peli #
#                    can-ev-lm3s811\dbg\qfn.o C:\software\qpn\examples\cortex #
#                    -m3\iar\pelican-ev-lm3s811\dbg\startup.o                 #
#                    C:\tools\IAR\ARM_KS_5.30\arm\examples\Luminary\Stellaris #
#                    \driverlib\ewarm\Exe\driverlib.a --redirect              #
#                    _Printf=_PrintfTiny --redirect _Scanf=_ScanfSmall -o     #
#                    C:\software\qpn\examples\cortex-m3\iar\pelican-ev-lm3s81 #
#                    1\dbg\pelican.out --map C:\software\qpn\examples\cortex- #
#                    m3\iar\pelican-ev-lm3s811\dbg\pelican.map --config       #
#                    C:\software\qpn\examples\cortex-m3\iar\pelican-ev-lm3s81 #
#                    1\lm3s811.icf --semihosting --entry __iar_program_start  #
#                                                                             #
#                                                                             #
###############################################################################

*******************************************************************************
*** PLACEMENT SUMMARY
***

"A1":  place at start of [mem:0x0-mem:0xffff] { ro section .intvec };
"P1":  place in [from mem:0x0 to mem:0xffff] { ro };
"P2":  place in [from mem:0x20000000 to mem:0x20001fff] { rw, block HEAP };

  Section          Kind        Address    Size  Object
  -------          ----        -------    ----  ------
"A1":                                     0xb8
  .intvec          const    0x00000000    0xb8  startup.o [1]
                          - 0x000000b8    0xb8

"P1":                                   0x13be
  .text            ro code  0x000000b8   0x294  pelican.o [1]
  .text            ro code  0x0000034c   0x254  sysctl.o [4]
  .text            ro code  0x000005a0   0x228  osram96x16x1.o [1]
  .text            ro code  0x000007c8   0x1fa  qepn.o [1]
  .rodata          const    0x000009c4   0x1dc  osram96x16x1.o [1]
  .text            ro code  0x00000ba0   0x1ce  qfn.o [1]
  .text            ro code  0x00000d70   0x138  bsp.o [1]
  .text            ro code  0x00000ea8    0xfc  gpio.o [4]
  .text            ro code  0x00000fa4    0xd8  ped.o [1]
  .text            ro code  0x0000107c    0x90  interrupt.o [4]
  .rodata          const    0x0000110c    0x74  osram96x16x1.o [1]
  .text            ro code  0x00001180    0x5e  i2c.o [4]
  .rodata          const    0x000011e0    0x5c  sysctl.o [4]
  .rodata          const    0x0000123c    0x40  interrupt.o [4]
  .rodata          const    0x0000127c    0x2c  qfn.o [1]
  .text            ro code  0x000012a8    0x28  systick.o [4]
  .rodata          const    0x000012d0    0x24  bsp.o [1]
  .rodata          const    0x000012f4    0x24  main.o [1]
  .iar.init_table  const    0x00001318    0x10  - Linker created -
  .text            ro code  0x00001328    0x1c  data_init2.o [5]
  .text            ro code  0x00001344    0x1a  zero_init2.o [5]
  .text            ro code  0x00001360    0x18  cmain.o [5]
  .text            ro code  0x00001378    0x18  iarwstd.o [6]
  .text            ro code  0x00001390    0x16  main.o [1]
  .rodata          const    0x000013a8    0x14  pelican.o [1]
  .rodata          const    0x000013bc    0x14  pelican.o [1]
  .rodata          const    0x000013d0    0x14  pelican.o [1]
  .rodata          const    0x000013e4    0x14  pelican.o [1]
  .rodata          const    0x000013f8    0x14  pelican.o [1]
  .rodata          const    0x0000140c    0x14  pelican.o [1]
  .text            ro code  0x00001420    0x14  exit.o [6]
  .rodata          const    0x00001434    0x10  osram96x16x1.o [1]
  .rodata          const    0x00001444     0xc  sysctl.o [4]
  .text            ro code  0x00001450     0xa  cexit.o [5]
  .rodata          const    0x0000145c     0x8  ped.o [1]
  .rodata          const    0x00001464     0x8  qepn.o [1]
  .text            ro code  0x0000146c     0x6  exit.o [3]
  .text            ro code  0x00001472     0x4  low_level_init.o [3]
                          - 0x00001476  0x13be

"P2", part 1 of 2:                       0x190
  .noinit          uninit   0x20000000   0x190  startup.o [1]
                          - 0x20000190   0x190

"P2", part 2 of 2:                        0x5c
  .bss             zero     0x20000190    0x18  ped.o [1]
  .bss             zero     0x200001a8    0x18  pelican.o [1]
  .bss             zero     0x200001c0    0x10  main.o [1]
  .bss             zero     0x200001d0     0x8  main.o [1]
  .bss             zero     0x200001d8     0x8  qfn.o [1]
  .bss             zero     0x200001e0     0x4  osram96x16x1.o [1]
  .bss             zero     0x200001e4     0x4  iarwstd.o [6]
  .bss             zero     0x200001e8     0x1  qfn.o [1]
                          - 0x200001e9    0x59


*******************************************************************************
*** INIT TABLE
***

          Address     Size
          -------     ----
Zero (__iar_zero_init2)
    1 destination range, total size 0x59:
          0x20000190  0x59


*******************************************************************************
*** MODULE SUMMARY
***

    Module            ro code  ro data  rw data
    ------            -------  -------  -------
C:\software\qpn\examples\cortex-m3\iar\pelican-ev-lm3s811\dbg: [1]
    bsp.o                 312       36
    main.o                 22       36       24
    osram96x16x1.o        552      608        4
    ped.o                 216        8       24
    pelican.o             660      120       24
    qepn.o                506        8
    qfn.o                 462       44        9
    startup.o                      184      400
    -------------------------------------------
    Total:              2 730    1 044      485

command line: [2]
    -------------------------------------------
    Total:

dl7M_tl_in.a: [3]
    exit.o                  6
    low_level_init.o        4
    -------------------------------------------
    Total:                 10

driverlib.a: [4]
    gpio.o                252
    i2c.o                  94
    interrupt.o           144       64
    sysctl.o              596      104
    systick.o              40
    -------------------------------------------
    Total:              1 126      168

rt7M_tl.a: [5]
    cexit.o                10
    cmain.o                24
    data_init2.o           28
    zero_init2.o           26
    -------------------------------------------
    Total:                 88

shb_l.a: [6]
    exit.o                 20
    iarwstd.o              24                 4
    -------------------------------------------
    Total:                 44                 4

    Gaps                    4        8
    Linker created                  16
-----------------------------------------------
    Grand Total:        4 002    1 236      489


*******************************************************************************
*** ENTRY LIST
***

Entry                      Address   Size  Type      Object
-----                      -------   ----  ----      ------
AO_Ped                  0x20000190   0x18  Data  Gb  ped.o [1]
AO_Pelican              0x200001a8   0x18  Data  Gb  pelican.o [1]
BSP_init                0x00000d7d   0x3c  Code  Gb  bsp.o [1]
BSP_showState           0x00000e81   0x28  Code  Gb  bsp.o [1]
BSP_signalCars          0x00000e15   0x40  Code  Gb  bsp.o [1]
BSP_signalPeds          0x00000e55   0x2c  Code  Gb  bsp.o [1]
GPIODirModeSet          0x00000ea9   0x2c  Code  Gb  gpio.o [4]
GPIOPadConfigSet        0x00000ed5   0xa8  Code  Gb  gpio.o [4]
GPIOPinTypeI2C          0x00000f83    0xa  Code  Gb  gpio.o [4]
GPIOPinWrite            0x00000f7d    0x6  Code  Gb  gpio.o [4]
I2CMasterControl        0x000011d7    0x4  Code  Gb  i2c.o [4]
I2CMasterDataPut        0x000011db    0x4  Code  Gb  i2c.o [4]
I2CMasterEnable         0x000011b1    0xc  Code  Gb  i2c.o [4]
I2CMasterInitExpClk     0x00001181   0x30  Code  Gb  i2c.o [4]
I2CMasterIntStatus      0x000011bd    0x8  Code  Gb  i2c.o [4]
I2CMasterSlaveAddrSet   0x000011cd    0x8  Code  Gb  i2c.o [4]
ISR_DefaultHandler      0x00000d79    0x2  Code  Gb  bsp.o [1]
ISR_Fault               0x00000d77    0x2  Code  Gb  bsp.o [1]
ISR_Nmi                 0x00000d75    0x2  Code  Gb  bsp.o [1]
ISR_SysTick             0x00000d71    0x4  Code  Gb  bsp.o [1]
IntEnable               0x000010a5   0x4c  Code  Gb  interrupt.o [4]
IntPrioritySet          0x0000107d   0x24  Code  Gb  interrupt.o [4]
OSRAM96x16x1Clear       0x0000065d   0x48  Code  Gb  osram96x16x1.o [1]
OSRAM96x16x1Init        0x0000074d   0x68  Code  Gb  osram96x16x1.o [1]
OSRAM96x16x1StringDraw  0x000006a5   0x8c  Code  Gb  osram96x16x1.o [1]
OSRAM96x16x1WriteArray  0x000005e9   0x38  Code  Lc  osram96x16x1.o [1]
OSRAM96x16x1WriteByte   0x000005c3   0x1e  Code  Lc  osram96x16x1.o [1]
OSRAM96x16x1WriteFinal  0x00000621   0x34  Code  Lc  osram96x16x1.o [1]
OSRAM96x16x1WriteFirst  0x000005a1   0x18  Code  Lc  osram96x16x1.o [1]
Ped_ctor                0x00000fa5   0x10  Code  Gb  ped.o [1]
Ped_initial             0x00000fb5    0x8  Code  Lc  ped.o [1]
Ped_off                 0x00001021   0x50  Code  Lc  ped.o [1]
Ped_wait                0x00000fbd   0x58  Code  Lc  ped.o [1]
Pelican_carsEnabled     0x00000107   0x18  Code  Lc  pelican.o [1]
Pelican_carsGreen       0x00000139   0x28  Code  Lc  pelican.o [1]
Pelican_carsGreenInt    0x000001c5   0x1c  Code  Lc  pelican.o [1]
Pelican_carsGreenNoPed  0x0000016d   0x30  Code  Lc  pelican.o [1]
Pelican_carsGreenPedWait
                        0x000001a9   0x1c  Code  Lc  pelican.o [1]
Pelican_carsYellow      0x000001e5   0x30  Code  Lc  pelican.o [1]
Pelican_ctor            0x000000b9   0x10  Code  Gb  pelican.o [1]
Pelican_initial         0x000000c9    0x8  Code  Lc  pelican.o [1]
Pelican_offline         0x000002e1   0x64  Code  Lc  pelican.o [1]
Pelican_operational     0x000000d1   0x2c  Code  Lc  pelican.o [1]
Pelican_pedsEnabled     0x00000231   0x1c  Code  Lc  pelican.o [1]
Pelican_pedsFlash       0x00000289   0x4a  Code  Lc  pelican.o [1]
Pelican_pedsWalk        0x0000024d   0x2c  Code  Lc  pelican.o [1]
QActive_arm             0x00000c99    0x4  Code  Gb  qfn.o [1]
QActive_post            0x00000ba1   0x24  Code  Gb  qfn.o [1]
QActive_postISR         0x00000bcb   0x24  Code  Gb  qfn.o [1]
QF_active               0x000012f4   0x24  Data  Gb  main.o [1]
QF_onIdle               0x00000deb   0x16  Code  Gb  bsp.o [1]
QF_onStartup            0x00000db9   0x32  Code  Gb  bsp.o [1]
QF_readySet_            0x200001d8    0x1  Data  Gb  qfn.o [1]
QF_run                  0x00000ca3   0xb0  Code  Gb  qfn.o [1]
QF_tick                 0x00000c61   0x38  Code  Gb  qfn.o [1]
QHsm_dispatch           0x0000084f  0x166  Code  Gb  qepn.o [1]
QHsm_init               0x000007cd   0x78  Code  Gb  qepn.o [1]
QHsm_top                0x000007c9    0x4  Code  Gb  qepn.o [1]
Q_onAssert              0x00000e0f    0x4  Code  Gb  bsp.o [1]
Region$$Table$$Base     0x00001318          --   Gb  - Linker created -
Region$$Table$$Limit    0x00001328          --   Gb  - Linker created -
SysCtlClockGet          0x0000048d  0x10c  Code  Gb  sysctl.o [4]
SysCtlClockSet          0x0000037d  0x110  Code  Gb  sysctl.o [4]
SysCtlDelay             0x00000373    0x8  Code  Gb  sysctl.o [4]
SysCtlPeripheralEnable  0x0000034d    0x6  Code  Gb  sysctl.o [4]
SysTickEnable           0x000012a9    0xc  Code  Gb  systick.o [4]
SysTickIntEnable        0x000012b5    0xc  Code  Gb  systick.o [4]
SysTickPeriodSet        0x000012c5    0x8  Code  Gb  systick.o [4]
__exit                  0x00001421   0x14  Code  Gb  exit.o [6]
__iar_data_init2        0x00001329   0x1c  Code  Gb  data_init2.o [5]
__iar_program_start     0x00001361         Code  Gb  cmain.o [5]
__iar_sh_stdout_close   0x00001379   0x14  Code  Gb  iarwstd.o [6]
__iar_sh_stdout_handle  0x200001e4    0x4  Data  Lc  iarwstd.o [6]
__iar_zero_init2        0x00001345   0x1a  Code  Gb  zero_init2.o [5]
__low_level_init        0x00001473    0x4  Code  Gb  low_level_init.o [3]
__vector_table          0x00000000   0xb8  Data  Gb  startup.o [1]
_exit                   0x00001451         Code  Gb  cexit.o [5]
_main                   0x00001373         Code  Gb  cmain.o [5]
exit                    0x0000146d    0x6  Code  Gb  exit.o [3]
g_pucFont               0x000009c4  0x1dc  Data  Lc  osram96x16x1.o [1]
g_pucOSRAMInit          0x0000110c   0x74  Data  Lc  osram96x16x1.o [1]
g_pulRCGCRegs           0x00001444    0xc  Data  Lc  sysctl.o [4]
g_pulRegs               0x0000123c   0x40  Data  Lc  interrupt.o [4]
g_pulXtals              0x000011e0   0x5c  Data  Lc  sysctl.o [4]
g_ulDelay               0x200001e0    0x4  Data  Lc  osram96x16x1.o [1]
l_pedQueue              0x200001d0    0x8  Data  Lc  main.o [1]
l_pelicanQueue          0x200001c0   0x10  Data  Lc  main.o [1]
l_pow2Lkup              0x0000127c    0xc  Data  Lc  qfn.o [1]
l_this_file             0x00001464    0x8  Data  Lc  qepn.o [1]
l_this_file             0x000012a4    0x4  Data  Lc  qfn.o [1]
main                    0x00001391   0x16  Code  Gb  main.o [1]
stack                   0x20000000  0x190  Data  Lc  startup.o [1]


[1] = C:\software\qpn\examples\cortex-m3\iar\pelican-ev-lm3s811\dbg
[2] = command line
[3] = dl7M_tl_in.a
[4] = driverlib.a
[5] = rt7M_tl.a
[6] = shb_l.a

  4 002 bytes of readonly  code memory
  1 236 bytes of readonly  data memory
    489 bytes of readwrite data memory

Errors: none
Warnings: none
