################################################################################
#                                                                              #
#      IAR Universal Linker V4.60K/386                                         #
#                                                                              #
#           Link time     =  09/Apr/2009  14:03:27                             #
#           Target CPU    =  MSP430                                            #
#           List file     =  C:\software\qpn\examples\msp430\iar\pelican-eZ430 #
#                            \dbg\pelican.map                                  #
#           Output file 1 =  C:\software\qpn\examples\msp430\iar\pelican-eZ430 #
#                            \dbg\pelican.d43                                  #
#                            Format: debug                                     #
#                            UBROF version 10.0.2                              #
#           Command line  =  C:\software\qpn\examples\msp430\iar\pelican-eZ430 #
#                            \dbg\bsp.r43                                      #
#                            C:\software\qpn\examples\msp430\iar\pelican-eZ430 #
#                            \dbg\main.r43                                     #
#                            C:\software\qpn\examples\msp430\iar\pelican-eZ430 #
#                            \dbg\ped.r43                                      #
#                            C:\software\qpn\examples\msp430\iar\pelican-eZ430 #
#                            \dbg\pelican.r43                                  #
#                            C:\software\qpn\examples\msp430\iar\pelican-eZ430 #
#                            \dbg\qepn.r43                                     #
#                            C:\software\qpn\examples\msp430\iar\pelican-eZ430 #
#                            \dbg\qfn.r43                                      #
#                            -o                                                #
#                            C:\software\qpn\examples\msp430\iar\pelican-eZ430 #
#                            \dbg\pelican.d43                                  #
#                            -l                                                #
#                            C:\software\qpn\examples\msp430\iar\pelican-eZ430 #
#                            \dbg\pelican.map                                  #
#                            -xmsnio -IC:\tools\IAR\430_KS_4.10A\430\LIB\ -f   #
#                            C:\tools\IAR\430_KS_4.10A\430\CONFIG\lnk430F2013. #
#                            xcl                                               #
#                            (-cmsp430                                         #
#                            -Z(DATA)DATA16_I,DATA16_Z,DATA16_N,DATA16_HEAP+_D #
#                            ATA16_HEAP_SIZE=0200-027F                         #
#                            -Z(DATA)CSTACK+_STACK_SIZE#                       #
#                            -Z(CODE)INFO=1000-10FF -Z(CODE)INFOA=10C0-10FF    #
#                            -Z(CODE)INFOB=1080-10BF -Z(CODE)INFOC=1040-107F   #
#                            -Z(CODE)INFOD=1000-103F                           #
#                            -Z(CONST)DATA16_C,DATA16_ID,DIFUNCT=F800-FFDF     #
#                            -Z(CONST)DATA20_C,DATA20_ID=F800-FFDF             #
#                            -Z(CODE)CSTART,ISR_CODE=F800-FFDF                 #
#                            -P(CODE)CODE=F800-FFDF -Z(CODE)INTVEC=FFE0-FFFF   #
#                            -Z(CODE)RESET=FFFE-FFFF) -D_STACK_SIZE=40         #
#                            -Fubrof                                           #
#                            C:\tools\IAR\430_KS_4.10A\430\LIB\DLIB\dl430fn.r4 #
#                            3                                                 #
#                            -e_PrintfTiny=_Printf -e_ScanfSmall=_Scanf        #
#                            -D_DATA16_HEAP_SIZE=0 -s __program_start          #
#                            -D_DATA20_HEAP_SIZE=50                            #
#                                                                              #
#                        Copyright 1987-2007 IAR Systems. All rights reserved. #
################################################################################





                ****************************************
                *                                      *
                *           CROSS REFERENCE            *
                *                                      *
                ****************************************

       Program entry at :           F83E  Relocatable, from module : ?cstart




                ****************************************
                *                                      *
                *            RUNTIME MODEL             *
                *                                      *
                ****************************************

  __core                 = 430
  __dlib_file_descriptor = 0
  __double_size          = 32
  __pic                  = no
  __reg_r4               = free
  __reg_r5               = free
  __rt_version           = 3



                ****************************************
                *                                      *
                *              MODULE MAP              *
                *                                      *
                ****************************************


  DEFINED ABSOLUTE ENTRIES
    *************************************************************************

  DEFINED ABSOLUTE ENTRIES
  PROGRAM MODULE, NAME : ?ABS_ENTRY_MOD

Absolute parts
           ENTRY                   ADDRESS         REF BY
           =====                   =======         ======
           _DATA20_HEAP_SIZE       0050 
           _DATA16_HEAP_SIZE       0000 
           _STACK_SIZE             0040 
    *************************************************************************

  FILE NAME : C:\software\qpn\examples\msp430\iar\pelican-eZ430\dbg\bsp.r43
  PROGRAM MODULE, NAME : bsp

  SEGMENTS IN THE MODULE
  ======================
DATA16_AN
  Relative segment, address: 0021 - 0021 (0x1 bytes), align: 0
  Segment part 1.             Intra module refs:   BSP_signalPeds
           ENTRY                   ADDRESS         REF BY
           =====                   =======         ======
           P1OUT                   0021 
    -------------------------------------------------------------------------
DATA16_AN
  Relative segment, address: 0022 - 0022 (0x1 bytes), align: 0
  Segment part 2.             Intra module refs:   BSP_init
           ENTRY                   ADDRESS         REF BY
           =====                   =======         ======
           P1DIR                   0022 
    -------------------------------------------------------------------------
DATA16_AN
  Relative segment, address: 0160 - 0161 (0x2 bytes), align: 0
  Segment part 3.             Intra module refs:   BSP_init
           ENTRY                   ADDRESS         REF BY
           =====                   =======         ======
           TACTL                   0160 
    -------------------------------------------------------------------------
DATA16_AN
  Relative segment, address: 0162 - 0163 (0x2 bytes), align: 0
  Segment part 4.             Intra module refs:   QF_onStartup
           ENTRY                   ADDRESS         REF BY
           =====                   =======         ======
           TACCTL0                 0162 
    -------------------------------------------------------------------------
DATA16_AN
  Relative segment, address: 0172 - 0173 (0x2 bytes), align: 0
  Segment part 5.             Intra module refs:   BSP_init
           ENTRY                   ADDRESS         REF BY
           =====                   =======         ======
           TACCR0                  0172 
    -------------------------------------------------------------------------
DATA16_AN
  Relative segment, address: 0120 - 0121 (0x2 bytes), align: 0
  Segment part 6.             Intra module refs:   BSP_init
           ENTRY                   ADDRESS         REF BY
           =====                   =======         ======
           WDTCTL                  0120 
    -------------------------------------------------------------------------
<CODE> 1 (was CODE)
  Relative segment, address: FE46 - FE61 (0x1c bytes), align: 1
  Segment part 14.            Intra module refs:   timerA_ISR::??INTVEC 18
           ENTRY                   ADDRESS         REF BY
           =====                   =======         ======
           timerA_ISR              FE46 
               interrupt function
               calls direct
               stack 1 = 00000000 ( 0000000C )
    -------------------------------------------------------------------------
<CODE> 1 (was CODE)
  Relative segment, address: FE7A - FE91 (0x18 bytes), align: 1
  Segment part 13.
           ENTRY                   ADDRESS         REF BY
           =====                   =======         ======
           BSP_init                FE7A            main (main)
               stack 1 = 00000000 ( 00000002 )
    -------------------------------------------------------------------------
<CODE> 1 (was CODE)
  Relative segment, address: FF8A - FF91 (0x8 bytes), align: 1
  Segment part 12.
           ENTRY                   ADDRESS         REF BY
           =====                   =======         ======
           QF_onStartup            FF8A            QF_run (qfn)
               stack 1 = 00000000 ( 00000002 )
    -------------------------------------------------------------------------
<CODE> 1 (was CODE)
  Relative segment, address: FF92 - FF97 (0x6 bytes), align: 1
  Segment part 11.
           ENTRY                   ADDRESS         REF BY
           =====                   =======         ======
           QF_onIdle               FF92            QF_run (qfn)
               stack 1 = 00000000 ( 00000002 )
    -------------------------------------------------------------------------
<CODE> 1 (was CODE)
  Relative segment, address: FF98 - FF9D (0x6 bytes), align: 1
  Segment part 10.
           ENTRY                   ADDRESS         REF BY
           =====                   =======         ======
           Q_onAssert              FF98            ?Subroutine3 (qfn)
                                                   ?Subroutine4 (qepn)
               stack 1 = 00000000 ( 00000002 )
    -------------------------------------------------------------------------
<CODE> 1 (was CODE)
  Relative segment, address: FED8 - FEE7 (0x10 bytes), align: 1
  Segment part 9.
           ENTRY                   ADDRESS         REF BY
           =====                   =======         ======
           BSP_signalPeds          FED8            ?Subroutine1 (pelican)
                                                   ?Subroutine6 (pelican)
               stack 1 = 00000000 ( 00000002 )
    -------------------------------------------------------------------------
INTVEC
  Common segment, address: FFE0 - FFF3 (0x14 bytes), align: 1
  Segment part 7. ROOT.
           ENTRY                   ADDRESS         REF BY
           =====                   =======         ======
           timerA_ISR::??INTVEC 18
                                   FFF2 
    -------------------------------------------------------------------------
CSTACK
  Segment part 8. NOT NEEDED.
    -------------------------------------------------------------------------
CODE
  Segment part 15. NOT NEEDED.
           ENTRY                   ADDRESS         REF BY
           =====                   =======         ======
           ?setjmp_save_r4         
    -------------------------------------------------------------------------
CODE
  Segment part 16. NOT NEEDED.
           ENTRY                   ADDRESS         REF BY
           =====                   =======         ======
           ?setjmp_save_r5         

    *************************************************************************

  FILE NAME : C:\software\qpn\examples\msp430\iar\pelican-eZ430\dbg\main.r43
  PROGRAM MODULE, NAME : main

  SEGMENTS IN THE MODULE
  ======================
DATA16_Z
  Relative segment, address: 021C - 021D (0x2 bytes), align: 0
  Segment part 2.             Intra module refs:   QF_active
           LOCAL                   ADDRESS         
           =====                   =======         
           l_pelicanQueue          021C 
    -------------------------------------------------------------------------
DATA16_Z
  Relative segment, address: 021E - 021E (0x1 bytes), align: 0
  Segment part 3.             Intra module refs:   QF_active
           LOCAL                   ADDRESS         
           =====                   =======         
           l_pedQueue              021E 
    -------------------------------------------------------------------------
DATA16_C
  Relative segment, address: F800 - F811 (0x12 bytes), align: 1
  Segment part 4.
           ENTRY                   ADDRESS         REF BY
           =====                   =======         ======
           QF_active               F800            ?Subroutine0 (qfn)
                                                   ?Subroutine4 (qfn)
                                                   ?Subroutine5 (qfn)
                                                   QF_run (qfn)
    -------------------------------------------------------------------------
<CODE> 1 (was CODE)
  Relative segment, address: FEE8 - FEF7 (0x10 bytes), align: 1
  Segment part 5.
           ENTRY                   ADDRESS         REF BY
           =====                   =======         ======
           main                    FEE8            Segment part 11 (?cstart)
               calls direct
               stack 1 = 00000000 ( 00000002 )
    -------------------------------------------------------------------------
CSTACK
  Segment part 1. NOT NEEDED.
    -------------------------------------------------------------------------
CODE
  Segment part 6. TENTATIVE. Used definition from bsp
           ENTRY                   ADDRESS         REF BY
           =====                   =======         ======
           ?setjmp_save_r4         
    -------------------------------------------------------------------------
CODE
  Segment part 7. TENTATIVE. Used definition from bsp
           ENTRY                   ADDRESS         REF BY
           =====                   =======         ======
           ?setjmp_save_r5         

    *************************************************************************

  FILE NAME : C:\software\qpn\examples\msp430\iar\pelican-eZ430\dbg\ped.r43
  PROGRAM MODULE, NAME : ped

  SEGMENTS IN THE MODULE
  ======================
DATA16_Z
  Relative segment, address: 0200 - 020B (0xc bytes), align: 1
  Segment part 2.             Intra module refs:   Ped_ctor
           ENTRY                   ADDRESS         REF BY
           =====                   =======         ======
           AO_Ped                  0200            QF_active (main)
    -------------------------------------------------------------------------
<CODE> 1 (was CODE)
  Relative segment, address: FF7A - FF81 (0x8 bytes), align: 1
  Segment part 7.
           ENTRY                   ADDRESS         REF BY
           =====                   =======         ======
           Ped_ctor                FF7A            main (main)
               stack 1 = 00000000 ( 00000002 )
    -------------------------------------------------------------------------
<CODE> 1 (was CODE)
  Relative segment, address: FF46 - FF4F (0xa bytes), align: 1
  Segment part 6.             Intra module refs:   Ped_ctor
           LOCAL                   ADDRESS         
           =====                   =======         
           Ped_initial             FF46 
               stack 1 = 00000000 ( 00000002 )
    -------------------------------------------------------------------------
<CODE> 1 (was CODE)
  Relative segment, address: FC5C - FCA9 (0x4e bytes), align: 1
  Segment part 4.             Intra module refs:   Ped_initial
                                                   Ped_off
           LOCAL                   ADDRESS         
           =====                   =======         
           Ped_wait                FC5C 
               calls direct
               stack 1 = 00000000 ( 00000002 )
    -------------------------------------------------------------------------
<CODE> 1 (was CODE)
  Relative segment, address: FF6A - FF71 (0x8 bytes), align: 1
  Segment part 5.             Intra module refs:   Ped_off
                                                   Ped_wait
           LOCAL                   ADDRESS         
           =====                   =======         
           ?Subroutine0            FF6A 
    -------------------------------------------------------------------------
<CODE> 1 (was CODE)
  Relative segment, address: FD40 - FD85 (0x46 bytes), align: 1
  Segment part 3.             Intra module refs:   Ped_wait
           LOCAL                   ADDRESS         
           =====                   =======         
           Ped_off                 FD40 
               calls direct
               stack 1 = 00000000 ( 00000004 )
    -------------------------------------------------------------------------
CSTACK
  Segment part 1. NOT NEEDED.
    -------------------------------------------------------------------------
CODE
  Segment part 8. TENTATIVE. Used definition from bsp
           ENTRY                   ADDRESS         REF BY
           =====                   =======         ======
           ?setjmp_save_r4         
    -------------------------------------------------------------------------
CODE
  Segment part 9. TENTATIVE. Used definition from bsp
           ENTRY                   ADDRESS         REF BY
           =====                   =======         ======
           ?setjmp_save_r5         

    *************************************************************************

  FILE NAME : C:\software\qpn\examples\msp430\iar\pelican-eZ430\dbg\pelican.r43
  PROGRAM MODULE, NAME : pelican

  SEGMENTS IN THE MODULE
  ======================
DATA16_Z
  Relative segment, address: 020C - 0217 (0xc bytes), align: 1
  Segment part 2.             Intra module refs:   Pelican_ctor
           ENTRY                   ADDRESS         REF BY
           =====                   =======         ======
           AO_Pelican              020C            ?Subroutine0 (ped)
                                                   QF_active (main)
    -------------------------------------------------------------------------
<CODE> 1 (was CODE)
  Relative segment, address: FF82 - FF89 (0x8 bytes), align: 1
  Segment part 22.
           ENTRY                   ADDRESS         REF BY
           =====                   =======         ======
           Pelican_ctor            FF82            main (main)
               stack 1 = 00000000 ( 00000002 )
    -------------------------------------------------------------------------
<CODE> 1 (was CODE)
  Relative segment, address: FF50 - FF59 (0xa bytes), align: 1
  Segment part 21.            Intra module refs:   Pelican_ctor
           LOCAL                   ADDRESS         
           =====                   =======         
           Pelican_initial         FF50 
               stack 1 = 00000000 ( 00000002 )
    -------------------------------------------------------------------------
<CODE> 1 (was CODE)
  Relative segment, address: F9BE - F9E7 (0x2a bytes), align: 1
  Segment part 6.             Intra module refs:   Pelican_pedsEnabled
           LOCAL                   ADDRESS         
           =====                   =======         
           Pelican_pedsWalk        F9BE 
               calls direct
               stack 1 = 00000000 ( 00000002 )
    -------------------------------------------------------------------------
<CODE> 1 (was CODE)
  Relative segment, address: F9E8 - FA03 (0x1c bytes), align: 1
  Segment part 7.             Intra module refs:   Pelican_carsYellow
                                                   Pelican_pedsFlash
                                                   Pelican_pedsWalk
           LOCAL                   ADDRESS         
           =====                   =======         
           Pelican_pedsEnabled     F9E8 
               calls direct
               stack 1 = 00000000 ( 00000002 )
    -------------------------------------------------------------------------
<CODE> 1 (was CODE)
  Relative segment, address: FA04 - FA0D (0xa bytes), align: 1
  Segment part 8.             Intra module refs:   Pelican_operational
                                                   Pelican_pedsEnabled
                                                   Pelican_pedsWalk
           LOCAL                   ADDRESS         
           =====                   =======         
           ?Subroutine1            FA04 
    -------------------------------------------------------------------------
<CODE> 1 (was CODE)
  Relative segment, address: FA0E - FA2F (0x22 bytes), align: 1
  Segment part 9.             Intra module refs:   ?Subroutine2
           LOCAL                   ADDRESS         
           =====                   =======         
           Pelican_carsYellow      FA0E 
               stack 1 = 00000000 ( 00000002 )
    -------------------------------------------------------------------------
<CODE> 1 (was CODE)
  Relative segment, address: FA30 - FA37 (0x8 bytes), align: 1
  Segment part 10.            Intra module refs:   Pelican_carsGreen
                                                   Pelican_carsYellow
           LOCAL                   ADDRESS         
           =====                   =======         
           ?Subroutine3            FA30 
    -------------------------------------------------------------------------
<CODE> 1 (was CODE)
  Relative segment, address: FA38 - FA49 (0x12 bytes), align: 1
  Segment part 11.            Intra module refs:   Pelican_carsGreenNoPed
           LOCAL                   ADDRESS         
           =====                   =======         
           Pelican_carsGreenInt    FA38 
               stack 1 = 00000000 ( 00000002 )
    -------------------------------------------------------------------------
<CODE> 1 (was CODE)
  Relative segment, address: FA4A - FA51 (0x8 bytes), align: 1
  Segment part 12.            Intra module refs:   Pelican_carsGreenInt
                                                   Pelican_carsGreenNoPed
                                                   Pelican_carsGreenPedWait
           LOCAL                   ADDRESS         
           =====                   =======         
           ?Subroutine4            FA4A 
    -------------------------------------------------------------------------
<CODE> 1 (was CODE)
  Relative segment, address: FA52 - FA5B (0xa bytes), align: 1
  Segment part 13.            Intra module refs:   Pelican_carsGreenInt
                                                   Pelican_carsGreenPedWait
           LOCAL                   ADDRESS         
           =====                   =======         
           ?Subroutine2            FA52 
    -------------------------------------------------------------------------
<CODE> 1 (was CODE)
  Relative segment, address: FA5C - FA67 (0xc bytes), align: 1
  Segment part 14.            Intra module refs:   ?Subroutine3
                                                   ?Subroutine4
                                                   Pelican_carsEnabled
                                                   Pelican_operational
                                                   Pelican_pedsEnabled
                                                   Pelican_pedsWalk
           LOCAL                   ADDRESS         
           =====                   =======         
           ?Subroutine0            FA5C 
    -------------------------------------------------------------------------
<CODE> 1 (was CODE)
  Relative segment, address: FA68 - FA7D (0x16 bytes), align: 1
  Segment part 15.            Intra module refs:   Pelican_carsGreenNoPed
           LOCAL                   ADDRESS         
           =====                   =======         
           Pelican_carsGreenPedWait
                                   FA68 
               stack 1 = 00000000 ( 00000002 )
    -------------------------------------------------------------------------
<CODE> 1 (was CODE)
  Relative segment, address: FA7E - FAA9 (0x2c bytes), align: 1
  Segment part 16.            Intra module refs:   Pelican_carsGreen
           LOCAL                   ADDRESS         
           =====                   =======         
           Pelican_carsGreenNoPed
                                   FA7E 
               stack 1 = 00000000 ( 00000002 )
    -------------------------------------------------------------------------
<CODE> 1 (was CODE)
  Relative segment, address: FAAA - FAB3 (0xa bytes), align: 1
  Segment part 17.            Intra module refs:   Pelican_carsGreen
                                                   Pelican_carsGreenInt
                                                   Pelican_carsGreenNoPed
                                                   Pelican_carsGreenPedWait
                                                   Pelican_carsYellow
                                                   Pelican_offline
                                                   Pelican_operational
                                                   Pelican_pedsFlash
                                                   Pelican_pedsWalk
           LOCAL                   ADDRESS         
           =====                   =======         
           ?Subroutine5            FAAA 
    -------------------------------------------------------------------------
<CODE> 1 (was CODE)
  Relative segment, address: FAB4 - FAD5 (0x22 bytes), align: 1
  Segment part 18.            Intra module refs:   ?Subroutine4
                                                   Pelican_carsEnabled
           LOCAL                   ADDRESS         
           =====                   =======         
           Pelican_carsGreen       FAB4 
               stack 1 = 00000000 ( 00000002 )
    -------------------------------------------------------------------------
<CODE> 1 (was CODE)
  Relative segment, address: FAD6 - FAF3 (0x1e bytes), align: 1
  Segment part 19.            Intra module refs:   ?Subroutine3
                                                   Pelican_operational
                                                   Pelican_pedsFlash
           LOCAL                   ADDRESS         
           =====                   =======         
           Pelican_carsEnabled     FAD6 
               stack 1 = 00000000 ( 00000002 )
    -------------------------------------------------------------------------
<CODE> 1 (was CODE)
  Relative segment, address: FAF4 - FB23 (0x30 bytes), align: 1
  Segment part 20.            Intra module refs:   ?Subroutine0
                                                   Pelican_initial
                                                   Pelican_offline
           LOCAL                   ADDRESS         
           =====                   =======         
           Pelican_operational     FAF4 
               calls direct
               stack 1 = 00000000 ( 00000002 )
    -------------------------------------------------------------------------
<CODE> 1 (was CODE)
  Relative segment, address: FCF6 - FD3F (0x4a bytes), align: 1
  Segment part 4.             Intra module refs:   Pelican_pedsWalk
           LOCAL                   ADDRESS         
           =====                   =======         
           Pelican_pedsFlash       FCF6 
               calls direct
               stack 1 = 00000000 ( 00000004 )
    -------------------------------------------------------------------------
<CODE> 1 (was CODE)
  Relative segment, address: FEC8 - FED7 (0x10 bytes), align: 1
  Segment part 5.             Intra module refs:   Pelican_offline
                                                   Pelican_pedsFlash
           LOCAL                   ADDRESS         
           =====                   =======         
           ?Subroutine6            FEC8 
    -------------------------------------------------------------------------
<CODE> 1 (was CODE)
  Relative segment, address: FCAA - FCF5 (0x4c bytes), align: 1
  Segment part 3.             Intra module refs:   Pelican_operational
           LOCAL                   ADDRESS         
           =====                   =======         
           Pelican_offline         FCAA 
               calls direct
               stack 1 = 00000000 ( 00000004 )
    -------------------------------------------------------------------------
CSTACK
  Segment part 1. NOT NEEDED.
    -------------------------------------------------------------------------
CODE
  Segment part 23. TENTATIVE. Used definition from bsp
           ENTRY                   ADDRESS         REF BY
           =====                   =======         ======
           ?setjmp_save_r4         
    -------------------------------------------------------------------------
CODE
  Segment part 24. TENTATIVE. Used definition from bsp
           ENTRY                   ADDRESS         REF BY
           =====                   =======         ======
           ?setjmp_save_r5         

    *************************************************************************

  FILE NAME : C:\software\qpn\examples\msp430\iar\pelican-eZ430\dbg\qepn.r43
  PROGRAM MODULE, NAME : qepn

  SEGMENTS IN THE MODULE
  ======================
DATA16_C
  Relative segment, address: F812 - F816 (0x5 bytes), align: 0
  Segment part 2.             Intra module refs:   ?Subroutine4
           LOCAL                   ADDRESS         
           =====                   =======         
           l_this_file             F812 
    -------------------------------------------------------------------------
CODE
  Segment part 12. NOT NEEDED.
           ENTRY                   ADDRESS         REF BY
           =====                   =======         ======
           QP_getVersion           
               not allocated function
    -------------------------------------------------------------------------
DATA16_C
  Segment part 3. NOT NEEDED.
           LOCAL                   ADDRESS         
           =====                   =======         
           QP_getVersion::version
                                   
    -------------------------------------------------------------------------
<CODE> 1 (was CODE)
  Relative segment, address: FFA2 - FFA5 (0x4 bytes), align: 1
  Segment part 11.            Intra module refs:   QHsm_init
           ENTRY                   ADDRESS         REF BY
           =====                   =======         ======
           QHsm_top                FFA2            Ped_off (ped)
                                                   Ped_wait (ped)
                                                   Pelican_offline (pelican)
                                                   Pelican_operational (pelican)
               stack 1 = 00000000 ( 00000002 )
    -------------------------------------------------------------------------
<CODE> 1 (was CODE)
  Relative segment, address: FBE0 - FC5B (0x7c bytes), align: 1
  Segment part 7.
           ENTRY                   ADDRESS         REF BY
           =====                   =======         ======
           QHsm_init               FBE0            QF_run (qfn)
               calls direct and indirect
               stack 1 = 00000000 ( 00000012 )
    -------------------------------------------------------------------------
<CODE> 1 (was CODE)
  Relative segment, address: FF5A - FF61 (0x8 bytes), align: 1
  Segment part 8.             Intra module refs:   QHsm_dispatch
                                                   QHsm_init
           LOCAL                   ADDRESS         
           =====                   =======         
           ?Subroutine4            FF5A 
    -------------------------------------------------------------------------
<CODE> 1 (was CODE)
  Relative segment, address: FF08 - FF15 (0xe bytes), align: 1
  Segment part 9.             Intra module refs:   QHsm_dispatch
                                                   QHsm_init
           LOCAL                   ADDRESS         
           =====                   =======         
           ?Subroutine3            FF08 
    -------------------------------------------------------------------------
<CODE> 1 (was CODE)
  Relative segment, address: FF3C - FF45 (0xa bytes), align: 1
  Segment part 10.            Intra module refs:   QHsm_dispatch
                                                   QHsm_init
           LOCAL                   ADDRESS         
           =====                   =======         
           ?Subroutine2            FF3C 
    -------------------------------------------------------------------------
<CODE> 1 (was CODE)
  Relative segment, address: F856 - F9BD (0x168 bytes), align: 1
  Segment part 4.
           ENTRY                   ADDRESS         REF BY
           =====                   =======         ======
           QHsm_dispatch           F856            QF_run (qfn)
               calls direct and indirect
               stack 1 = 00000000 ( 00000018 )
    -------------------------------------------------------------------------
<CODE> 1 (was CODE)
  Relative segment, address: FF72 - FF79 (0x8 bytes), align: 1
  Segment part 5.             Intra module refs:   QHsm_dispatch
           LOCAL                   ADDRESS         
           =====                   =======         
           ?Subroutine1            FF72 
    -------------------------------------------------------------------------
<CODE> 1 (was CODE)
  Relative segment, address: FE62 - FE79 (0x18 bytes), align: 1
  Segment part 6.             Intra module refs:   QHsm_dispatch
           LOCAL                   ADDRESS         
           =====                   =======         
           ?Subroutine0            FE62 
    -------------------------------------------------------------------------
CSTACK
  Segment part 1. NOT NEEDED.
    -------------------------------------------------------------------------
CODE
  Segment part 13. TENTATIVE. Used definition from bsp
           ENTRY                   ADDRESS         REF BY
           =====                   =======         ======
           ?setjmp_save_r4         
    -------------------------------------------------------------------------
CODE
  Segment part 14. TENTATIVE. Used definition from bsp
           ENTRY                   ADDRESS         REF BY
           =====                   =======         ======
           ?setjmp_save_r5         

    *************************************************************************

  FILE NAME : C:\software\qpn\examples\msp430\iar\pelican-eZ430\dbg\qfn.r43
  PROGRAM MODULE, NAME : qfn

  SEGMENTS IN THE MODULE
  ======================
DATA16_C
  Relative segment, address: F817 - F81A (0x4 bytes), align: 0
  Segment part 2.             Intra module refs:   ?Subroutine3
           LOCAL                   ADDRESS         
           =====                   =======         
           l_this_file             F817 
    -------------------------------------------------------------------------
DATA16_Z
  Relative segment, address: 021F - 021F (0x1 bytes), align: 0
  Segment part 3.             Intra module refs:   ?Subroutine2
                                                   QF_run
           ENTRY                   ADDRESS         REF BY
           =====                   =======         ======
           QF_readySet_            021F 
    -------------------------------------------------------------------------
DATA16_C
  Relative segment, address: F81B - F823 (0x9 bytes), align: 0
  Segment part 4.             Intra module refs:   ?Subroutine2
           LOCAL                   ADDRESS         
           =====                   =======         
           l_pow2Lkup              F81B 
    -------------------------------------------------------------------------
<CODE> 1 (was CODE)
  Relative segment, address: FF62 - FF69 (0x8 bytes), align: 1
  Segment part 14.            Intra module refs:   QActive_post
                                                   QActive_postISR
                                                   QF_run
           LOCAL                   ADDRESS         
           =====                   =======         
           ?Subroutine3            FF62 
    -------------------------------------------------------------------------
<CODE> 1 (was CODE)
  Relative segment, address: FD86 - FDBD (0x38 bytes), align: 1
  Segment part 17.
           ENTRY                   ADDRESS         REF BY
           =====                   =======         ======
           QActive_post            FD86            ?Subroutine0 (ped)
               calls direct
               stack 1 = 00000000 ( 00000008 )
    -------------------------------------------------------------------------
<CODE> 1 (was CODE)
  Relative segment, address: FEF8 - FF07 (0x10 bytes), align: 1
  Segment part 18.            Intra module refs:   QActive_post
                                                   QActive_postISR
           LOCAL                   ADDRESS         
           =====                   =======         
           ?Subroutine4            FEF8 
    -------------------------------------------------------------------------
<CODE> 1 (was CODE)
  Relative segment, address: FE92 - FEA3 (0x12 bytes), align: 1
  Segment part 19.            Intra module refs:   QActive_post
                                                   QActive_postISR
           LOCAL                   ADDRESS         
           =====                   =======         
           ?Subroutine2            FE92 
    -------------------------------------------------------------------------
<CODE> 1 (was CODE)
  Relative segment, address: FDF0 - FE1B (0x2c bytes), align: 1
  Segment part 20.            Intra module refs:   QActive_post
                                                   QActive_postISR
           LOCAL                   ADDRESS         
           =====                   =======         
           ?Subroutine0            FDF0 
    -------------------------------------------------------------------------
<CODE> 1 (was CODE)
  Relative segment, address: FF24 - FF2F (0xc bytes), align: 1
  Segment part 21.            Intra module refs:   ?Subroutine0
                                                   QF_run
           LOCAL                   ADDRESS         
           =====                   =======         
           ?Subroutine6            FF24 
    -------------------------------------------------------------------------
<CODE> 1 (was CODE)
  Relative segment, address: FDBE - FDEF (0x32 bytes), align: 1
  Segment part 13.            Intra module refs:   QF_tick
           ENTRY                   ADDRESS         REF BY
           =====                   =======         ======
           QActive_postISR         FDBE 
               calls direct
               stack 1 = 00000000 ( 00000008 )
    -------------------------------------------------------------------------
<CODE> 1 (was CODE)
  Relative segment, address: FE1C - FE45 (0x2a bytes), align: 1
  Segment part 15.
           ENTRY                   ADDRESS         REF BY
           =====                   =======         ======
           QF_tick                 FE1C            timerA_ISR (bsp)
               calls direct
               stack 1 = 00000000 ( 00000002 )
    -------------------------------------------------------------------------
<CODE> 1 (was CODE)
  Relative segment, address: FF16 - FF23 (0xe bytes), align: 1
  Segment part 16.            Intra module refs:   ?Subroutine1
                                                   QF_tick
           LOCAL                   ADDRESS         
           =====                   =======         
           ?Subroutine5            FF16 
    -------------------------------------------------------------------------
DATA16_Z
  Relative segment, address: 0220 - 0220 (0x1 bytes), align: 0
  Segment part 5.             Intra module refs:   QF_tick
           LOCAL                   ADDRESS         
           =====                   =======         
           QF_tick::p              0220 
    -------------------------------------------------------------------------
DATA16_Z
  Relative segment, address: 0218 - 0219 (0x2 bytes), align: 1
  Segment part 6.             Intra module refs:   QF_tick
           LOCAL                   ADDRESS         
           =====                   =======         
           QF_tick{1}::a           0218 
    -------------------------------------------------------------------------
<CODE> 1 (was CODE)
  Relative segment, address: FB24 - FBDF (0xbc bytes), align: 1
  Segment part 11.
           ENTRY                   ADDRESS         REF BY
           =====                   =======         ======
           QF_run                  FB24            main (main)
               calls direct
               stack 1 = 00000000 ( 00000004 )
    -------------------------------------------------------------------------
<CODE> 1 (was CODE)
  Relative segment, address: FF30 - FF3B (0xc bytes), align: 1
  Segment part 12.            Intra module refs:   QF_run
           LOCAL                   ADDRESS         
           =====                   =======         
           ?Subroutine1            FF30 
    -------------------------------------------------------------------------
DATA16_C
  Relative segment, address: F824 - F833 (0x10 bytes), align: 0
  Segment part 7.             Intra module refs:   QF_run
           LOCAL                   ADDRESS         
           =====                   =======         
           QF_run::log2Lkup        F824 
    -------------------------------------------------------------------------
DATA16_C
  Relative segment, address: F834 - F83C (0x9 bytes), align: 0
  Segment part 8.             Intra module refs:   QF_run
           LOCAL                   ADDRESS         
           =====                   =======         
           QF_run::invPow2Lkup     F834 
    -------------------------------------------------------------------------
DATA16_Z
  Relative segment, address: 021A - 021B (0x2 bytes), align: 1
  Segment part 9.             Intra module refs:   ?Subroutine1
                                                   QF_run
           LOCAL                   ADDRESS         
           =====                   =======         
           QF_run::a               021A 
    -------------------------------------------------------------------------
DATA16_Z
  Relative segment, address: 0221 - 0221 (0x1 bytes), align: 0
  Segment part 10.            Intra module refs:   QF_run
           LOCAL                   ADDRESS         
           =====                   =======         
           QF_run::p               0221 
    -------------------------------------------------------------------------
CSTACK
  Segment part 1. NOT NEEDED.
    -------------------------------------------------------------------------
CODE
  Segment part 22. TENTATIVE. Used definition from bsp
           ENTRY                   ADDRESS         REF BY
           =====                   =======         ======
           ?setjmp_save_r4         
    -------------------------------------------------------------------------
CODE
  Segment part 23. TENTATIVE. Used definition from bsp
           ENTRY                   ADDRESS         REF BY
           =====                   =======         ======
           ?setjmp_save_r5         

    *************************************************************************

  FILE NAME : C:\tools\IAR\430_KS_4.10A\430\LIB\DLIB\dl430fn.r43
  LIBRARY MODULE, NAME : ?abort

  SEGMENTS IN THE MODULE
  ======================
CODE
  Segment part 2. NOT NEEDED.
           ENTRY                   ADDRESS         REF BY
           =====                   =======         ======
           abort                   
               calls direct
               not allocated function
    -------------------------------------------------------------------------
CSTACK
  Segment part 1. NOT NEEDED.

    -------------------------------------------------------------------------
  LIBRARY MODULE, NAME : ?_exit

  SEGMENTS IN THE MODULE
  ======================
<CODE> 1 (was CODE)
  Relative segment, address: FFA6, align: 1
  Segment part 0.
           ENTRY                   ADDRESS         REF BY
           =====                   =======         ======
           _exit                   FFA6            exit (?exit)
    -------------------------------------------------------------------------
CODE
  Segment part 1. NOT NEEDED.
    -------------------------------------------------------------------------
CODE
  Segment part 2. NOT NEEDED.
           ENTRY                   ADDRESS         REF BY
           =====                   =======         ======
           __cstart_call_dtors     
    -------------------------------------------------------------------------
CODE
  Segment part 3. NOT NEEDED.
           ENTRY                   ADDRESS         REF BY
           =====                   =======         ======
           __cstart_closeall       
    -------------------------------------------------------------------------
CODE
  Segment part 4. NOT NEEDED.
    -------------------------------------------------------------------------
<CODE> 1 (was CODE)
  Relative segment, address: FFA6 - FFA9 (0x4 bytes), align: 1
  Segment part 5.             Intra module refs:   _exit

    -------------------------------------------------------------------------
  LIBRARY MODULE, NAME : ?cppinit

  SEGMENTS IN THE MODULE
  ======================
CODE
  Segment part 7. NOT NEEDED.
           ENTRY                   ADDRESS         REF BY
           =====                   =======         ======
           __call_ctors            
               calls indirect
               not allocated function
    -------------------------------------------------------------------------
CODE
  Segment part 6. NOT NEEDED.
           ENTRY                   ADDRESS         REF BY
           =====                   =======         ======
           __alloc_record_needed_destruction
                                   
               calls direct
               not allocated function
    -------------------------------------------------------------------------
DATA16_Z
  Segment part 2. NOT NEEDED.
    -------------------------------------------------------------------------
CODE
  Segment part 5. NOT NEEDED.
           ENTRY                   ADDRESS         REF BY
           =====                   =======         ======
           __record_needed_destruction
                                   
               calls direct
               not allocated function
    -------------------------------------------------------------------------
CODE
  Segment part 4. NOT NEEDED.
           ENTRY                   ADDRESS         REF BY
           =====                   =======         ======
           __call_dtors            
               calls indirect
               not allocated function
    -------------------------------------------------------------------------
CODE
  Segment part 3. NOT NEEDED.
           ENTRY                   ADDRESS         REF BY
           =====                   =======         ======
           __data16_vec_cctor      
               calls indirect
               not allocated function
    -------------------------------------------------------------------------
CSTACK
  Segment part 1. NOT NEEDED.

    -------------------------------------------------------------------------
  LIBRARY MODULE, NAME : ?reset_vector

  SEGMENTS IN THE MODULE
  ======================
RESET
  Relative segment, address: FFFE - FFFF (0x2 bytes), align: 1
  Segment part 0.
           ENTRY                   ADDRESS         REF BY
           =====                   =======         ======
           ?reset_vector           FFFE            Segment part 5 (?cstart)

    -------------------------------------------------------------------------
  LIBRARY MODULE, NAME : ?cstart

  SEGMENTS IN THE MODULE
  ======================
HEAP
  Segment part 0. NOT NEEDED.
    -------------------------------------------------------------------------
CSTACK
  Relative segment, address: 0240, align: 1
  Segment part 1.
    -------------------------------------------------------------------------
DATA16_Z
  Relative segment, address: 021C, align: 1
  Segment part 2.
    -------------------------------------------------------------------------
DATA16_I
  Segment part 3. NOT NEEDED.
    -------------------------------------------------------------------------
DATA16_ID
  Segment part 4. NOT NEEDED.
    -------------------------------------------------------------------------
CSTART
  Relative segment, address: F83E - F841 (0x4 bytes), align: 1
  Segment part 5.
           ENTRY                   ADDRESS         REF BY
           =====                   =======         ======
           __program_start         F83E            ?reset_vector (?reset_vector)
                                                   Absolute parts (?ABS_ENTRY_MOD)
           ?cstart_begin           F83E 
    -------------------------------------------------------------------------
CSTART
  Segment part 6. NOT NEEDED.
           ENTRY                   ADDRESS         REF BY
           =====                   =======         ======
           ?cstart_call_low_level_init
                                   
    -------------------------------------------------------------------------
CSTART
  Relative segment, address: F842 - F84D (0xc bytes), align: 1
  Segment part 7.
           ENTRY                   ADDRESS         REF BY
           =====                   =======         ======
           ?cstart_init_zero       F842            AO_Ped (ped)
                                                   AO_Pelican (pelican)
                                                   QF_readySet_ (qfn)
                                                   QF_run::a (qfn)
                                                   QF_run::p (qfn)
                                                   QF_tick::p (qfn)
                                                   QF_tick{1}::a (qfn)
                                                   l_pedQueue (main)
                                                   l_pelicanQueue (main)
    -------------------------------------------------------------------------
CSTART
  Segment part 8. NOT NEEDED.
           ENTRY                   ADDRESS         REF BY
           =====                   =======         ======
           ?cstart_init_copy       
    -------------------------------------------------------------------------
DIFUNCT
  Segment part 9. NOT NEEDED.
    -------------------------------------------------------------------------
CSTART
  Segment part 10. NOT NEEDED.
           ENTRY                   ADDRESS         REF BY
           =====                   =======         ======
           ?cstart_call_ctors      
    -------------------------------------------------------------------------
CSTART
  Relative segment, address: F84E - F855 (0x8 bytes), align: 1
  Segment part 11.            Intra module refs:   Segment part 5
           ENTRY                   ADDRESS         REF BY
           =====                   =======         ======
           ?cstart_call_main       F84E 
           ?cstart_end             F856 

    -------------------------------------------------------------------------
  LIBRARY MODULE, NAME : lowinit

  SEGMENTS IN THE MODULE
  ======================
CODE
  Segment part 0. NOT NEEDED.
           ENTRY                   ADDRESS         REF BY
           =====                   =======         ======
           __low_level_init        

    -------------------------------------------------------------------------
  LIBRARY MODULE, NAME : ?Epilogue

  SEGMENTS IN THE MODULE
  ======================
<CODE> 1 (was CODE)
  Relative segment, address: FEB6 - FEC7 (0x12 bytes), align: 1
  Segment part 0.
           ENTRY                   ADDRESS         REF BY
           =====                   =======         ======
           ?Epilogue3              FEC0            QActive_post (qfn)
                                                   QActive_postISR (qfn)
                                                   QHsm_init (qepn)
           ?Epilogue4              FEBE 
           ?Epilogue5              FEBC 
           ?Epilogue6              FEBA            QHsm_dispatch (qepn)
           ?Epilogue7              FEB8 
           ?Epilogue8              FEB6 

    -------------------------------------------------------------------------
  LIBRARY MODULE, NAME : ?exit

  SEGMENTS IN THE MODULE
  ======================
<CODE> 1 (was CODE)
  Relative segment, address: FF9E - FFA1 (0x4 bytes), align: 1
  Segment part 2.
           ENTRY                   ADDRESS         REF BY
           =====                   =======         ======
           exit                    FF9E            Segment part 11 (?cstart)
               calls direct
               stack 1 = 00000000 ( 00000002 )
    -------------------------------------------------------------------------
CSTACK
  Segment part 1. NOT NEEDED.

    -------------------------------------------------------------------------
  LIBRARY MODULE, NAME : ?malloc

  SEGMENTS IN THE MODULE
  ======================
CODE
  Segment part 2. NOT NEEDED.
           ENTRY                   ADDRESS         REF BY
           =====                   =======         ======
           malloc                  
               calls direct
               not allocated function
    -------------------------------------------------------------------------
CSTACK
  Segment part 1. NOT NEEDED.

    -------------------------------------------------------------------------
  LIBRARY MODULE, NAME : ?memcpy

  SEGMENTS IN THE MODULE
  ======================
CODE
  Segment part 2. NOT NEEDED.
           ENTRY                   ADDRESS         REF BY
           =====                   =======         ======
           memcpy                  
               not allocated function
    -------------------------------------------------------------------------
CSTACK
  Segment part 1. NOT NEEDED.

    -------------------------------------------------------------------------
  LIBRARY MODULE, NAME : ?memmove

  SEGMENTS IN THE MODULE
  ======================
CODE
  Segment part 2. NOT NEEDED.
           ENTRY                   ADDRESS         REF BY
           =====                   =======         ======
           memmove                 
               not allocated function
    -------------------------------------------------------------------------
CSTACK
  Segment part 1. NOT NEEDED.

    -------------------------------------------------------------------------
  LIBRARY MODULE, NAME : ?memzero

  SEGMENTS IN THE MODULE
  ======================
<CODE> 1 (was CODE)
  Relative segment, address: FEA4 - FEB5 (0x12 bytes), align: 1
  Segment part 4.
           ENTRY                   ADDRESS         REF BY
           =====                   =======         ======
           __data16_memzero        FEA4            ?cstart_init_zero (?cstart)
               stack 1 = 00000000 ( 00000002 )
    -------------------------------------------------------------------------
CODE
  Segment part 3. NOT NEEDED.
           ENTRY                   ADDRESS         REF BY
           =====                   =======         ======
           __data16_memcpy         
               calls direct
               not allocated function
    -------------------------------------------------------------------------
CODE
  Segment part 2. NOT NEEDED.
           ENTRY                   ADDRESS         REF BY
           =====                   =======         ======
           __data16_memmove        
               calls direct
               not allocated function
    -------------------------------------------------------------------------
CSTACK
  Segment part 1. NOT NEEDED.

    -------------------------------------------------------------------------
  LIBRARY MODULE, NAME : ?setjmp

  SEGMENTS IN THE MODULE
  ======================
CODE
  Segment part 0. NOT NEEDED.
           ENTRY                   ADDRESS         REF BY
           =====                   =======         ======
           setjmp                  
    -------------------------------------------------------------------------
CODE
  Segment part 1. NOT NEEDED.
           ENTRY                   ADDRESS         REF BY
           =====                   =======         ======
           ?setjmp_r5              
    -------------------------------------------------------------------------
CODE
  Segment part 2. NOT NEEDED.
           ENTRY                   ADDRESS         REF BY
           =====                   =======         ======
           ?setjmp_r4              
    -------------------------------------------------------------------------
CODE
  Segment part 3. NOT NEEDED.
           ENTRY                   ADDRESS         REF BY
           =====                   =======         ======
           ?setjmp_end             

    -------------------------------------------------------------------------
  LIBRARY MODULE, NAME : ?longjmp

  SEGMENTS IN THE MODULE
  ======================
CODE
  Segment part 0. NOT NEEDED.
           ENTRY                   ADDRESS         REF BY
           =====                   =======         ======
           longjmp                 
    -------------------------------------------------------------------------
CODE
  Segment part 1. NOT NEEDED.
           ENTRY                   ADDRESS         REF BY
           =====                   =======         ======
           ?longjmp_r5             
    -------------------------------------------------------------------------
CODE
  Segment part 2. NOT NEEDED.
           ENTRY                   ADDRESS         REF BY
           =====                   =======         ======
           ?longjmp_r4             
    -------------------------------------------------------------------------
CODE
  Segment part 3. NOT NEEDED.
           ENTRY                   ADDRESS         REF BY
           =====                   =======         ======
           ?longjmp_end            

    -------------------------------------------------------------------------
  LIBRARY MODULE, NAME : ?SwitchKey8

  SEGMENTS IN THE MODULE
  ======================
CODE
  Segment part 0. NOT NEEDED.
           ENTRY                   ADDRESS         REF BY
           =====                   =======         ======
           ?SwitchKey8             

    -------------------------------------------------------------------------
  LIBRARY MODULE, NAME : ?xcloseall

  SEGMENTS IN THE MODULE
  ======================
CODE
  Segment part 2. NOT NEEDED.
           ENTRY                   ADDRESS         REF BY
           =====                   =======         ======
           _Close_all              
               calls direct
               not allocated function
    -------------------------------------------------------------------------
CSTACK
  Segment part 1. NOT NEEDED.

    -------------------------------------------------------------------------
  LIBRARY MODULE, NAME : ?xgetmemchunk

  SEGMENTS IN THE MODULE
  ======================
CODE
  Segment part 3. NOT NEEDED.
           ENTRY                   ADDRESS         REF BY
           =====                   =======         ======
           __data16_GetMemChunk    
               not allocated function
    -------------------------------------------------------------------------
DATA16_Z
  Segment part 2. NOT NEEDED.
    -------------------------------------------------------------------------
CSTACK
  Segment part 1. NOT NEEDED.
    -------------------------------------------------------------------------
DATA16_HEAP
  Segment part 4. NOT NEEDED.

    -------------------------------------------------------------------------
  LIBRARY MODULE, NAME : ?__exit

  SEGMENTS IN THE MODULE
  ======================
<CODE> 1 (was CODE)
  Relative segment, address: FFAA - FFAB (0x2 bytes), align: 1
  Segment part 2.
           ENTRY                   ADDRESS         REF BY
           =====                   =======         ======
           __exit                  FFAA            Segment part 5 (?_exit)
                                                   _exit (?_exit)
               not allocated function
    -------------------------------------------------------------------------
CSTACK
  Segment part 1. NOT NEEDED.

    -------------------------------------------------------------------------
  LIBRARY MODULE, NAME : ?xxmemxfree

  SEGMENTS IN THE MODULE
  ======================
CODE
  Segment part 2. NOT NEEDED.
           ENTRY                   ADDRESS         REF BY
           =====                   =======         ======
           __data16_free           
               not allocated function
    -------------------------------------------------------------------------
CSTACK
  Segment part 1. NOT NEEDED.

    -------------------------------------------------------------------------
  LIBRARY MODULE, NAME : ?xxmemxmalloc

  SEGMENTS IN THE MODULE
  ======================
DATA16_Z
  Segment part 2. NOT NEEDED.
           ENTRY                   ADDRESS         REF BY
           =====                   =======         ======
           __data16_Aldata         
    -------------------------------------------------------------------------
CODE
  Segment part 3. NOT NEEDED.
           LOCAL                   ADDRESS         
           =====                   =======         
           __data16_findmem        
               calls direct
               not allocated function
    -------------------------------------------------------------------------
CODE
  Segment part 4. NOT NEEDED.
           ENTRY                   ADDRESS         REF BY
           =====                   =======         ======
           __data16_malloc         
               calls direct
               not allocated function
    -------------------------------------------------------------------------
CSTACK
  Segment part 1. NOT NEEDED.




                ****************************************
                *                                      *
                *            MODULE SUMMARY            *
                *                                      *
                ****************************************

Module               CODE      DATA      CONST
------               ----      ----      -----
                    (Rel)  (Rel)  (Abs)  (Rel)
?Epilogue              18
?__exit                 2
?_exit                  4
?cstart                24
?exit                   4
?memzero               18
?reset_vector           2
bsp                    88            10
  + common             20
main                   16      3            18
ped                   174     12
pelican               542     12
qepn                  552                    5
qfn                   460      7            38
N/A (command line)            64
----------          -----     --     --     --
Total:              1 904     98     10     61
  + common             20


                ****************************************
                *                                      *
                *              CALL GRAPH              *
                *                                      *
                ****************************************

  ->Sub-tree of type: Interrupt function tree that does not make
                    : indirect calls
                             CSTACK
    | Stack used (prev) :  00000000
  04        Q_onAssert
            | Stack used (prev) :  00000000
            | + function block  :  00000002
  03      QActive_postISR
          | Stack used (prev) :  00000002
          | + function block  :  00000008
  02    QF_tick
        | Stack used (prev) :  0000000A
        | + function block  :  00000002
  01  timerA_ISR
      | Stack used (prev) :  0000000C
      | + function block  :  0000000C
  <-Sub-tree of type: Interrupt function tree that does not make
                    : indirect calls
    | Stack used          :  00000018


  ->Sub-tree of type: Indirectly called function tree that does not make
                    : indirect calls (Is not an interrupt and is not flagged
                    : as not overlayable)
                             CSTACK
    | Stack used (prev) :  00000018
  01  Ped_initial
      | Stack used (prev) :  00000018
      | + function block  :  00000002
  <-Sub-tree of type: Indirectly called function tree that does not make
                    : indirect calls (Is not an interrupt and is not flagged
                    : as not overlayable)
    | Stack used          :  0000001A


  ->Sub-tree of type: Indirectly called function tree that does not make
                    : indirect calls (Is not an interrupt and is not flagged
                    : as not overlayable)
                             CSTACK
    | Stack used (prev) :  00000018
  03      Q_onAssert
          | Stack used (prev) :  00000000
          | + function block  :  00000002
          |  Already listed
  02    QActive_post
        | Stack used (prev) :  00000018
        | + function block  :  00000008
  01  Ped_wait
      | Stack used (prev) :  00000020
      | + function block  :  00000002
  <-Sub-tree of type: Indirectly called function tree that does not make
                    : indirect calls (Is not an interrupt and is not flagged
                    : as not overlayable)
    | Stack used          :  00000022


  ->Sub-tree of type: Indirectly called function tree that does not make
                    : indirect calls (Is not an interrupt and is not flagged
                    : as not overlayable)
                             CSTACK
    | Stack used (prev) :  00000018
  02    QActive_post
        | Stack used (prev) :  00000018
        | + function block  :  00000008
        |  Already listed
  01  Ped_off
      | Stack used (prev) :  00000020
      | + function block  :  00000004
  <-Sub-tree of type: Indirectly called function tree that does not make
                    : indirect calls (Is not an interrupt and is not flagged
                    : as not overlayable)
    | Stack used          :  00000024


  ->Sub-tree of type: Indirectly called function tree that does not make
                    : indirect calls (Is not an interrupt and is not flagged
                    : as not overlayable)
                             CSTACK
    | Stack used (prev) :  00000018
  01  Pelican_initial
      | Stack used (prev) :  00000018
      | + function block  :  00000002
  <-Sub-tree of type: Indirectly called function tree that does not make
                    : indirect calls (Is not an interrupt and is not flagged
                    : as not overlayable)
    | Stack used          :  0000001A


  ->Sub-tree of type: Indirectly called function tree that does not make
                    : indirect calls (Is not an interrupt and is not flagged
                    : as not overlayable)
                             CSTACK
    | Stack used (prev) :  00000018
  02    BSP_signalPeds
        | Stack used (prev) :  00000018
        | + function block  :  00000002
  01  Pelican_pedsWalk
      | Stack used (prev) :  0000001A
      | + function block  :  00000002
  <-Sub-tree of type: Indirectly called function tree that does not make
                    : indirect calls (Is not an interrupt and is not flagged
                    : as not overlayable)
    | Stack used          :  0000001C


  ->Sub-tree of type: Indirectly called function tree that does not make
                    : indirect calls (Is not an interrupt and is not flagged
                    : as not overlayable)
                             CSTACK
    | Stack used (prev) :  00000018
  02    BSP_signalPeds
        | Stack used (prev) :  00000018
        | + function block  :  00000002
        |  Already listed
  01  Pelican_pedsEnabled
      | Stack used (prev) :  0000001A
      | + function block  :  00000002
  <-Sub-tree of type: Indirectly called function tree that does not make
                    : indirect calls (Is not an interrupt and is not flagged
                    : as not overlayable)
    | Stack used          :  0000001C


  ->Sub-tree of type: Indirectly called function tree that does not make
                    : indirect calls (Is not an interrupt and is not flagged
                    : as not overlayable)
                             CSTACK
    | Stack used (prev) :  00000018
  01  Pelican_carsYellow
      | Stack used (prev) :  00000018
      | + function block  :  00000002
  <-Sub-tree of type: Indirectly called function tree that does not make
                    : indirect calls (Is not an interrupt and is not flagged
                    : as not overlayable)
    | Stack used          :  0000001A


  ->Sub-tree of type: Indirectly called function tree that does not make
                    : indirect calls (Is not an interrupt and is not flagged
                    : as not overlayable)
                             CSTACK
    | Stack used (prev) :  00000018
  01  Pelican_carsGreenInt
      | Stack used (prev) :  00000018
      | + function block  :  00000002
  <-Sub-tree of type: Indirectly called function tree that does not make
                    : indirect calls (Is not an interrupt and is not flagged
                    : as not overlayable)
    | Stack used          :  0000001A


  ->Sub-tree of type: Indirectly called function tree that does not make
                    : indirect calls (Is not an interrupt and is not flagged
                    : as not overlayable)
                             CSTACK
    | Stack used (prev) :  00000018
  01  Pelican_carsGreenPedWait
      | Stack used (prev) :  00000018
      | + function block  :  00000002
  <-Sub-tree of type: Indirectly called function tree that does not make
                    : indirect calls (Is not an interrupt and is not flagged
                    : as not overlayable)
    | Stack used          :  0000001A


  ->Sub-tree of type: Indirectly called function tree that does not make
                    : indirect calls (Is not an interrupt and is not flagged
                    : as not overlayable)
                             CSTACK
    | Stack used (prev) :  00000018
  01  Pelican_carsGreenNoPed
      | Stack used (prev) :  00000018
      | + function block  :  00000002
  <-Sub-tree of type: Indirectly called function tree that does not make
                    : indirect calls (Is not an interrupt and is not flagged
                    : as not overlayable)
    | Stack used          :  0000001A


  ->Sub-tree of type: Indirectly called function tree that does not make
                    : indirect calls (Is not an interrupt and is not flagged
                    : as not overlayable)
                             CSTACK
    | Stack used (prev) :  00000018
  01  Pelican_carsGreen
      | Stack used (prev) :  00000018
      | + function block  :  00000002
  <-Sub-tree of type: Indirectly called function tree that does not make
                    : indirect calls (Is not an interrupt and is not flagged
                    : as not overlayable)
    | Stack used          :  0000001A


  ->Sub-tree of type: Indirectly called function tree that does not make
                    : indirect calls (Is not an interrupt and is not flagged
                    : as not overlayable)
                             CSTACK
    | Stack used (prev) :  00000018
  01  Pelican_carsEnabled
      | Stack used (prev) :  00000018
      | + function block  :  00000002
  <-Sub-tree of type: Indirectly called function tree that does not make
                    : indirect calls (Is not an interrupt and is not flagged
                    : as not overlayable)
    | Stack used          :  0000001A


  ->Sub-tree of type: Indirectly called function tree that does not make
                    : indirect calls (Is not an interrupt and is not flagged
                    : as not overlayable)
                             CSTACK
    | Stack used (prev) :  00000018
  02    BSP_signalPeds
        | Stack used (prev) :  00000018
        | + function block  :  00000002
        |  Already listed
  01  Pelican_operational
      | Stack used (prev) :  0000001A
      | + function block  :  00000002
  <-Sub-tree of type: Indirectly called function tree that does not make
                    : indirect calls (Is not an interrupt and is not flagged
                    : as not overlayable)
    | Stack used          :  0000001C


  ->Sub-tree of type: Indirectly called function tree that does not make
                    : indirect calls (Is not an interrupt and is not flagged
                    : as not overlayable)
                             CSTACK
    | Stack used (prev) :  00000018
  02    BSP_signalPeds
        | Stack used (prev) :  00000018
        | + function block  :  00000002
        |  Already listed
  01  Pelican_pedsFlash
      | Stack used (prev) :  0000001A
      | + function block  :  00000004
  <-Sub-tree of type: Indirectly called function tree that does not make
                    : indirect calls (Is not an interrupt and is not flagged
                    : as not overlayable)
    | Stack used          :  0000001E


  ->Sub-tree of type: Indirectly called function tree that does not make
                    : indirect calls (Is not an interrupt and is not flagged
                    : as not overlayable)
                             CSTACK
    | Stack used (prev) :  00000018
  02    BSP_signalPeds
        | Stack used (prev) :  00000018
        | + function block  :  00000002
        |  Already listed
  01  Pelican_offline
      | Stack used (prev) :  0000001A
      | + function block  :  00000004
  <-Sub-tree of type: Indirectly called function tree that does not make
                    : indirect calls (Is not an interrupt and is not flagged
                    : as not overlayable)
    | Stack used          :  0000001E


  ->Sub-tree of type: Indirectly called function tree that does not make
                    : indirect calls (Is not an interrupt and is not flagged
                    : as not overlayable)
                             CSTACK
    | Stack used (prev) :  00000018
  01  QHsm_top
      | Stack used (prev) :  00000018
      | + function block  :  00000002
  <-Sub-tree of type: Indirectly called function tree that does not make
                    : indirect calls (Is not an interrupt and is not flagged
                    : as not overlayable)
    | Stack used          :  0000001A


  ->Sub-tree of type: Function tree
                             CSTACK
    | Stack used (prev) :  00000024
  04        Q_onAssert
            | Stack used (prev) :  00000000
            | + function block  :  00000002
            |  Already listed
  03      QHsm_dispatch
          | Stack used (prev) :  00000024
          | + function block  :  00000018
  04        Q_onAssert
            | Stack used (prev) :  00000000
            | + function block  :  00000002
            |  Already listed
  03      QHsm_init
          | Stack used (prev) :  00000024
          | + function block  :  00000012
  03      Q_onAssert
          | Stack used (prev) :  00000000
          | + function block  :  00000002
          |  Already listed
  03      QF_onIdle
          | Stack used (prev) :  00000024
          | + function block  :  00000002
  03      QF_onStartup
          | Stack used (prev) :  00000024
          | + function block  :  00000002
  02    QF_run
        | Stack used (prev) :  0000003C
        | + function block  :  00000004
  02    Pelican_ctor
        | Stack used (prev) :  00000024
        | + function block  :  00000002
  02    Ped_ctor
        | Stack used (prev) :  00000024
        | + function block  :  00000002
  02    BSP_init
        | Stack used (prev) :  00000024
        | + function block  :  00000002
  01  main
      | Stack used (prev) :  00000040
      | + function block  :  00000002
  <-Sub-tree of type: Function tree
    | Stack used          :  00000042


  ->Sub-tree of type: Function tree
                             CSTACK
    | Stack used (prev) :  00000042
  01  exit
      | Stack used (prev) :  00000042
      | + function block  :  00000002
  <-Sub-tree of type: Function tree
    | Stack used          :  00000044


  ->Sub-tree of type: Function tree
                             CSTACK
    | Stack used (prev) :  00000044
  01  __data16_memzero
      | Stack used (prev) :  00000044
      | + function block  :  00000002
  <-Sub-tree of type: Function tree
    | Stack used          :  00000046




                ****************************************
                *                                      *
                *      SEGMENTS IN ADDRESS ORDER       *
                *                                      *
                ****************************************


SEGMENT              SPACE    START ADDRESS   END ADDRESS     SIZE  TYPE  ALIGN
=======              =====    =============   ===========     ====  ====  =====
DATA16_AN                              0021 - 0022               2   rel    0
                                       0120 - 0121               2 
                                       0160 - 0163               4 
                                       0172 - 0173               2 
DATA16_I                                  0200                       dse    0
DATA16_Z                               0200 - 0221              22   rel    1
CSTACK                                 0240 - 027F              40   rel    1
DATA16_C                               F800 - F83C              3D   rel    1
CSTART                                 F83E - F855              18   rel    1
<CODE> 1                               F856 - FFAB             756   rel    1
INTVEC                                 FFE0 - FFF3              14   com    1
RESET                                  FFFE - FFFF               2   rel    1

                ****************************************
                *                                      *
                *        END OF CROSS REFERENCE        *
                *                                      *
                ****************************************

 1 924 bytes of CODE  memory
    98 bytes of DATA  memory (+ 10 absolute )
    61 bytes of CONST memory

Errors: none
Warnings: none

