###############################################################################
#                                                                             #
# IAR ELF Linker V5.30.0.51174/W32 for ARM              09/Apr/2009  14:03:07 #
# Copyright 2007-2009 IAR Systems AB.                                         #
#                                                                             #
#    Output file  =  C:\software\qpn\examples\cortex-m3\iar\pelican-qk-ev-lm3 #
#                    s811\dbg\pelican-qk.out                                  #
#    Map file     =  C:\software\qpn\examples\cortex-m3\iar\pelican-qk-ev-lm3 #
#                    s811\dbg\pelican-qk.map                                  #
#    Command line =  C:\software\qpn\examples\cortex-m3\iar\pelican-qk-ev-lm3 #
#                    s811\dbg\bsp.o C:\software\qpn\examples\cortex-m3\iar\pe #
#                    lican-qk-ev-lm3s811\dbg\main.o                           #
#                    C:\software\qpn\examples\cortex-m3\iar\pelican-qk-ev-lm3 #
#                    s811\dbg\osram96x16x1.o C:\software\qpn\examples\cortex- #
#                    m3\iar\pelican-qk-ev-lm3s811\dbg\ped.o                   #
#                    C:\software\qpn\examples\cortex-m3\iar\pelican-qk-ev-lm3 #
#                    s811\dbg\pelican.o C:\software\qpn\examples\cortex-m3\ia #
#                    r\pelican-qk-ev-lm3s811\dbg\qepn.o                       #
#                    C:\software\qpn\examples\cortex-m3\iar\pelican-qk-ev-lm3 #
#                    s811\dbg\qfn.o C:\software\qpn\examples\cortex-m3\iar\pe #
#                    lican-qk-ev-lm3s811\dbg\qkn.o                            #
#                    C:\software\qpn\examples\cortex-m3\iar\pelican-qk-ev-lm3 #
#                    s811\dbg\qkn_port.o C:\software\qpn\examples\cortex-m3\i #
#                    ar\pelican-qk-ev-lm3s811\dbg\startup.o                   #
#                    C:\tools\IAR\ARM_KS_5.30\arm\examples\Luminary\Stellaris #
#                    \driverlib\ewarm\Exe\driverlib.a --redirect              #
#                    _Printf=_PrintfTiny --redirect _Scanf=_ScanfSmall -o     #
#                    C:\software\qpn\examples\cortex-m3\iar\pelican-qk-ev-lm3 #
#                    s811\dbg\pelican-qk.out --map                            #
#                    C:\software\qpn\examples\cortex-m3\iar\pelican-qk-ev-lm3 #
#                    s811\dbg\pelican-qk.map --config                         #
#                    C:\software\qpn\examples\cortex-m3\iar\pelican-qk-ev-lm3 #
#                    s811\lm3s811.icf --semihosting --entry                   #
#                    __iar_program_start                                      #
#                                                                             #
#                                                                             #
###############################################################################

*******************************************************************************
*** PLACEMENT SUMMARY
***

"A1":  place at start of [mem:0x0-mem:0xffff] { ro section .intvec };
"P1":  place in [from mem:0x0 to mem:0xffff] { ro };
"P2":  place in [from mem:0x20000000 to mem:0x20001fff] { rw, block HEAP };

  Section            Kind        Address    Size  Object
  -------            ----        -------    ----  ------
"A1":                                       0xb8
  .intvec            const    0x00000000    0xb8  startup.o [1]
                            - 0x000000b8    0xb8

"P1":                                     0x14dc
  .text              ro code  0x000000b8   0x294  pelican.o [1]
  .text              ro code  0x0000034c   0x254  sysctl.o [4]
  .text              ro code  0x000005a0   0x228  osram96x16x1.o [1]
  .text              ro code  0x000007c8   0x1fa  qepn.o [1]
  .rodata            const    0x000009c4   0x1dc  osram96x16x1.o [1]
  .text              ro code  0x00000ba0   0x168  bsp.o [1]
  .text              ro code  0x00000d08   0x11a  qfn.o [1]
  .text              ro code  0x00000e24   0x110  qkn.o [1]
  .text              ro code  0x00000f34    0xfc  gpio.o [4]
  .text              ro code  0x00001030    0xd8  ped.o [1]
  .text              ro code  0x00001108    0x90  interrupt.o [4]
  .rodata            const    0x00001198    0x74  osram96x16x1.o [1]
  .text              ro code  0x0000120c    0x5e  i2c.o [4]
  .rodata            const    0x0000126c    0x5c  sysctl.o [4]
  CODE               ro code  0x000012c8    0x4c  qkn_port.o [1]
  .rodata            const    0x00001314    0x40  interrupt.o [4]
  .text              ro code  0x00001354    0x28  systick.o [4]
  .rodata            const    0x0000137c    0x24  bsp.o [1]
  .rodata            const    0x000013a0    0x24  main.o [1]
  .text              ro code  0x000013c4    0x24  copy_init2.o [5]
  .iar.init_table    const    0x000013e8    0x24  - Linker created -
  .rodata            const    0x0000140c    0x1c  qkn.o [1]
  .text              ro code  0x00001428    0x1c  data_init2.o [5]
  .text              ro code  0x00001444    0x1a  zero_init2.o [5]
  .text              ro code  0x00001460    0x18  cmain.o [5]
  .text              ro code  0x00001478    0x18  iarwstd.o [6]
  .text              ro code  0x00001490    0x16  main.o [1]
  .rodata            const    0x000014a8    0x14  pelican.o [1]
  .rodata            const    0x000014bc    0x14  pelican.o [1]
  .rodata            const    0x000014d0    0x14  pelican.o [1]
  .rodata            const    0x000014e4    0x14  pelican.o [1]
  .rodata            const    0x000014f8    0x14  pelican.o [1]
  .rodata            const    0x0000150c    0x14  pelican.o [1]
  .text              ro code  0x00001520    0x14  exit.o [6]
  .rodata            const    0x00001534    0x10  osram96x16x1.o [1]
  .rodata            const    0x00001544    0x10  qfn.o [1]
  .rodata            const    0x00001554     0xc  sysctl.o [4]
  .text              ro code  0x00001560     0xa  cexit.o [5]
  .rodata            const    0x0000156c     0x8  ped.o [1]
  .rodata            const    0x00001574     0x8  qepn.o [1]
  .text              ro code  0x0000157c     0x6  exit.o [3]
  .rodata            const    0x00001584     0x4  qkn.o [1]
  .text              ro code  0x00001588     0x4  low_level_init.o [3]
  Initializer bytes  ro data  0x0000158c     0x8  <for P2 s0>
                            - 0x00001594  0x14dc

"P2", part 1 of 3:                         0x258
  .noinit            uninit   0x20000000   0x258  startup.o [1]
                            - 0x20000258   0x258

"P2", part 2 of 3:                          0x54
  .bss               zero     0x20000258    0x18  ped.o [1]
  .bss               zero     0x20000270    0x18  pelican.o [1]
  .bss               zero     0x20000288    0x10  main.o [1]
  .bss               zero     0x20000298     0x8  main.o [1]
  .bss               zero     0x200002a0     0x4  osram96x16x1.o [1]
  .bss               zero     0x200002a4     0x4  iarwstd.o [6]
  .bss               zero     0x200002a8     0x1  qfn.o [1]
  .bss               zero     0x200002a9     0x1  qfn.o [1]
                            - 0x200002aa    0x52

"P2", part 3 of 3:                           0x8
  P2 s0                       0x200002ac     0x8  <Init block>
    .data            inited   0x200002ac     0x8  qkn.o [1]
                            - 0x200002b4     0x8


*******************************************************************************
*** INIT TABLE
***

          Address     Size
          -------     ----
Zero (__iar_zero_init2)
    1 destination range, total size 0x52:
          0x20000258  0x52

Copy (__iar_copy_init2)
    1 source range, total size 0x8 (100% of destination):
              0x158c   0x8
    1 destination range, total size 0x8:
          0x200002ac   0x8


*******************************************************************************
*** MODULE SUMMARY
***

    Module            ro code  ro data  rw data
    ------            -------  -------  -------
C:\software\qpn\examples\cortex-m3\iar\pelican-qk-ev-lm3s811\dbg: [1]
    bsp.o                 360       36
    main.o                 22       36       24
    osram96x16x1.o        552      608        4
    ped.o                 216        8       24
    pelican.o             660      120       24
    qepn.o                506        8
    qfn.o                 282       16        2
    qkn.o                 272       40        8
    qkn_port.o             76
    startup.o                      184      600
    -------------------------------------------
    Total:              2 946    1 056      686

command line: [2]
    -------------------------------------------
    Total:

dl7M_tl_in.a: [3]
    exit.o                  6
    low_level_init.o        4
    -------------------------------------------
    Total:                 10

driverlib.a: [4]
    gpio.o                252
    i2c.o                  94
    interrupt.o           144       64
    sysctl.o              596      104
    systick.o              40
    -------------------------------------------
    Total:              1 126      168

rt7M_tl.a: [5]
    cexit.o                10
    cmain.o                24
    copy_init2.o           36
    data_init2.o           28
    zero_init2.o           26
    -------------------------------------------
    Total:                124

shb_l.a: [6]
    exit.o                 20
    iarwstd.o              24                 4
    -------------------------------------------
    Total:                 44                 4

    Gaps                    4       10
    Linker created                  36
-----------------------------------------------
    Grand Total:        4 254    1 270      690


*******************************************************************************
*** ENTRY LIST
***

Entry                      Address   Size  Type      Object
-----                      -------   ----  ----      ------
AO_Ped                  0x20000258   0x18  Data  Gb  ped.o [1]
AO_Pelican              0x20000270   0x18  Data  Gb  pelican.o [1]
BSP_init                0x00000bd5   0x40  Code  Gb  bsp.o [1]
BSP_showState           0x00000ce1   0x28  Code  Gb  bsp.o [1]
BSP_signalCars          0x00000c75   0x40  Code  Gb  bsp.o [1]
BSP_signalPeds          0x00000cb5   0x2c  Code  Gb  bsp.o [1]
GPIODirModeSet          0x00000f35   0x2c  Code  Gb  gpio.o [4]
GPIOPadConfigSet        0x00000f61   0xa8  Code  Gb  gpio.o [4]
GPIOPinTypeI2C          0x0000100f    0xa  Code  Gb  gpio.o [4]
GPIOPinWrite            0x00001009    0x6  Code  Gb  gpio.o [4]
I2CMasterControl        0x00001263    0x4  Code  Gb  i2c.o [4]
I2CMasterDataPut        0x00001267    0x4  Code  Gb  i2c.o [4]
I2CMasterEnable         0x0000123d    0xc  Code  Gb  i2c.o [4]
I2CMasterInitExpClk     0x0000120d   0x30  Code  Gb  i2c.o [4]
I2CMasterIntStatus      0x00001249    0x8  Code  Gb  i2c.o [4]
I2CMasterSlaveAddrSet   0x00001259    0x8  Code  Gb  i2c.o [4]
ISR_DefaultHandler      0x00000bd1    0x2  Code  Gb  bsp.o [1]
ISR_Fault               0x00000bcf    0x2  Code  Gb  bsp.o [1]
ISR_GPIOA               0x00000bb9   0x14  Code  Gb  bsp.o [1]
ISR_Nmi                 0x00000bcd    0x2  Code  Gb  bsp.o [1]
ISR_SysTick             0x00000ba1    0x8  Code  Gb  bsp.o [1]
IntEnable               0x00001131   0x4c  Code  Gb  interrupt.o [4]
IntPrioritySet          0x00001109   0x24  Code  Gb  interrupt.o [4]
OSRAM96x16x1Clear       0x0000065d   0x48  Code  Gb  osram96x16x1.o [1]
OSRAM96x16x1Init        0x0000074d   0x68  Code  Gb  osram96x16x1.o [1]
OSRAM96x16x1StringDraw  0x000006a5   0x8c  Code  Gb  osram96x16x1.o [1]
OSRAM96x16x1WriteArray  0x000005e9   0x38  Code  Lc  osram96x16x1.o [1]
OSRAM96x16x1WriteByte   0x000005c3   0x1e  Code  Lc  osram96x16x1.o [1]
OSRAM96x16x1WriteFinal  0x00000621   0x34  Code  Lc  osram96x16x1.o [1]
OSRAM96x16x1WriteFirst  0x000005a1   0x18  Code  Lc  osram96x16x1.o [1]
Ped_ctor                0x00001031   0x10  Code  Gb  ped.o [1]
Ped_initial             0x00001041    0x8  Code  Lc  ped.o [1]
Ped_off                 0x000010ad   0x50  Code  Lc  ped.o [1]
Ped_wait                0x00001049   0x58  Code  Lc  ped.o [1]
Pelican_carsEnabled     0x00000107   0x18  Code  Lc  pelican.o [1]
Pelican_carsGreen       0x00000139   0x28  Code  Lc  pelican.o [1]
Pelican_carsGreenInt    0x000001c5   0x1c  Code  Lc  pelican.o [1]
Pelican_carsGreenNoPed  0x0000016d   0x30  Code  Lc  pelican.o [1]
Pelican_carsGreenPedWait
                        0x000001a9   0x1c  Code  Lc  pelican.o [1]
Pelican_carsYellow      0x000001e5   0x30  Code  Lc  pelican.o [1]
Pelican_ctor            0x000000b9   0x10  Code  Gb  pelican.o [1]
Pelican_initial         0x000000c9    0x8  Code  Lc  pelican.o [1]
Pelican_offline         0x000002e1   0x64  Code  Lc  pelican.o [1]
Pelican_operational     0x000000d1   0x2c  Code  Lc  pelican.o [1]
Pelican_pedsEnabled     0x00000231   0x1c  Code  Lc  pelican.o [1]
Pelican_pedsFlash       0x00000289   0x4a  Code  Lc  pelican.o [1]
Pelican_pedsWalk        0x0000024d   0x2c  Code  Lc  pelican.o [1]
QActive_arm             0x00000e19    0x4  Code  Gb  qfn.o [1]
QActive_post            0x00000d09   0x28  Code  Gb  qfn.o [1]
QActive_postISR         0x00000d37   0x24  Code  Gb  qfn.o [1]
QF_active               0x000013a0   0x24  Data  Gb  main.o [1]
QF_onStartup            0x00000c15   0x32  Code  Gb  bsp.o [1]
QF_readySet_            0x200002a8    0x1  Data  Gb  qfn.o [1]
QF_run                  0x00000e25   0x68  Code  Gb  qkn.o [1]
QF_tick                 0x00000ddd   0x38  Code  Gb  qfn.o [1]
QHsm_dispatch           0x0000084f  0x166  Code  Gb  qepn.o [1]
QHsm_init               0x000007cd   0x78  Code  Gb  qepn.o [1]
QHsm_top                0x000007c9    0x4  Code  Gb  qepn.o [1]
QK_PendSV               0x000012e7         Code  Gb  qkn_port.o [1]
QK_SVCall               0x00001303         Code  Gb  qkn_port.o [1]
QK_currPrio_            0x200002ac    0x1  Data  Gb  qkn.o [1]
QK_init                 0x000012c9         Code  Gb  qkn_port.o [1]
QK_intNest_             0x200002ad    0x1  Data  Gb  qkn.o [1]
QK_onIdle               0x00000c47   0x18  Code  Gb  bsp.o [1]
QK_schedule_            0x00000e99   0x90  Code  Gb  qkn.o [1]
Q_onAssert              0x00000c6f    0x4  Code  Gb  bsp.o [1]
Region$$Table$$Base     0x000013e8          --   Gb  - Linker created -
Region$$Table$$Limit    0x0000140c          --   Gb  - Linker created -
SysCtlClockGet          0x0000048d  0x10c  Code  Gb  sysctl.o [4]
SysCtlClockSet          0x0000037d  0x110  Code  Gb  sysctl.o [4]
SysCtlDelay             0x00000373    0x8  Code  Gb  sysctl.o [4]
SysCtlPeripheralEnable  0x0000034d    0x6  Code  Gb  sysctl.o [4]
SysTickEnable           0x00001355    0xc  Code  Gb  systick.o [4]
SysTickIntEnable        0x00001361    0xc  Code  Gb  systick.o [4]
SysTickPeriodSet        0x00001371    0x8  Code  Gb  systick.o [4]
__exit                  0x00001521   0x14  Code  Gb  exit.o [6]
__iar_copy_init2        0x000013c5   0x24  Code  Gb  copy_init2.o [5]
__iar_data_init2        0x00001429   0x1c  Code  Gb  data_init2.o [5]
__iar_program_start     0x00001461         Code  Gb  cmain.o [5]
__iar_sh_stdout_close   0x00001479   0x14  Code  Gb  iarwstd.o [6]
__iar_sh_stdout_handle  0x200002a4    0x4  Data  Lc  iarwstd.o [6]
__iar_zero_init2        0x00001445   0x1a  Code  Gb  zero_init2.o [5]
__low_level_init        0x00001589    0x4  Code  Gb  low_level_init.o [3]
__vector_table          0x00000000   0xb8  Data  Gb  startup.o [1]
_exit                   0x00001561         Code  Gb  cexit.o [5]
_main                   0x00001473         Code  Gb  cmain.o [5]
exit                    0x0000157d    0x6  Code  Gb  exit.o [3]
g_pucFont               0x000009c4  0x1dc  Data  Lc  osram96x16x1.o [1]
g_pucOSRAMInit          0x00001198   0x74  Data  Lc  osram96x16x1.o [1]
g_pulRCGCRegs           0x00001554    0xc  Data  Lc  sysctl.o [4]
g_pulRegs               0x00001314   0x40  Data  Lc  interrupt.o [4]
g_pulXtals              0x0000126c   0x5c  Data  Lc  sysctl.o [4]
g_ulDelay               0x200002a0    0x4  Data  Lc  osram96x16x1.o [1]
l_act                   0x200002b0    0x4  Data  Lc  qkn.o [1]
l_pedQueue              0x20000298    0x8  Data  Lc  main.o [1]
l_pelicanQueue          0x20000288   0x10  Data  Lc  main.o [1]
l_pow2Lkup              0x00001544    0xc  Data  Lc  qfn.o [1]
l_this_file             0x00001574    0x8  Data  Lc  qepn.o [1]
l_this_file             0x00001550    0x4  Data  Lc  qfn.o [1]
l_this_file             0x00001584    0x4  Data  Lc  qkn.o [1]
main                    0x00001491   0x16  Code  Gb  main.o [1]
stack                   0x20000000  0x258  Data  Lc  startup.o [1]


[1] = C:\software\qpn\examples\cortex-m3\iar\pelican-qk-ev-lm3s811\dbg
[2] = command line
[3] = dl7M_tl_in.a
[4] = driverlib.a
[5] = rt7M_tl.a
[6] = shb_l.a

  4 254 bytes of readonly  code memory
  1 270 bytes of readonly  data memory
    690 bytes of readwrite data memory

Errors: none
Warnings: none
