################################################################################
#                                                                              #
#      IAR Universal Linker V4.60K/386                                         #
#                                                                              #
#           Link time     =  09/Apr/2009  14:03:30                             #
#           Target CPU    =  MSP430                                            #
#           List file     =  C:\software\qpn\examples\msp430\iar\pelican-qk-eZ #
#                            430\dbg\pelican-qk.map                            #
#           Output file 1 =  C:\software\qpn\examples\msp430\iar\pelican-qk-eZ #
#                            430\dbg\pelican-qk.d43                            #
#                            Format: debug                                     #
#                            UBROF version 10.0.2                              #
#           Command line  =  C:\software\qpn\examples\msp430\iar\pelican-qk-eZ #
#                            430\dbg\bsp.r43                                   #
#                            C:\software\qpn\examples\msp430\iar\pelican-qk-eZ #
#                            430\dbg\main.r43                                  #
#                            C:\software\qpn\examples\msp430\iar\pelican-qk-eZ #
#                            430\dbg\ped.r43                                   #
#                            C:\software\qpn\examples\msp430\iar\pelican-qk-eZ #
#                            430\dbg\pelican.r43                               #
#                            C:\software\qpn\examples\msp430\iar\pelican-qk-eZ #
#                            430\dbg\qepn.r43                                  #
#                            C:\software\qpn\examples\msp430\iar\pelican-qk-eZ #
#                            430\dbg\qfn.r43                                   #
#                            C:\software\qpn\examples\msp430\iar\pelican-qk-eZ #
#                            430\dbg\qkn.r43                                   #
#                            -o                                                #
#                            C:\software\qpn\examples\msp430\iar\pelican-qk-eZ #
#                            430\dbg\pelican-qk.d43                            #
#                            -l                                                #
#                            C:\software\qpn\examples\msp430\iar\pelican-qk-eZ #
#                            430\dbg\pelican-qk.map                            #
#                            -xmsnio -IC:\tools\IAR\430_KS_4.10A\430\LIB\ -f   #
#                            C:\tools\IAR\430_KS_4.10A\430\CONFIG\lnk430F2013. #
#                            xcl                                               #
#                            (-cmsp430                                         #
#                            -Z(DATA)DATA16_I,DATA16_Z,DATA16_N,DATA16_HEAP+_D #
#                            ATA16_HEAP_SIZE=0200-027F                         #
#                            -Z(DATA)CSTACK+_STACK_SIZE#                       #
#                            -Z(CODE)INFO=1000-10FF -Z(CODE)INFOA=10C0-10FF    #
#                            -Z(CODE)INFOB=1080-10BF -Z(CODE)INFOC=1040-107F   #
#                            -Z(CODE)INFOD=1000-103F                           #
#                            -Z(CONST)DATA16_C,DATA16_ID,DIFUNCT=F800-FFDF     #
#                            -Z(CONST)DATA20_C,DATA20_ID=F800-FFDF             #
#                            -Z(CODE)CSTART,ISR_CODE=F800-FFDF                 #
#                            -P(CODE)CODE=F800-FFDF -Z(CODE)INTVEC=FFE0-FFFF   #
#                            -Z(CODE)RESET=FFFE-FFFF) -D_STACK_SIZE=5A         #
#                            -Fubrof                                           #
#                            C:\tools\IAR\430_KS_4.10A\430\LIB\DLIB\dl430fn.r4 #
#                            3                                                 #
#                            -e_PrintfTiny=_Printf -e_ScanfSmall=_Scanf        #
#                            -D_DATA16_HEAP_SIZE=0 -s __program_start          #
#                            -D_DATA20_HEAP_SIZE=50                            #
#                                                                              #
#                        Copyright 1987-2007 IAR Systems. All rights reserved. #
################################################################################





                ****************************************
                *                                      *
                *           CROSS REFERENCE            *
                *                                      *
                ****************************************

       Program entry at :           F844  Relocatable, from module : ?cstart




                ****************************************
                *                                      *
                *            RUNTIME MODEL             *
                *                                      *
                ****************************************

  __core                 = 430
  __dlib_file_descriptor = 0
  __double_size          = 32
  __pic                  = no
  __reg_r4               = free
  __reg_r5               = free
  __rt_version           = 3



                ****************************************
                *                                      *
                *              MODULE MAP              *
                *                                      *
                ****************************************


  DEFINED ABSOLUTE ENTRIES
    *************************************************************************

  DEFINED ABSOLUTE ENTRIES
  PROGRAM MODULE, NAME : ?ABS_ENTRY_MOD

Absolute parts
           ENTRY                   ADDRESS         REF BY
           =====                   =======         ======
           _DATA20_HEAP_SIZE       0050 
           _DATA16_HEAP_SIZE       0000 
           _STACK_SIZE             005A 
    *************************************************************************

  FILE NAME : C:\software\qpn\examples\msp430\iar\pelican-qk-eZ430\dbg\bsp.r43
  PROGRAM MODULE, NAME : bsp

  SEGMENTS IN THE MODULE
  ======================
DATA16_AN
  Relative segment, address: 0021 - 0021 (0x1 bytes), align: 0
  Segment part 1.             Intra module refs:   BSP_signalPeds
           ENTRY                   ADDRESS         REF BY
           =====                   =======         ======
           P1OUT                   0021 
    -------------------------------------------------------------------------
DATA16_AN
  Relative segment, address: 0022 - 0022 (0x1 bytes), align: 0
  Segment part 2.             Intra module refs:   BSP_init
           ENTRY                   ADDRESS         REF BY
           =====                   =======         ======
           P1DIR                   0022 
    -------------------------------------------------------------------------
DATA16_AN
  Relative segment, address: 0160 - 0161 (0x2 bytes), align: 0
  Segment part 3.             Intra module refs:   BSP_init
           ENTRY                   ADDRESS         REF BY
           =====                   =======         ======
           TACTL                   0160 
    -------------------------------------------------------------------------
DATA16_AN
  Relative segment, address: 0162 - 0163 (0x2 bytes), align: 0
  Segment part 4.             Intra module refs:   QF_onStartup
           ENTRY                   ADDRESS         REF BY
           =====                   =======         ======
           TACCTL0                 0162 
    -------------------------------------------------------------------------
DATA16_AN
  Relative segment, address: 0172 - 0173 (0x2 bytes), align: 0
  Segment part 5.             Intra module refs:   BSP_init
           ENTRY                   ADDRESS         REF BY
           =====                   =======         ======
           TACCR0                  0172 
    -------------------------------------------------------------------------
DATA16_AN
  Relative segment, address: 0120 - 0121 (0x2 bytes), align: 0
  Segment part 6.             Intra module refs:   BSP_init
           ENTRY                   ADDRESS         REF BY
           =====                   =======         ======
           WDTCTL                  0120 
    -------------------------------------------------------------------------
<CODE> 1 (was CODE)
  Relative segment, address: FE68 - FE87 (0x20 bytes), align: 1
  Segment part 14.            Intra module refs:   timerA_ISR::??INTVEC 18
           ENTRY                   ADDRESS         REF BY
           =====                   =======         ======
           timerA_ISR              FE68 
               interrupt function
               calls direct
               stack 1 = 00000000 ( 0000000C )
    -------------------------------------------------------------------------
<CODE> 1 (was CODE)
  Relative segment, address: FE88 - FE9F (0x18 bytes), align: 1
  Segment part 13.
           ENTRY                   ADDRESS         REF BY
           =====                   =======         ======
           BSP_init                FE88            main (main)
               stack 1 = 00000000 ( 00000002 )
    -------------------------------------------------------------------------
<CODE> 1 (was CODE)
  Relative segment, address: FF8C - FF93 (0x8 bytes), align: 1
  Segment part 12.
           ENTRY                   ADDRESS         REF BY
           =====                   =======         ======
           QF_onStartup            FF8C            QF_run (qkn)
               stack 1 = 00000000 ( 00000002 )
    -------------------------------------------------------------------------
<CODE> 1 (was CODE)
  Relative segment, address: FFA4 - FFA9 (0x6 bytes), align: 1
  Segment part 11.
           ENTRY                   ADDRESS         REF BY
           =====                   =======         ======
           QK_onIdle               FFA4            QF_run (qkn)
               stack 1 = 00000000 ( 00000002 )
    -------------------------------------------------------------------------
<CODE> 1 (was CODE)
  Relative segment, address: FFBC - FFBD (0x2 bytes), align: 1
  Segment part 10.
           ENTRY                   ADDRESS         REF BY
           =====                   =======         ======
           Q_onAssert              FFBC            ?Subroutine4 (qepn)
                                                   QActive_post (qfn)
                                                   QActive_postISR (qfn)
                                                   QF_run (qkn)
               stack 1 = 00000000 ( 00000002 )
    -------------------------------------------------------------------------
<CODE> 1 (was CODE)
  Relative segment, address: FF00 - FF0F (0x10 bytes), align: 1
  Segment part 9.
           ENTRY                   ADDRESS         REF BY
           =====                   =======         ======
           BSP_signalPeds          FF00            ?Subroutine1 (pelican)
                                                   ?Subroutine6 (pelican)
               stack 1 = 00000000 ( 00000002 )
    -------------------------------------------------------------------------
INTVEC
  Common segment, address: FFE0 - FFF3 (0x14 bytes), align: 1
  Segment part 7. ROOT.
           ENTRY                   ADDRESS         REF BY
           =====                   =======         ======
           timerA_ISR::??INTVEC 18
                                   FFF2 
    -------------------------------------------------------------------------
CSTACK
  Segment part 8. NOT NEEDED.
    -------------------------------------------------------------------------
CODE
  Segment part 15. NOT NEEDED.
           ENTRY                   ADDRESS         REF BY
           =====                   =======         ======
           ?setjmp_save_r4         
    -------------------------------------------------------------------------
CODE
  Segment part 16. NOT NEEDED.
           ENTRY                   ADDRESS         REF BY
           =====                   =======         ======
           ?setjmp_save_r5         

    *************************************************************************

  FILE NAME : C:\software\qpn\examples\msp430\iar\pelican-qk-eZ430\dbg\main.r43
  PROGRAM MODULE, NAME : main

  SEGMENTS IN THE MODULE
  ======================
DATA16_Z
  Relative segment, address: 021E - 021F (0x2 bytes), align: 0
  Segment part 2.             Intra module refs:   QF_active
           LOCAL                   ADDRESS         
           =====                   =======         
           l_pelicanQueue          021E 
    -------------------------------------------------------------------------
DATA16_Z
  Relative segment, address: 0220 - 0220 (0x1 bytes), align: 0
  Segment part 3.             Intra module refs:   QF_active
           LOCAL                   ADDRESS         
           =====                   =======         
           l_pedQueue              0220 
    -------------------------------------------------------------------------
DATA16_C
  Relative segment, address: F800 - F811 (0x12 bytes), align: 1
  Segment part 4.
           ENTRY                   ADDRESS         REF BY
           =====                   =======         ======
           QF_active               F800            ?Subroutine0 (qfn)
                                                   ?Subroutine2 (qfn)
                                                   QF_run (qkn)
                                                   QF_tick (qfn)
                                                   QK_schedule_ (qkn)
    -------------------------------------------------------------------------
<CODE> 1 (was CODE)
  Relative segment, address: FF20 - FF2F (0x10 bytes), align: 1
  Segment part 5.
           ENTRY                   ADDRESS         REF BY
           =====                   =======         ======
           main                    FF20            Segment part 11 (?cstart)
               calls direct
               stack 1 = 00000000 ( 00000002 )
    -------------------------------------------------------------------------
CSTACK
  Segment part 1. NOT NEEDED.
    -------------------------------------------------------------------------
CODE
  Segment part 6. TENTATIVE. Used definition from bsp
           ENTRY                   ADDRESS         REF BY
           =====                   =======         ======
           ?setjmp_save_r4         
    -------------------------------------------------------------------------
CODE
  Segment part 7. TENTATIVE. Used definition from bsp
           ENTRY                   ADDRESS         REF BY
           =====                   =======         ======
           ?setjmp_save_r5         

    *************************************************************************

  FILE NAME : C:\software\qpn\examples\msp430\iar\pelican-qk-eZ430\dbg\ped.r43
  PROGRAM MODULE, NAME : ped

  SEGMENTS IN THE MODULE
  ======================
DATA16_Z
  Relative segment, address: 0202 - 020D (0xc bytes), align: 1
  Segment part 2.             Intra module refs:   Ped_ctor
           ENTRY                   ADDRESS         REF BY
           =====                   =======         ======
           AO_Ped                  0202            QF_active (main)
    -------------------------------------------------------------------------
<CODE> 1 (was CODE)
  Relative segment, address: FF7C - FF83 (0x8 bytes), align: 1
  Segment part 6.
           ENTRY                   ADDRESS         REF BY
           =====                   =======         ======
           Ped_ctor                FF7C            main (main)
               stack 1 = 00000000 ( 00000002 )
    -------------------------------------------------------------------------
<CODE> 1 (was CODE)
  Relative segment, address: FCAE - FCF7 (0x4a bytes), align: 1
  Segment part 3.             Intra module refs:   ?Subroutine0
           LOCAL                   ADDRESS         
           =====                   =======         
           Ped_wait                FCAE 
               calls direct
               stack 1 = 00000000 ( 00000002 )
    -------------------------------------------------------------------------
<CODE> 1 (was CODE)
  Relative segment, address: FCF8, align: 1
  Segment part 4.             Intra module refs:   Ped_ctor
           LOCAL                   ADDRESS         
           =====                   =======         
           Ped_initial             FCF8 
               stack 1 = 00000000 ( 00000002 )
    -------------------------------------------------------------------------
<CODE> 1 (was CODE)
  Relative segment, address: FCF8 - FD01 (0xa bytes), align: 1
  Segment part 5.             Intra module refs:   Ped_initial
                                                   Ped_wait
           LOCAL                   ADDRESS         
           =====                   =======         
           ?Subroutine0            FCF8 
    -------------------------------------------------------------------------
CSTACK
  Segment part 1. NOT NEEDED.
    -------------------------------------------------------------------------
CODE
  Segment part 7. TENTATIVE. Used definition from bsp
           ENTRY                   ADDRESS         REF BY
           =====                   =======         ======
           ?setjmp_save_r4         
    -------------------------------------------------------------------------
CODE
  Segment part 8. TENTATIVE. Used definition from bsp
           ENTRY                   ADDRESS         REF BY
           =====                   =======         ======
           ?setjmp_save_r5         

    *************************************************************************

  FILE NAME : C:\software\qpn\examples\msp430\iar\pelican-qk-eZ430\dbg\pelican.r43
  PROGRAM MODULE, NAME : pelican

  SEGMENTS IN THE MODULE
  ======================
DATA16_Z
  Relative segment, address: 020E - 0219 (0xc bytes), align: 1
  Segment part 2.             Intra module refs:   Pelican_ctor
           ENTRY                   ADDRESS         REF BY
           =====                   =======         ======
           AO_Pelican              020E            Ped_wait (ped)
                                                   QF_active (main)
    -------------------------------------------------------------------------
<CODE> 1 (was CODE)
  Relative segment, address: FF84 - FF8B (0x8 bytes), align: 1
  Segment part 22.
           ENTRY                   ADDRESS         REF BY
           =====                   =======         ======
           Pelican_ctor            FF84            main (main)
               stack 1 = 00000000 ( 00000002 )
    -------------------------------------------------------------------------
<CODE> 1 (was CODE)
  Relative segment, address: FF72 - FF7B (0xa bytes), align: 1
  Segment part 21.            Intra module refs:   Pelican_ctor
           LOCAL                   ADDRESS         
           =====                   =======         
           Pelican_initial         FF72 
               stack 1 = 00000000 ( 00000002 )
    -------------------------------------------------------------------------
<CODE> 1 (was CODE)
  Relative segment, address: F9D4 - F9FD (0x2a bytes), align: 1
  Segment part 6.             Intra module refs:   Pelican_pedsEnabled
           LOCAL                   ADDRESS         
           =====                   =======         
           Pelican_pedsWalk        F9D4 
               calls direct
               stack 1 = 00000000 ( 00000002 )
    -------------------------------------------------------------------------
<CODE> 1 (was CODE)
  Relative segment, address: F9FE - FA19 (0x1c bytes), align: 1
  Segment part 7.             Intra module refs:   Pelican_carsYellow
                                                   Pelican_pedsFlash
                                                   Pelican_pedsWalk
           LOCAL                   ADDRESS         
           =====                   =======         
           Pelican_pedsEnabled     F9FE 
               calls direct
               stack 1 = 00000000 ( 00000002 )
    -------------------------------------------------------------------------
<CODE> 1 (was CODE)
  Relative segment, address: FA1A - FA23 (0xa bytes), align: 1
  Segment part 8.             Intra module refs:   Pelican_operational
                                                   Pelican_pedsEnabled
                                                   Pelican_pedsWalk
           LOCAL                   ADDRESS         
           =====                   =======         
           ?Subroutine1            FA1A 
    -------------------------------------------------------------------------
<CODE> 1 (was CODE)
  Relative segment, address: FA24 - FA45 (0x22 bytes), align: 1
  Segment part 9.             Intra module refs:   ?Subroutine2
           LOCAL                   ADDRESS         
           =====                   =======         
           Pelican_carsYellow      FA24 
               stack 1 = 00000000 ( 00000002 )
    -------------------------------------------------------------------------
<CODE> 1 (was CODE)
  Relative segment, address: FA46 - FA4D (0x8 bytes), align: 1
  Segment part 10.            Intra module refs:   Pelican_carsGreen
                                                   Pelican_carsYellow
           LOCAL                   ADDRESS         
           =====                   =======         
           ?Subroutine3            FA46 
    -------------------------------------------------------------------------
<CODE> 1 (was CODE)
  Relative segment, address: FA4E - FA5F (0x12 bytes), align: 1
  Segment part 11.            Intra module refs:   Pelican_carsGreenNoPed
           LOCAL                   ADDRESS         
           =====                   =======         
           Pelican_carsGreenInt    FA4E 
               stack 1 = 00000000 ( 00000002 )
    -------------------------------------------------------------------------
<CODE> 1 (was CODE)
  Relative segment, address: FA60 - FA67 (0x8 bytes), align: 1
  Segment part 12.            Intra module refs:   Pelican_carsGreenInt
                                                   Pelican_carsGreenNoPed
                                                   Pelican_carsGreenPedWait
           LOCAL                   ADDRESS         
           =====                   =======         
           ?Subroutine4            FA60 
    -------------------------------------------------------------------------
<CODE> 1 (was CODE)
  Relative segment, address: FA68 - FA71 (0xa bytes), align: 1
  Segment part 13.            Intra module refs:   Pelican_carsGreenInt
                                                   Pelican_carsGreenPedWait
           LOCAL                   ADDRESS         
           =====                   =======         
           ?Subroutine2            FA68 
    -------------------------------------------------------------------------
<CODE> 1 (was CODE)
  Relative segment, address: FA72 - FA7D (0xc bytes), align: 1
  Segment part 14.            Intra module refs:   ?Subroutine3
                                                   ?Subroutine4
                                                   Pelican_carsEnabled
                                                   Pelican_operational
                                                   Pelican_pedsEnabled
                                                   Pelican_pedsWalk
           LOCAL                   ADDRESS         
           =====                   =======         
           ?Subroutine0            FA72 
    -------------------------------------------------------------------------
<CODE> 1 (was CODE)
  Relative segment, address: FA7E - FA93 (0x16 bytes), align: 1
  Segment part 15.            Intra module refs:   Pelican_carsGreenNoPed
           LOCAL                   ADDRESS         
           =====                   =======         
           Pelican_carsGreenPedWait
                                   FA7E 
               stack 1 = 00000000 ( 00000002 )
    -------------------------------------------------------------------------
<CODE> 1 (was CODE)
  Relative segment, address: FA94 - FABF (0x2c bytes), align: 1
  Segment part 16.            Intra module refs:   Pelican_carsGreen
           LOCAL                   ADDRESS         
           =====                   =======         
           Pelican_carsGreenNoPed
                                   FA94 
               stack 1 = 00000000 ( 00000002 )
    -------------------------------------------------------------------------
<CODE> 1 (was CODE)
  Relative segment, address: FAC0 - FAC9 (0xa bytes), align: 1
  Segment part 17.            Intra module refs:   Pelican_carsGreen
                                                   Pelican_carsGreenInt
                                                   Pelican_carsGreenNoPed
                                                   Pelican_carsGreenPedWait
                                                   Pelican_carsYellow
                                                   Pelican_offline
                                                   Pelican_operational
                                                   Pelican_pedsFlash
                                                   Pelican_pedsWalk
           LOCAL                   ADDRESS         
           =====                   =======         
           ?Subroutine5            FAC0 
    -------------------------------------------------------------------------
<CODE> 1 (was CODE)
  Relative segment, address: FACA - FAEB (0x22 bytes), align: 1
  Segment part 18.            Intra module refs:   ?Subroutine4
                                                   Pelican_carsEnabled
           LOCAL                   ADDRESS         
           =====                   =======         
           Pelican_carsGreen       FACA 
               stack 1 = 00000000 ( 00000002 )
    -------------------------------------------------------------------------
<CODE> 1 (was CODE)
  Relative segment, address: FAEC - FB09 (0x1e bytes), align: 1
  Segment part 19.            Intra module refs:   ?Subroutine3
                                                   Pelican_operational
                                                   Pelican_pedsFlash
           LOCAL                   ADDRESS         
           =====                   =======         
           Pelican_carsEnabled     FAEC 
               stack 1 = 00000000 ( 00000002 )
    -------------------------------------------------------------------------
<CODE> 1 (was CODE)
  Relative segment, address: FB0A - FB39 (0x30 bytes), align: 1
  Segment part 20.            Intra module refs:   ?Subroutine0
                                                   Pelican_initial
                                                   Pelican_offline
           LOCAL                   ADDRESS         
           =====                   =======         
           Pelican_operational     FB0A 
               calls direct
               stack 1 = 00000000 ( 00000002 )
    -------------------------------------------------------------------------
<CODE> 1 (was CODE)
  Relative segment, address: FD4E - FD97 (0x4a bytes), align: 1
  Segment part 4.             Intra module refs:   Pelican_pedsWalk
           LOCAL                   ADDRESS         
           =====                   =======         
           Pelican_pedsFlash       FD4E 
               calls direct
               stack 1 = 00000000 ( 00000004 )
    -------------------------------------------------------------------------
<CODE> 1 (was CODE)
  Relative segment, address: FF30 - FF3F (0x10 bytes), align: 1
  Segment part 5.             Intra module refs:   Pelican_offline
                                                   Pelican_pedsFlash
           LOCAL                   ADDRESS         
           =====                   =======         
           ?Subroutine6            FF30 
    -------------------------------------------------------------------------
<CODE> 1 (was CODE)
  Relative segment, address: FD02 - FD4D (0x4c bytes), align: 1
  Segment part 3.             Intra module refs:   Pelican_operational
           LOCAL                   ADDRESS         
           =====                   =======         
           Pelican_offline         FD02 
               calls direct
               stack 1 = 00000000 ( 00000004 )
    -------------------------------------------------------------------------
CSTACK
  Segment part 1. NOT NEEDED.
    -------------------------------------------------------------------------
CODE
  Segment part 23. TENTATIVE. Used definition from bsp
           ENTRY                   ADDRESS         REF BY
           =====                   =======         ======
           ?setjmp_save_r4         
    -------------------------------------------------------------------------
CODE
  Segment part 24. TENTATIVE. Used definition from bsp
           ENTRY                   ADDRESS         REF BY
           =====                   =======         ======
           ?setjmp_save_r5         

    *************************************************************************

  FILE NAME : C:\software\qpn\examples\msp430\iar\pelican-qk-eZ430\dbg\qepn.r43
  PROGRAM MODULE, NAME : qepn

  SEGMENTS IN THE MODULE
  ======================
DATA16_C
  Relative segment, address: F812 - F816 (0x5 bytes), align: 0
  Segment part 2.             Intra module refs:   ?Subroutine4
           LOCAL                   ADDRESS         
           =====                   =======         
           l_this_file             F812 
    -------------------------------------------------------------------------
CODE
  Segment part 12. NOT NEEDED.
           ENTRY                   ADDRESS         REF BY
           =====                   =======         ======
           QP_getVersion           
               not allocated function
    -------------------------------------------------------------------------
DATA16_C
  Segment part 3. NOT NEEDED.
           LOCAL                   ADDRESS         
           =====                   =======         
           QP_getVersion::version
                                   
    -------------------------------------------------------------------------
<CODE> 1 (was CODE)
  Relative segment, address: FFAE - FFB1 (0x4 bytes), align: 1
  Segment part 11.            Intra module refs:   QHsm_init
           ENTRY                   ADDRESS         REF BY
           =====                   =======         ======
           QHsm_top                FFAE            Ped_wait (ped)
                                                   Pelican_offline (pelican)
                                                   Pelican_operational (pelican)
               stack 1 = 00000000 ( 00000002 )
    -------------------------------------------------------------------------
<CODE> 1 (was CODE)
  Relative segment, address: FBBE - FC39 (0x7c bytes), align: 1
  Segment part 7.
           ENTRY                   ADDRESS         REF BY
           =====                   =======         ======
           QHsm_init               FBBE            QF_run (qkn)
               calls direct and indirect
               stack 1 = 00000000 ( 00000012 )
    -------------------------------------------------------------------------
<CODE> 1 (was CODE)
  Relative segment, address: FF9C - FFA3 (0x8 bytes), align: 1
  Segment part 8.             Intra module refs:   QHsm_dispatch
                                                   QHsm_init
           LOCAL                   ADDRESS         
           =====                   =======         
           ?Subroutine4            FF9C 
    -------------------------------------------------------------------------
<CODE> 1 (was CODE)
  Relative segment, address: FF40 - FF4D (0xe bytes), align: 1
  Segment part 9.             Intra module refs:   QHsm_dispatch
                                                   QHsm_init
           LOCAL                   ADDRESS         
           =====                   =======         
           ?Subroutine3            FF40 
    -------------------------------------------------------------------------
<CODE> 1 (was CODE)
  Relative segment, address: FF68 - FF71 (0xa bytes), align: 1
  Segment part 10.            Intra module refs:   QHsm_dispatch
                                                   QHsm_init
           LOCAL                   ADDRESS         
           =====                   =======         
           ?Subroutine2            FF68 
    -------------------------------------------------------------------------
<CODE> 1 (was CODE)
  Relative segment, address: F86C - F9D3 (0x168 bytes), align: 1
  Segment part 4.
           ENTRY                   ADDRESS         REF BY
           =====                   =======         ======
           QHsm_dispatch           F86C            QK_schedule_ (qkn)
               calls direct and indirect
               stack 1 = 00000000 ( 00000018 )
    -------------------------------------------------------------------------
<CODE> 1 (was CODE)
  Relative segment, address: FF94 - FF9B (0x8 bytes), align: 1
  Segment part 5.             Intra module refs:   QHsm_dispatch
           LOCAL                   ADDRESS         
           =====                   =======         
           ?Subroutine1            FF94 
    -------------------------------------------------------------------------
<CODE> 1 (was CODE)
  Relative segment, address: FEA0 - FEB7 (0x18 bytes), align: 1
  Segment part 6.             Intra module refs:   QHsm_dispatch
           LOCAL                   ADDRESS         
           =====                   =======         
           ?Subroutine0            FEA0 
    -------------------------------------------------------------------------
CSTACK
  Segment part 1. NOT NEEDED.
    -------------------------------------------------------------------------
CODE
  Segment part 13. TENTATIVE. Used definition from bsp
           ENTRY                   ADDRESS         REF BY
           =====                   =======         ======
           ?setjmp_save_r4         
    -------------------------------------------------------------------------
CODE
  Segment part 14. TENTATIVE. Used definition from bsp
           ENTRY                   ADDRESS         REF BY
           =====                   =======         ======
           ?setjmp_save_r5         

    *************************************************************************

  FILE NAME : C:\software\qpn\examples\msp430\iar\pelican-qk-eZ430\dbg\qfn.r43
  PROGRAM MODULE, NAME : qfn

  SEGMENTS IN THE MODULE
  ======================
DATA16_C
  Relative segment, address: F817 - F81A (0x4 bytes), align: 0
  Segment part 2.             Intra module refs:   QActive_post
                                                   QActive_postISR
           LOCAL                   ADDRESS         
           =====                   =======         
           l_this_file             F817 
    -------------------------------------------------------------------------
DATA16_Z
  Relative segment, address: 0221 - 0221 (0x1 bytes), align: 0
  Segment part 3.             Intra module refs:   ?Subroutine1
           ENTRY                   ADDRESS         REF BY
           =====                   =======         ======
           QF_readySet_            0221            QF_run (qkn)
                                                   QK_schedule_ (qkn)
                                                   timerA_ISR (bsp)
    -------------------------------------------------------------------------
DATA16_C
  Relative segment, address: F81B - F823 (0x9 bytes), align: 0
  Segment part 4.             Intra module refs:   ?Subroutine1
           LOCAL                   ADDRESS         
           =====                   =======         
           l_pow2Lkup              F81B 
    -------------------------------------------------------------------------
<CODE> 1 (was CODE)
  Relative segment, address: FD98 - FDD7 (0x40 bytes), align: 1
  Segment part 9.
           ENTRY                   ADDRESS         REF BY
           =====                   =======         ======
           QActive_post            FD98            Ped_wait (ped)
               calls direct
               stack 1 = 00000000 ( 00000008 )
    -------------------------------------------------------------------------
<CODE> 1 (was CODE)
  Relative segment, address: FF10 - FF1F (0x10 bytes), align: 1
  Segment part 10.            Intra module refs:   QActive_post
                                                   QActive_postISR
           LOCAL                   ADDRESS         
           =====                   =======         
           ?Subroutine2            FF10 
    -------------------------------------------------------------------------
<CODE> 1 (was CODE)
  Relative segment, address: FEDC - FEED (0x12 bytes), align: 1
  Segment part 11.            Intra module refs:   QActive_post
                                                   QActive_postISR
           LOCAL                   ADDRESS         
           =====                   =======         
           ?Subroutine1            FEDC 
    -------------------------------------------------------------------------
<CODE> 1 (was CODE)
  Relative segment, address: FE3C - FE67 (0x2c bytes), align: 1
  Segment part 12.            Intra module refs:   QActive_post
                                                   QActive_postISR
           LOCAL                   ADDRESS         
           =====                   =======         
           ?Subroutine0            FE3C 
    -------------------------------------------------------------------------
<CODE> 1 (was CODE)
  Relative segment, address: FF5C - FF67 (0xc bytes), align: 1
  Segment part 13.            Intra module refs:   ?Subroutine0
                                                   QF_tick
           LOCAL                   ADDRESS         
           =====                   =======         
           ?Subroutine3            FF5C 
    -------------------------------------------------------------------------
<CODE> 1 (was CODE)
  Relative segment, address: FDD8 - FE0D (0x36 bytes), align: 1
  Segment part 7.             Intra module refs:   QF_tick
           ENTRY                   ADDRESS         REF BY
           =====                   =======         ======
           QActive_postISR         FDD8 
               calls direct
               stack 1 = 00000000 ( 00000008 )
    -------------------------------------------------------------------------
<CODE> 1 (was CODE)
  Relative segment, address: FE0E - FE3B (0x2e bytes), align: 1
  Segment part 8.
           ENTRY                   ADDRESS         REF BY
           =====                   =======         ======
           QF_tick                 FE0E            timerA_ISR (bsp)
               calls direct
               stack 1 = 00000000 ( 00000002 )
    -------------------------------------------------------------------------
DATA16_Z
  Relative segment, address: 0222 - 0222 (0x1 bytes), align: 0
  Segment part 5.             Intra module refs:   QF_tick
           LOCAL                   ADDRESS         
           =====                   =======         
           QF_tick::p              0222 
    -------------------------------------------------------------------------
DATA16_Z
  Relative segment, address: 021A - 021B (0x2 bytes), align: 1
  Segment part 6.             Intra module refs:   QF_tick
           LOCAL                   ADDRESS         
           =====                   =======         
           QF_tick{1}::a           021A 
    -------------------------------------------------------------------------
CSTACK
  Segment part 1. NOT NEEDED.
    -------------------------------------------------------------------------
CODE
  Segment part 14. TENTATIVE. Used definition from bsp
           ENTRY                   ADDRESS         REF BY
           =====                   =======         ======
           ?setjmp_save_r4         
    -------------------------------------------------------------------------
CODE
  Segment part 15. TENTATIVE. Used definition from bsp
           ENTRY                   ADDRESS         REF BY
           =====                   =======         ======
           ?setjmp_save_r5         

    *************************************************************************

  FILE NAME : C:\software\qpn\examples\msp430\iar\pelican-qk-eZ430\dbg\qkn.r43
  PROGRAM MODULE, NAME : qkn

  SEGMENTS IN THE MODULE
  ======================
DATA16_C
  Relative segment, address: F824 - F827 (0x4 bytes), align: 0
  Segment part 2.             Intra module refs:   QF_run
           LOCAL                   ADDRESS         
           =====                   =======         
           l_this_file             F824 
    -------------------------------------------------------------------------
DATA16_I
  Relative segment, address: 0200 - 0200 (0x1 bytes), align: 0
  Segment part 3.             Intra module refs:   QF_run
                                                   QK_schedule_
           ENTRY                   ADDRESS         REF BY
           =====                   =======         ======
           QK_currPrio_            0200 
    -------------------------------------------------------------------------
DATA16_Z
  Relative segment, address: 021C - 021D (0x2 bytes), align: 1
  Segment part 5.             Intra module refs:   QF_run
                                                   QK_schedule_
           LOCAL                   ADDRESS         
           =====                   =======         
           l_act                   021C 
    -------------------------------------------------------------------------
<CODE> 1 (was CODE)
  Relative segment, address: FC3A - FCAD (0x74 bytes), align: 1
  Segment part 10.
           ENTRY                   ADDRESS         REF BY
           =====                   =======         ======
           QF_run                  FC3A            main (main)
               calls direct
               stack 1 = 00000000 ( 00000002 )
    -------------------------------------------------------------------------
<CODE> 1 (was CODE)
  Relative segment, address: FF4E - FF5B (0xe bytes), align: 1
  Segment part 11.            Intra module refs:   QF_run
           LOCAL                   ADDRESS         
           =====                   =======         
           ?Subroutine0            FF4E 
    -------------------------------------------------------------------------
DATA16_Z
  Relative segment, address: 0223 - 0223 (0x1 bytes), align: 0
  Segment part 6.             Intra module refs:   ?Subroutine0
                                                   QF_run
           LOCAL                   ADDRESS         
           =====                   =======         
           QF_run::p               0223 
    -------------------------------------------------------------------------
<CODE> 1 (was CODE)
  Relative segment, address: FB3A - FBBD (0x84 bytes), align: 1
  Segment part 9.             Intra module refs:   QF_run
           ENTRY                   ADDRESS         REF BY
           =====                   =======         ======
           QK_schedule_            FB3A            QActive_post (qfn)
                                                   timerA_ISR (bsp)
               calls direct
               stack 1 = 00000000 ( 0000000A )
    -------------------------------------------------------------------------
DATA16_C
  Relative segment, address: F828 - F837 (0x10 bytes), align: 0
  Segment part 7.             Intra module refs:   QK_schedule_
           LOCAL                   ADDRESS         
           =====                   =======         
           QK_schedule_::log2Lkup
                                   F828 
    -------------------------------------------------------------------------
DATA16_C
  Relative segment, address: F838 - F840 (0x9 bytes), align: 0
  Segment part 8.             Intra module refs:   QK_schedule_
           LOCAL                   ADDRESS         
           =====                   =======         
           QK_schedule_::invPow2Lkup
                                   F838 
    -------------------------------------------------------------------------
CSTACK
  Segment part 1. NOT NEEDED.
    -------------------------------------------------------------------------
DATA16_ID
  Relative segment, address: F842 - F842 (0x1 bytes), align: 0
  Segment part 4.             Intra module refs:   QK_currPrio_
    -------------------------------------------------------------------------
CODE
  Segment part 12. TENTATIVE. Used definition from bsp
           ENTRY                   ADDRESS         REF BY
           =====                   =======         ======
           ?setjmp_save_r4         
    -------------------------------------------------------------------------
CODE
  Segment part 13. TENTATIVE. Used definition from bsp
           ENTRY                   ADDRESS         REF BY
           =====                   =======         ======
           ?setjmp_save_r5         

    *************************************************************************

  FILE NAME : C:\tools\IAR\430_KS_4.10A\430\LIB\DLIB\dl430fn.r43
  LIBRARY MODULE, NAME : ?abort

  SEGMENTS IN THE MODULE
  ======================
CODE
  Segment part 2. NOT NEEDED.
           ENTRY                   ADDRESS         REF BY
           =====                   =======         ======
           abort                   
               calls direct
               not allocated function
    -------------------------------------------------------------------------
CSTACK
  Segment part 1. NOT NEEDED.

    -------------------------------------------------------------------------
  LIBRARY MODULE, NAME : ?_exit

  SEGMENTS IN THE MODULE
  ======================
<CODE> 1 (was CODE)
  Relative segment, address: FFB6, align: 1
  Segment part 0.
           ENTRY                   ADDRESS         REF BY
           =====                   =======         ======
           _exit                   FFB6            exit (?exit)
    -------------------------------------------------------------------------
CODE
  Segment part 1. NOT NEEDED.
    -------------------------------------------------------------------------
CODE
  Segment part 2. NOT NEEDED.
           ENTRY                   ADDRESS         REF BY
           =====                   =======         ======
           __cstart_call_dtors     
    -------------------------------------------------------------------------
CODE
  Segment part 3. NOT NEEDED.
           ENTRY                   ADDRESS         REF BY
           =====                   =======         ======
           __cstart_closeall       
    -------------------------------------------------------------------------
CODE
  Segment part 4. NOT NEEDED.
    -------------------------------------------------------------------------
<CODE> 1 (was CODE)
  Relative segment, address: FFB6 - FFB9 (0x4 bytes), align: 1
  Segment part 5.             Intra module refs:   _exit

    -------------------------------------------------------------------------
  LIBRARY MODULE, NAME : ?cppinit

  SEGMENTS IN THE MODULE
  ======================
CODE
  Segment part 7. NOT NEEDED.
           ENTRY                   ADDRESS         REF BY
           =====                   =======         ======
           __call_ctors            
               calls indirect
               not allocated function
    -------------------------------------------------------------------------
CODE
  Segment part 6. NOT NEEDED.
           ENTRY                   ADDRESS         REF BY
           =====                   =======         ======
           __alloc_record_needed_destruction
                                   
               calls direct
               not allocated function
    -------------------------------------------------------------------------
DATA16_Z
  Segment part 2. NOT NEEDED.
    -------------------------------------------------------------------------
CODE
  Segment part 5. NOT NEEDED.
           ENTRY                   ADDRESS         REF BY
           =====                   =======         ======
           __record_needed_destruction
                                   
               calls direct
               not allocated function
    -------------------------------------------------------------------------
CODE
  Segment part 4. NOT NEEDED.
           ENTRY                   ADDRESS         REF BY
           =====                   =======         ======
           __call_dtors            
               calls indirect
               not allocated function
    -------------------------------------------------------------------------
CODE
  Segment part 3. NOT NEEDED.
           ENTRY                   ADDRESS         REF BY
           =====                   =======         ======
           __data16_vec_cctor      
               calls indirect
               not allocated function
    -------------------------------------------------------------------------
CSTACK
  Segment part 1. NOT NEEDED.

    -------------------------------------------------------------------------
  LIBRARY MODULE, NAME : ?reset_vector

  SEGMENTS IN THE MODULE
  ======================
RESET
  Relative segment, address: FFFE - FFFF (0x2 bytes), align: 1
  Segment part 0.
           ENTRY                   ADDRESS         REF BY
           =====                   =======         ======
           ?reset_vector           FFFE            Segment part 5 (?cstart)

    -------------------------------------------------------------------------
  LIBRARY MODULE, NAME : ?cstart

  SEGMENTS IN THE MODULE
  ======================
HEAP
  Segment part 0. NOT NEEDED.
    -------------------------------------------------------------------------
CSTACK
  Relative segment, address: 0226, align: 1
  Segment part 1.
    -------------------------------------------------------------------------
DATA16_Z
  Relative segment, address: 021E, align: 1
  Segment part 2.
    -------------------------------------------------------------------------
DATA16_I
  Relative segment, address: 0200, align: 1
  Segment part 3.
    -------------------------------------------------------------------------
DATA16_ID
  Relative segment, address: F842, align: 1
  Segment part 4.
    -------------------------------------------------------------------------
CSTART
  Relative segment, address: F844 - F847 (0x4 bytes), align: 1
  Segment part 5.
           ENTRY                   ADDRESS         REF BY
           =====                   =======         ======
           __program_start         F844            ?reset_vector (?reset_vector)
                                                   Absolute parts (?ABS_ENTRY_MOD)
           ?cstart_begin           F844 
    -------------------------------------------------------------------------
CSTART
  Segment part 6. NOT NEEDED.
           ENTRY                   ADDRESS         REF BY
           =====                   =======         ======
           ?cstart_call_low_level_init
                                   
    -------------------------------------------------------------------------
CSTART
  Relative segment, address: F848 - F853 (0xc bytes), align: 1
  Segment part 7.
           ENTRY                   ADDRESS         REF BY
           =====                   =======         ======
           ?cstart_init_zero       F848            AO_Ped (ped)
                                                   AO_Pelican (pelican)
                                                   QF_readySet_ (qfn)
                                                   QF_run::p (qkn)
                                                   QF_tick::p (qfn)
                                                   QF_tick{1}::a (qfn)
                                                   l_act (qkn)
                                                   l_pedQueue (main)
                                                   l_pelicanQueue (main)
    -------------------------------------------------------------------------
CSTART
  Relative segment, address: F854 - F863 (0x10 bytes), align: 1
  Segment part 8.
           ENTRY                   ADDRESS         REF BY
           =====                   =======         ======
           ?cstart_init_copy       F854            QK_currPrio_ (qkn)
    -------------------------------------------------------------------------
DIFUNCT
  Segment part 9. NOT NEEDED.
    -------------------------------------------------------------------------
CSTART
  Segment part 10. NOT NEEDED.
           ENTRY                   ADDRESS         REF BY
           =====                   =======         ======
           ?cstart_call_ctors      
    -------------------------------------------------------------------------
CSTART
  Relative segment, address: F864 - F86B (0x8 bytes), align: 1
  Segment part 11.            Intra module refs:   Segment part 5
           ENTRY                   ADDRESS         REF BY
           =====                   =======         ======
           ?cstart_call_main       F864 
           ?cstart_end             F86C 

    -------------------------------------------------------------------------
  LIBRARY MODULE, NAME : lowinit

  SEGMENTS IN THE MODULE
  ======================
CODE
  Segment part 0. NOT NEEDED.
           ENTRY                   ADDRESS         REF BY
           =====                   =======         ======
           __low_level_init        

    -------------------------------------------------------------------------
  LIBRARY MODULE, NAME : ?Epilogue

  SEGMENTS IN THE MODULE
  ======================
<CODE> 1 (was CODE)
  Relative segment, address: FEB8 - FEC9 (0x12 bytes), align: 1
  Segment part 0.
           ENTRY                   ADDRESS         REF BY
           =====                   =======         ======
           ?Epilogue3              FEC2            QActive_post (qfn)
                                                   QActive_postISR (qfn)
                                                   QHsm_init (qepn)
           ?Epilogue4              FEC0            QK_schedule_ (qkn)
           ?Epilogue5              FEBE 
           ?Epilogue6              FEBC            QHsm_dispatch (qepn)
           ?Epilogue7              FEBA 
           ?Epilogue8              FEB8 

    -------------------------------------------------------------------------
  LIBRARY MODULE, NAME : ?exit

  SEGMENTS IN THE MODULE
  ======================
<CODE> 1 (was CODE)
  Relative segment, address: FFAA - FFAD (0x4 bytes), align: 1
  Segment part 2.
           ENTRY                   ADDRESS         REF BY
           =====                   =======         ======
           exit                    FFAA            Segment part 11 (?cstart)
               calls direct
               stack 1 = 00000000 ( 00000002 )
    -------------------------------------------------------------------------
CSTACK
  Segment part 1. NOT NEEDED.

    -------------------------------------------------------------------------
  LIBRARY MODULE, NAME : ?malloc

  SEGMENTS IN THE MODULE
  ======================
CODE
  Segment part 2. NOT NEEDED.
           ENTRY                   ADDRESS         REF BY
           =====                   =======         ======
           malloc                  
               calls direct
               not allocated function
    -------------------------------------------------------------------------
CSTACK
  Segment part 1. NOT NEEDED.

    -------------------------------------------------------------------------
  LIBRARY MODULE, NAME : ?memcpy

  SEGMENTS IN THE MODULE
  ======================
<CODE> 1 (was CODE)
  Relative segment, address: FECA - FEDB (0x12 bytes), align: 1
  Segment part 2.
           ENTRY                   ADDRESS         REF BY
           =====                   =======         ======
           memcpy                  FECA            __data16_memcpy (?memzero)
               stack 1 = 00000000 ( 00000002 )
    -------------------------------------------------------------------------
CSTACK
  Segment part 1. NOT NEEDED.

    -------------------------------------------------------------------------
  LIBRARY MODULE, NAME : ?memmove

  SEGMENTS IN THE MODULE
  ======================
CODE
  Segment part 2. NOT NEEDED.
           ENTRY                   ADDRESS         REF BY
           =====                   =======         ======
           memmove                 
               not allocated function
    -------------------------------------------------------------------------
CSTACK
  Segment part 1. NOT NEEDED.

    -------------------------------------------------------------------------
  LIBRARY MODULE, NAME : ?memzero

  SEGMENTS IN THE MODULE
  ======================
<CODE> 1 (was CODE)
  Relative segment, address: FEEE - FEFF (0x12 bytes), align: 1
  Segment part 4.
           ENTRY                   ADDRESS         REF BY
           =====                   =======         ======
           __data16_memzero        FEEE            ?cstart_init_zero (?cstart)
               stack 1 = 00000000 ( 00000002 )
    -------------------------------------------------------------------------
<CODE> 1 (was CODE)
  Relative segment, address: FFB2 - FFB5 (0x4 bytes), align: 1
  Segment part 3.
           ENTRY                   ADDRESS         REF BY
           =====                   =======         ======
           __data16_memcpy         FFB2            ?cstart_init_copy (?cstart)
               calls direct
               stack 1 = 00000000 ( 00000002 )
    -------------------------------------------------------------------------
CODE
  Segment part 2. NOT NEEDED.
           ENTRY                   ADDRESS         REF BY
           =====                   =======         ======
           __data16_memmove        
               calls direct
               not allocated function
    -------------------------------------------------------------------------
CSTACK
  Segment part 1. NOT NEEDED.

    -------------------------------------------------------------------------
  LIBRARY MODULE, NAME : ?setjmp

  SEGMENTS IN THE MODULE
  ======================
CODE
  Segment part 0. NOT NEEDED.
           ENTRY                   ADDRESS         REF BY
           =====                   =======         ======
           setjmp                  
    -------------------------------------------------------------------------
CODE
  Segment part 1. NOT NEEDED.
           ENTRY                   ADDRESS         REF BY
           =====                   =======         ======
           ?setjmp_r5              
    -------------------------------------------------------------------------
CODE
  Segment part 2. NOT NEEDED.
           ENTRY                   ADDRESS         REF BY
           =====                   =======         ======
           ?setjmp_r4              
    -------------------------------------------------------------------------
CODE
  Segment part 3. NOT NEEDED.
           ENTRY                   ADDRESS         REF BY
           =====                   =======         ======
           ?setjmp_end             

    -------------------------------------------------------------------------
  LIBRARY MODULE, NAME : ?longjmp

  SEGMENTS IN THE MODULE
  ======================
CODE
  Segment part 0. NOT NEEDED.
           ENTRY                   ADDRESS         REF BY
           =====                   =======         ======
           longjmp                 
    -------------------------------------------------------------------------
CODE
  Segment part 1. NOT NEEDED.
           ENTRY                   ADDRESS         REF BY
           =====                   =======         ======
           ?longjmp_r5             
    -------------------------------------------------------------------------
CODE
  Segment part 2. NOT NEEDED.
           ENTRY                   ADDRESS         REF BY
           =====                   =======         ======
           ?longjmp_r4             
    -------------------------------------------------------------------------
CODE
  Segment part 3. NOT NEEDED.
           ENTRY                   ADDRESS         REF BY
           =====                   =======         ======
           ?longjmp_end            

    -------------------------------------------------------------------------
  LIBRARY MODULE, NAME : ?SwitchKey8

  SEGMENTS IN THE MODULE
  ======================
CODE
  Segment part 0. NOT NEEDED.
           ENTRY                   ADDRESS         REF BY
           =====                   =======         ======
           ?SwitchKey8             

    -------------------------------------------------------------------------
  LIBRARY MODULE, NAME : ?xcloseall

  SEGMENTS IN THE MODULE
  ======================
CODE
  Segment part 2. NOT NEEDED.
           ENTRY                   ADDRESS         REF BY
           =====                   =======         ======
           _Close_all              
               calls direct
               not allocated function
    -------------------------------------------------------------------------
CSTACK
  Segment part 1. NOT NEEDED.

    -------------------------------------------------------------------------
  LIBRARY MODULE, NAME : ?xgetmemchunk

  SEGMENTS IN THE MODULE
  ======================
CODE
  Segment part 3. NOT NEEDED.
           ENTRY                   ADDRESS         REF BY
           =====                   =======         ======
           __data16_GetMemChunk    
               not allocated function
    -------------------------------------------------------------------------
DATA16_Z
  Segment part 2. NOT NEEDED.
    -------------------------------------------------------------------------
CSTACK
  Segment part 1. NOT NEEDED.
    -------------------------------------------------------------------------
DATA16_HEAP
  Segment part 4. NOT NEEDED.

    -------------------------------------------------------------------------
  LIBRARY MODULE, NAME : ?__exit

  SEGMENTS IN THE MODULE
  ======================
<CODE> 1 (was CODE)
  Relative segment, address: FFBA - FFBB (0x2 bytes), align: 1
  Segment part 2.
           ENTRY                   ADDRESS         REF BY
           =====                   =======         ======
           __exit                  FFBA            Segment part 5 (?_exit)
                                                   _exit (?_exit)
               not allocated function
    -------------------------------------------------------------------------
CSTACK
  Segment part 1. NOT NEEDED.

    -------------------------------------------------------------------------
  LIBRARY MODULE, NAME : ?xxmemxfree

  SEGMENTS IN THE MODULE
  ======================
CODE
  Segment part 2. NOT NEEDED.
           ENTRY                   ADDRESS         REF BY
           =====                   =======         ======
           __data16_free           
               not allocated function
    -------------------------------------------------------------------------
CSTACK
  Segment part 1. NOT NEEDED.

    -------------------------------------------------------------------------
  LIBRARY MODULE, NAME : ?xxmemxmalloc

  SEGMENTS IN THE MODULE
  ======================
DATA16_Z
  Segment part 2. NOT NEEDED.
           ENTRY                   ADDRESS         REF BY
           =====                   =======         ======
           __data16_Aldata         
    -------------------------------------------------------------------------
CODE
  Segment part 3. NOT NEEDED.
           LOCAL                   ADDRESS         
           =====                   =======         
           __data16_findmem        
               calls direct
               not allocated function
    -------------------------------------------------------------------------
CODE
  Segment part 4. NOT NEEDED.
           ENTRY                   ADDRESS         REF BY
           =====                   =======         ======
           __data16_malloc         
               calls direct
               not allocated function
    -------------------------------------------------------------------------
CSTACK
  Segment part 1. NOT NEEDED.




                ****************************************
                *                                      *
                *            MODULE SUMMARY            *
                *                                      *
                ****************************************

Module               CODE      DATA      CONST
------               ----      ----      -----
                    (Rel)  (Rel)  (Abs)  (Rel)
?Epilogue              18
?__exit                 2
?_exit                  4
?cstart                40
?exit                   4
?memcpy                18
?memzero               22
?reset_vector           2
bsp                    88            10
  + common             20
main                   16      3            18
ped                    92     12
pelican               542     12
qepn                  552                    5
qfn                   254      4            13
qkn                   262      4            30
N/A (command line)            90
----------          -----    ---     --     --
Total:              1 916    125     10     66
  + common             20


                ****************************************
                *                                      *
                *              CALL GRAPH              *
                *                                      *
                ****************************************

  ->Sub-tree of type: Interrupt function tree that does not make
                    : indirect calls
                             CSTACK
    | Stack used (prev) :  00000000
  04        Q_onAssert
            | Stack used (prev) :  00000000
            | + function block  :  00000002
  03      QHsm_dispatch
          | Stack used (prev) :  00000002
          | + function block  :  00000018
  02    QK_schedule_
        | Stack used (prev) :  0000001A
        | + function block  :  0000000A
  04        Q_onAssert
            | Stack used (prev) :  00000000
            | + function block  :  00000002
            |  Already listed
  03      QActive_postISR
          | Stack used (prev) :  00000002
          | + function block  :  00000008
  02    QF_tick
        | Stack used (prev) :  0000000A
        | + function block  :  00000002
  01  timerA_ISR
      | Stack used (prev) :  00000024
      | + function block  :  0000000C
  <-Sub-tree of type: Interrupt function tree that does not make
                    : indirect calls
    | Stack used          :  00000030


  ->Sub-tree of type: Indirectly called function tree that does not make
                    : indirect calls (Is not an interrupt and is not flagged
                    : as not overlayable)
                             CSTACK
    | Stack used (prev) :  00000030
  03      QK_schedule_
          | Stack used (prev) :  0000001A
          | + function block  :  0000000A
          |  Already listed
  03      Q_onAssert
          | Stack used (prev) :  00000000
          | + function block  :  00000002
          |  Already listed
  02    QActive_post
        | Stack used (prev) :  00000030
        | + function block  :  00000008
  01  Ped_wait
      | Stack used (prev) :  00000038
      | + function block  :  00000002
  <-Sub-tree of type: Indirectly called function tree that does not make
                    : indirect calls (Is not an interrupt and is not flagged
                    : as not overlayable)
    | Stack used          :  0000003A


  ->Sub-tree of type: Indirectly called function tree that does not make
                    : indirect calls (Is not an interrupt and is not flagged
                    : as not overlayable)
                             CSTACK
    | Stack used (prev) :  00000030
  01  Ped_initial
      | Stack used (prev) :  00000030
      | + function block  :  00000002
  <-Sub-tree of type: Indirectly called function tree that does not make
                    : indirect calls (Is not an interrupt and is not flagged
                    : as not overlayable)
    | Stack used          :  00000032


  ->Sub-tree of type: Indirectly called function tree that does not make
                    : indirect calls (Is not an interrupt and is not flagged
                    : as not overlayable)
                             CSTACK
    | Stack used (prev) :  00000030
  01  Pelican_initial
      | Stack used (prev) :  00000030
      | + function block  :  00000002
  <-Sub-tree of type: Indirectly called function tree that does not make
                    : indirect calls (Is not an interrupt and is not flagged
                    : as not overlayable)
    | Stack used          :  00000032


  ->Sub-tree of type: Indirectly called function tree that does not make
                    : indirect calls (Is not an interrupt and is not flagged
                    : as not overlayable)
                             CSTACK
    | Stack used (prev) :  00000030
  02    BSP_signalPeds
        | Stack used (prev) :  00000030
        | + function block  :  00000002
  01  Pelican_pedsWalk
      | Stack used (prev) :  00000032
      | + function block  :  00000002
  <-Sub-tree of type: Indirectly called function tree that does not make
                    : indirect calls (Is not an interrupt and is not flagged
                    : as not overlayable)
    | Stack used          :  00000034


  ->Sub-tree of type: Indirectly called function tree that does not make
                    : indirect calls (Is not an interrupt and is not flagged
                    : as not overlayable)
                             CSTACK
    | Stack used (prev) :  00000030
  02    BSP_signalPeds
        | Stack used (prev) :  00000030
        | + function block  :  00000002
        |  Already listed
  01  Pelican_pedsEnabled
      | Stack used (prev) :  00000032
      | + function block  :  00000002
  <-Sub-tree of type: Indirectly called function tree that does not make
                    : indirect calls (Is not an interrupt and is not flagged
                    : as not overlayable)
    | Stack used          :  00000034


  ->Sub-tree of type: Indirectly called function tree that does not make
                    : indirect calls (Is not an interrupt and is not flagged
                    : as not overlayable)
                             CSTACK
    | Stack used (prev) :  00000030
  01  Pelican_carsYellow
      | Stack used (prev) :  00000030
      | + function block  :  00000002
  <-Sub-tree of type: Indirectly called function tree that does not make
                    : indirect calls (Is not an interrupt and is not flagged
                    : as not overlayable)
    | Stack used          :  00000032


  ->Sub-tree of type: Indirectly called function tree that does not make
                    : indirect calls (Is not an interrupt and is not flagged
                    : as not overlayable)
                             CSTACK
    | Stack used (prev) :  00000030
  01  Pelican_carsGreenInt
      | Stack used (prev) :  00000030
      | + function block  :  00000002
  <-Sub-tree of type: Indirectly called function tree that does not make
                    : indirect calls (Is not an interrupt and is not flagged
                    : as not overlayable)
    | Stack used          :  00000032


  ->Sub-tree of type: Indirectly called function tree that does not make
                    : indirect calls (Is not an interrupt and is not flagged
                    : as not overlayable)
                             CSTACK
    | Stack used (prev) :  00000030
  01  Pelican_carsGreenPedWait
      | Stack used (prev) :  00000030
      | + function block  :  00000002
  <-Sub-tree of type: Indirectly called function tree that does not make
                    : indirect calls (Is not an interrupt and is not flagged
                    : as not overlayable)
    | Stack used          :  00000032


  ->Sub-tree of type: Indirectly called function tree that does not make
                    : indirect calls (Is not an interrupt and is not flagged
                    : as not overlayable)
                             CSTACK
    | Stack used (prev) :  00000030
  01  Pelican_carsGreenNoPed
      | Stack used (prev) :  00000030
      | + function block  :  00000002
  <-Sub-tree of type: Indirectly called function tree that does not make
                    : indirect calls (Is not an interrupt and is not flagged
                    : as not overlayable)
    | Stack used          :  00000032


  ->Sub-tree of type: Indirectly called function tree that does not make
                    : indirect calls (Is not an interrupt and is not flagged
                    : as not overlayable)
                             CSTACK
    | Stack used (prev) :  00000030
  01  Pelican_carsGreen
      | Stack used (prev) :  00000030
      | + function block  :  00000002
  <-Sub-tree of type: Indirectly called function tree that does not make
                    : indirect calls (Is not an interrupt and is not flagged
                    : as not overlayable)
    | Stack used          :  00000032


  ->Sub-tree of type: Indirectly called function tree that does not make
                    : indirect calls (Is not an interrupt and is not flagged
                    : as not overlayable)
                             CSTACK
    | Stack used (prev) :  00000030
  01  Pelican_carsEnabled
      | Stack used (prev) :  00000030
      | + function block  :  00000002
  <-Sub-tree of type: Indirectly called function tree that does not make
                    : indirect calls (Is not an interrupt and is not flagged
                    : as not overlayable)
    | Stack used          :  00000032


  ->Sub-tree of type: Indirectly called function tree that does not make
                    : indirect calls (Is not an interrupt and is not flagged
                    : as not overlayable)
                             CSTACK
    | Stack used (prev) :  00000030
  02    BSP_signalPeds
        | Stack used (prev) :  00000030
        | + function block  :  00000002
        |  Already listed
  01  Pelican_operational
      | Stack used (prev) :  00000032
      | + function block  :  00000002
  <-Sub-tree of type: Indirectly called function tree that does not make
                    : indirect calls (Is not an interrupt and is not flagged
                    : as not overlayable)
    | Stack used          :  00000034


  ->Sub-tree of type: Indirectly called function tree that does not make
                    : indirect calls (Is not an interrupt and is not flagged
                    : as not overlayable)
                             CSTACK
    | Stack used (prev) :  00000030
  02    BSP_signalPeds
        | Stack used (prev) :  00000030
        | + function block  :  00000002
        |  Already listed
  01  Pelican_pedsFlash
      | Stack used (prev) :  00000032
      | + function block  :  00000004
  <-Sub-tree of type: Indirectly called function tree that does not make
                    : indirect calls (Is not an interrupt and is not flagged
                    : as not overlayable)
    | Stack used          :  00000036


  ->Sub-tree of type: Indirectly called function tree that does not make
                    : indirect calls (Is not an interrupt and is not flagged
                    : as not overlayable)
                             CSTACK
    | Stack used (prev) :  00000030
  02    BSP_signalPeds
        | Stack used (prev) :  00000030
        | + function block  :  00000002
        |  Already listed
  01  Pelican_offline
      | Stack used (prev) :  00000032
      | + function block  :  00000004
  <-Sub-tree of type: Indirectly called function tree that does not make
                    : indirect calls (Is not an interrupt and is not flagged
                    : as not overlayable)
    | Stack used          :  00000036


  ->Sub-tree of type: Indirectly called function tree that does not make
                    : indirect calls (Is not an interrupt and is not flagged
                    : as not overlayable)
                             CSTACK
    | Stack used (prev) :  00000030
  01  QHsm_top
      | Stack used (prev) :  00000030
      | + function block  :  00000002
  <-Sub-tree of type: Indirectly called function tree that does not make
                    : indirect calls (Is not an interrupt and is not flagged
                    : as not overlayable)
    | Stack used          :  00000032


  ->Sub-tree of type: Function tree
                             CSTACK
    | Stack used (prev) :  0000003A
  03      QK_schedule_
          | Stack used (prev) :  0000001A
          | + function block  :  0000000A
          |  Already listed
  04        Q_onAssert
            | Stack used (prev) :  00000000
            | + function block  :  00000002
            |  Already listed
  03      QHsm_init
          | Stack used (prev) :  0000003A
          | + function block  :  00000012
  03      Q_onAssert
          | Stack used (prev) :  00000000
          | + function block  :  00000002
          |  Already listed
  03      QK_onIdle
          | Stack used (prev) :  0000003A
          | + function block  :  00000002
  03      QF_onStartup
          | Stack used (prev) :  0000003A
          | + function block  :  00000002
  02    QF_run
        | Stack used (prev) :  0000004C
        | + function block  :  00000002
  02    Pelican_ctor
        | Stack used (prev) :  0000003A
        | + function block  :  00000002
  02    Ped_ctor
        | Stack used (prev) :  0000003A
        | + function block  :  00000002
  02    BSP_init
        | Stack used (prev) :  0000003A
        | + function block  :  00000002
  01  main
      | Stack used (prev) :  0000004E
      | + function block  :  00000002
  <-Sub-tree of type: Function tree
    | Stack used          :  00000050


  ->Sub-tree of type: Function tree
                             CSTACK
    | Stack used (prev) :  00000050
  01  exit
      | Stack used (prev) :  00000050
      | + function block  :  00000002
  <-Sub-tree of type: Function tree
    | Stack used          :  00000052


  ->Sub-tree of type: Function tree
                             CSTACK
    | Stack used (prev) :  00000052
  01  __data16_memzero
      | Stack used (prev) :  00000052
      | + function block  :  00000002
  <-Sub-tree of type: Function tree
    | Stack used          :  00000054


  ->Sub-tree of type: Function tree
                             CSTACK
    | Stack used (prev) :  00000054
  02    memcpy
        | Stack used (prev) :  00000054
        | + function block  :  00000002
  01  __data16_memcpy
      | Stack used (prev) :  00000056
      | + function block  :  00000002
  <-Sub-tree of type: Function tree
    | Stack used          :  00000058




                ****************************************
                *                                      *
                *      SEGMENTS IN ADDRESS ORDER       *
                *                                      *
                ****************************************


SEGMENT              SPACE    START ADDRESS   END ADDRESS     SIZE  TYPE  ALIGN
=======              =====    =============   ===========     ====  ====  =====
DATA16_AN                              0021 - 0022               2   rel    0
                                       0120 - 0121               2 
                                       0160 - 0163               4 
                                       0172 - 0173               2 
DATA16_I                               0200 - 0200               1   rel    1
DATA16_Z                               0202 - 0223              22   rel    1
CSTACK                                 0226 - 027F              5A   rel    1
DATA16_C                               F800 - F840              41   rel    1
DATA16_ID                              F842 - F842               1   rel    1
CSTART                                 F844 - F86B              28   rel    1
<CODE> 1                               F86C - FFBD             752   rel    1
INTVEC                                 FFE0 - FFF3              14   com    1
RESET                                  FFFE - FFFF               2   rel    1

                ****************************************
                *                                      *
                *        END OF CROSS REFERENCE        *
                *                                      *
                ****************************************

 1 936 bytes of CODE  memory
   125 bytes of DATA  memory (+ 10 absolute )
    66 bytes of CONST memory

Errors: none
Warnings: none

