
 Start  Stop   Length Name               Class

 00000H 01E3CH 01E3DH _TEXT              CODE
 01E3DH 0255DH 00721H BSP_TEXT           CODE
 0255EH 02581H 00024H MAIN_TEXT          CODE
 02582H 0270AH 00189H PED_TEXT           CODE
 0270BH 02C80H 00576H PELICAN_TEXT       CODE
 02C81H 03022H 003A2H VIDEO_TEXT         CODE
 03023H 035FEH 005DCH QEPN_TEXT          CODE
 035FFH 03A4AH 0044CH QFN_TEXT           CODE
 03A50H 03A50H 00000H _FARDATA           FAR_DATA
 03A50H 03A50H 00000H _OVERLAY_          OVRINFO
 03A50H 03A5BH 0000CH _INIT_             INITDATA
 03A5CH 03A5CH 00000H _INITEND_          INITDATA
 03A5CH 03A5CH 00000H _EXIT_             EXITDATA
 03A5CH 03A5CH 00000H _EXITEND_          EXITDATA
 03A60H 03A60H 00000H _1STUB_            STUBSEG
 03A60H 043DFH 00980H _DATA              DATA
 043E0H 043E0H 00000H _CVTSEG            DATA
 043E0H 043E0H 00000H _SCNSEG            DATA
 043E0H 04495H 000B6H _BSS               BSS
 04496H 04496H 00000H _BSSEND            ENDBSS
 044A0H 0451FH 00080H _STACK             STACK


Detailed map of segments

 0000:0000 020A C=CODE   S=_TEXT          G=(none)  M=c0.ASM     ACBP=28
 0000:020A 002D C=CODE   S=_TEXT          G=(none)  M=ATEXIT     ACBP=28
 0000:0237 0029 C=CODE   S=_TEXT          G=(none)  M=CLRSCR     ACBP=28
 0000:0260 014C C=CODE   S=_TEXT          G=(none)  M=CPRINTF    ACBP=28
 0000:03AC 0026 C=CODE   S=_TEXT          G=(none)  M=EXIT       ACBP=28
 0000:03D2 012C C=CODE   S=_TEXT          G=(none)  M=FBRK       ACBP=28
 0000:04FE 00D0 C=CODE   S=_TEXT          G=(none)  M=FFLUSH     ACBP=28
 0000:05CE 0000 C=CODE   S=_TEXT          G=(none)  M=FILES      ACBP=28
 0000:05CE 0000 C=CODE   S=_TEXT          G=(none)  M=FILES2     ACBP=28
 0000:05CE 0043 C=CODE   S=_TEXT          G=(none)  M=FLUSHALL   ACBP=28
 0000:0611 0154 C=CODE   S=_TEXT          G=(none)  M=FSEEK      ACBP=28
 0000:0765 008B C=CODE   S=_TEXT          G=(none)  M=GPTEXT     ACBP=28
 0000:07F0 00A6 C=CODE   S=_TEXT          G=(none)  M=MOVETEXT   ACBP=28
 0000:0896 0017 C=CODE   S=_TEXT          G=(none)  M=PUTCH      ACBP=28
 0000:08AD 01B1 C=CODE   S=_TEXT          G=(none)  M=SCREEN     ACBP=28
 0000:0A5E 0192 C=CODE   S=_TEXT          G=(none)  M=SCROLL     ACBP=28
 0000:0BF0 0079 C=CODE   S=_TEXT          G=(none)  M=SETUPIO    ACBP=28
 0000:0C69 011F C=CODE   S=_TEXT          G=(none)  M=SETVBUF    ACBP=28
 0000:0D88 0000 C=CODE   S=_TEXT          G=(none)  M=STKLEN     ACBP=28
 0000:0D88 001A C=CODE   S=_TEXT          G=(none)  M=TELL       ACBP=28
 0000:0DA2 002C C=CODE   S=_TEXT          G=(none)  M=WHEREXY    ACBP=28
 0000:0DCE 012D C=CODE   S=_TEXT          G=(none)  M=WRITE      ACBP=28
 0000:0EFB 0000 C=CODE   S=_TEXT          G=(none)  M=WSCROLL    ACBP=28
 0000:0EFB 003A C=CODE   S=_TEXT          G=(none)  M=XFFLUSH    ACBP=28
 0000:0F35 01BA C=CODE   S=_TEXT          G=(none)  M=CRTINIT    ACBP=28
 0000:10EF 005C C=CODE   S=_TEXT          G=(none)  M=GETCH      ACBP=28
 0000:114B 0020 C=CODE   S=_TEXT          G=(none)  M=GETVECT    ACBP=28
 0000:116B 003D C=CODE   S=_TEXT          G=(none)  M=IOERROR    ACBP=28
 0000:11A8 0011 C=CODE   S=_TEXT          G=(none)  M=ISATTY     ACBP=28
 0000:11B9 0006 C=CODE   S=_TEXT          G=(none)  M=KBHIT      ACBP=28
 0000:11BF 0029 C=CODE   S=_TEXT          G=(none)  M=LSEEK      ACBP=28
 0000:11E8 00F1 C=CODE   S=_TEXT          G=(none)  M=LTOA       ACBP=28
 0000:12D9 0018 C=CODE   S=_TEXT          G=(none)  M=OUTPORT    ACBP=28
 0000:12F1 001C C=CODE   S=_TEXT          G=(none)  M=SETBLOCK   ACBP=28
 0000:130D 04F0 C=CODE   S=_TEXT          G=(none)  M=VPRINTER   ACBP=28
 0000:17FD 009F C=CODE   S=_TEXT          G=(none)  M=VRAM       ACBP=28
 0000:189C 004B C=CODE   S=_TEXT          G=(none)  M=WRITEA     ACBP=28
 0000:18F0 03FC C=CODE   S=_TEXT          G=(none)  M=FARHEAP    ACBP=68
 0000:1CEC 00AE C=CODE   S=_TEXT          G=(none)  M=H_LDIV     ACBP=28
 0000:1D9A 0060 C=CODE   S=_TEXT          G=(none)  M=H_PADD     ACBP=28
 0000:1DFA 0021 C=CODE   S=_TEXT          G=(none)  M=N_PCMP     ACBP=28
 0000:1E1B 0004 C=CODE   S=_TEXT          G=(none)  M=REALCVT    ACBP=28
 0000:1E1F 001E C=CODE   S=_TEXT          G=(none)  M=STACK      ACBP=28
 01E3:000D 0721 C=CODE   S=BSP_TEXT       G=(none)  M=BSP.C      ACBP=28
 0255:000E 0024 C=CODE   S=MAIN_TEXT      G=(none)  M=MAIN.C     ACBP=28
 0258:0002 0189 C=CODE   S=PED_TEXT       G=(none)  M=PED.C      ACBP=28
 0270:000B 0576 C=CODE   S=PELICAN_TEXT   G=(none)  M=PELICAN.C  ACBP=28
 02C8:0001 03A2 C=CODE   S=VIDEO_TEXT     G=(none)  M=VIDEO.C    ACBP=28
 0302:0003 05DC C=CODE   S=QEPN_TEXT      G=(none)  M=\SOFTWARE\QPN\SOURCE\QEPN.C ACBP=28
 035F:000F 044C C=CODE   S=QFN_TEXT       G=(none)  M=\SOFTWARE\QPN\SOURCE\QFN.C ACBP=28
 03A5:0000 0000 C=FAR_DATA S=_FARDATA       G=(none)  M=c0.ASM     ACBP=68
 03A5:0000 0000 C=OVRINFO S=_OVERLAY_      G=(none)  M=c0.ASM     ACBP=68
 03A5:0000 0000 C=INITDATA S=_INIT_         G=IGROUP  M=c0.ASM     ACBP=48
 03A5:0000 0006 C=INITDATA S=_INIT_         G=IGROUP  M=SETUPIO    ACBP=48
 03A5:0006 0006 C=INITDATA S=_INIT_         G=IGROUP  M=CRTINIT    ACBP=48
 03A5:000C 0000 C=INITDATA S=_INITEND_      G=IGROUP  M=c0.ASM     ACBP=28
 03A5:000C 0000 C=EXITDATA S=_EXIT_         G=EGROUP  M=c0.ASM     ACBP=48
 03A5:000C 0000 C=EXITDATA S=_EXITEND_      G=EGROUP  M=c0.ASM     ACBP=28
 03A6:0000 0000 C=STUBSEG S=_1STUB_        G=(none)  M=c0.ASM     ACBP=68
 03A6:0000 008F C=DATA   S=_DATA          G=DGROUP  M=c0.ASM     ACBP=68
 03A6:0090 03B9 C=DATA   S=_DATA          G=DGROUP  M=BSP.C      ACBP=48
 03A6:044A 001B C=DATA   S=_DATA          G=DGROUP  M=MAIN.C     ACBP=48
 03A6:0466 0009 C=DATA   S=_DATA          G=DGROUP  M=PED.C      ACBP=48
 03A6:0470 0052 C=DATA   S=_DATA          G=DGROUP  M=PELICAN.C  ACBP=48
 03A6:04C2 01DD C=DATA   S=_DATA          G=DGROUP  M=VIDEO.C    ACBP=48
 03A6:06A0 000C C=DATA   S=_DATA          G=DGROUP  M=\SOFTWARE\QPN\SOURCE\QEPN.C ACBP=48
 03A6:06AC 0026 C=DATA   S=_DATA          G=DGROUP  M=\SOFTWARE\QPN\SOURCE\QFN.C ACBP=48
 03A6:06D2 0002 C=DATA   S=_DATA          G=DGROUP  M=ATEXIT     ACBP=48
 03A6:06D4 0000 C=DATA   S=_DATA          G=DGROUP  M=CLRSCR     ACBP=48
 03A6:06D4 0000 C=DATA   S=_DATA          G=DGROUP  M=CPRINTF    ACBP=48
 03A6:06D4 000C C=DATA   S=_DATA          G=DGROUP  M=EXIT       ACBP=48
 03A6:06E0 0002 C=DATA   S=_DATA          G=DGROUP  M=FBRK       ACBP=48
 03A6:06E2 0000 C=DATA   S=_DATA          G=DGROUP  M=FFLUSH     ACBP=48
 03A6:06E2 0190 C=DATA   S=_DATA          G=DGROUP  M=FILES      ACBP=48
 03A6:0872 0028 C=DATA   S=_DATA          G=DGROUP  M=FILES2     ACBP=48
 03A6:089A 0000 C=DATA   S=_DATA          G=DGROUP  M=FLUSHALL   ACBP=48
 03A6:089A 0000 C=DATA   S=_DATA          G=DGROUP  M=FSEEK      ACBP=48
 03A6:089A 0000 C=DATA   S=_DATA          G=DGROUP  M=GPTEXT     ACBP=48
 03A6:089A 0000 C=DATA   S=_DATA          G=DGROUP  M=MOVETEXT   ACBP=48
 03A6:089A 0000 C=DATA   S=_DATA          G=DGROUP  M=PUTCH      ACBP=48
 03A6:089A 0000 C=DATA   S=_DATA          G=DGROUP  M=SCREEN     ACBP=48
 03A6:089A 0000 C=DATA   S=_DATA          G=DGROUP  M=SCROLL     ACBP=48
 03A6:089A 0000 C=DATA   S=_DATA          G=DGROUP  M=SETUPIO    ACBP=48
 03A6:089A 0004 C=DATA   S=_DATA          G=DGROUP  M=SETVBUF    ACBP=48
 03A6:089E 0002 C=DATA   S=_DATA          G=DGROUP  M=STKLEN     ACBP=48
 03A6:08A0 0000 C=DATA   S=_DATA          G=DGROUP  M=TELL       ACBP=48
 03A6:08A0 0000 C=DATA   S=_DATA          G=DGROUP  M=WHEREXY    ACBP=48
 03A6:08A0 0000 C=DATA   S=_DATA          G=DGROUP  M=WRITE      ACBP=48
 03A6:08A0 0002 C=DATA   S=_DATA          G=DGROUP  M=WSCROLL    ACBP=48
 03A6:08A2 0000 C=DATA   S=_DATA          G=DGROUP  M=XFFLUSH    ACBP=48
 03A6:08A2 0018 C=DATA   S=_DATA          G=DGROUP  M=CRTINIT    ACBP=48
 03A6:08BA 0002 C=DATA   S=_DATA          G=DGROUP  M=GETCH      ACBP=48
 03A6:08BC 0000 C=DATA   S=_DATA          G=DGROUP  M=GETVECT    ACBP=48
 03A6:08BC 005B C=DATA   S=_DATA          G=DGROUP  M=IOERROR    ACBP=48
 03A6:0918 0000 C=DATA   S=_DATA          G=DGROUP  M=ISATTY     ACBP=48
 03A6:0918 0000 C=DATA   S=_DATA          G=DGROUP  M=KBHIT      ACBP=48
 03A6:0918 0000 C=DATA   S=_DATA          G=DGROUP  M=LSEEK      ACBP=48
 03A6:0918 0000 C=DATA   S=_DATA          G=DGROUP  M=LTOA       ACBP=48
 03A6:0918 0000 C=DATA   S=_DATA          G=DGROUP  M=OUTPORT    ACBP=48
 03A6:0918 0000 C=DATA   S=_DATA          G=DGROUP  M=SETBLOCK   ACBP=48
 03A6:0918 0067 C=DATA   S=_DATA          G=DGROUP  M=VPRINTER   ACBP=48
 03A6:0980 0000 C=DATA   S=_DATA          G=DGROUP  M=VRAM       ACBP=48
 03A6:0980 0000 C=DATA   S=_DATA          G=DGROUP  M=WRITEA     ACBP=48
 03A6:0980 0000 C=DATA   S=_CVTSEG        G=DGROUP  M=c0.ASM     ACBP=48
 03A6:0980 0000 C=DATA   S=_CVTSEG        G=DGROUP  M=REALCVT    ACBP=48
 03A6:0980 0000 C=DATA   S=_SCNSEG        G=DGROUP  M=c0.ASM     ACBP=48
 03A6:0980 0000 C=BSS    S=_BSS           G=DGROUP  M=c0.ASM     ACBP=48
 03A6:0980 0008 C=BSS    S=_BSS           G=DGROUP  M=BSP.C      ACBP=48
 03A6:0988 0006 C=BSS    S=_BSS           G=DGROUP  M=MAIN.C     ACBP=48
 03A6:098E 000D C=BSS    S=_BSS           G=DGROUP  M=PED.C      ACBP=48
 03A6:099C 000D C=BSS    S=_BSS           G=DGROUP  M=PELICAN.C  ACBP=48
 03A6:09AA 0000 C=BSS    S=_BSS           G=DGROUP  M=VIDEO.C    ACBP=48
 03A6:09AA 0000 C=BSS    S=_BSS           G=DGROUP  M=\SOFTWARE\QPN\SOURCE\QEPN.C ACBP=48
 03A6:09AA 000B C=BSS    S=_BSS           G=DGROUP  M=\SOFTWARE\QPN\SOURCE\QFN.C ACBP=48
 03A6:09B6 0080 C=BSS    S=_BSS           G=DGROUP  M=ATEXIT     ACBP=48
 03A6:0A36 0000 C=BSS    S=_BSS           G=DGROUP  M=SETUPIO    ACBP=48
 03A6:0A36 0000 C=BSS    S=_BSS           G=DGROUP  M=CRTINIT    ACBP=48
 03A6:0A36 0000 C=BSS    S=_BSS           G=DGROUP  M=GETCH      ACBP=48
 03A6:0A36 0000 C=BSS    S=_BSS           G=DGROUP  M=GETVECT    ACBP=48
 03A6:0A36 0000 C=BSS    S=_BSS           G=DGROUP  M=IOERROR    ACBP=48
 03A6:0A36 0000 C=BSS    S=_BSS           G=DGROUP  M=ISATTY     ACBP=48
 03A6:0A36 0000 C=BSS    S=_BSS           G=DGROUP  M=KBHIT      ACBP=48
 03A6:0A36 0000 C=BSS    S=_BSS           G=DGROUP  M=LSEEK      ACBP=48
 03A6:0A36 0000 C=BSS    S=_BSS           G=DGROUP  M=LTOA       ACBP=48
 03A6:0A36 0000 C=BSS    S=_BSS           G=DGROUP  M=OUTPORT    ACBP=48
 03A6:0A36 0000 C=BSS    S=_BSS           G=DGROUP  M=SETBLOCK   ACBP=48
 03A6:0A36 0000 C=BSS    S=_BSS           G=DGROUP  M=VPRINTER   ACBP=48
 03A6:0A36 0000 C=BSS    S=_BSS           G=DGROUP  M=VRAM       ACBP=48
 03A6:0A36 0000 C=BSS    S=_BSS           G=DGROUP  M=WRITEA     ACBP=48
 03A6:0A36 0000 C=ENDBSS S=_BSSEND        G=DGROUP  M=c0.ASM     ACBP=28
 044A:0000 0080 C=STACK  S=_STACK         G=(none)  M=c0.ASM     ACBP=74

  Address         Publics by Name

 03A6:0000 idle  DATASEG@
 0000:0206 idle  DGROUP@
 0000:1CEF idle  F_LDIV@
 0000:1CFE idle  F_LMOD@
 0000:1CF6       F_LUDIV@
 0000:1D06       F_LUMOD@
 0000:1E31       F_OVERFLOW@
 0000:1D9D idle  F_PADD@
 0000:1DCC idle  F_PSUB@
 0000:1CEF idle  LDIV@
 0000:1CFE idle  LMOD@
 0000:1CF6 idle  LUDIV@
 0000:1D06 idle  LUMOD@
 0000:1CEC idle  N_LDIV@
 0000:1CFB idle  N_LMOD@
 0000:1CF3 idle  N_LUDIV@
 0000:1D03 idle  N_LUMOD@
 0000:1E31 idle  N_OVERFLOW@
 0000:1D9A       N_PADD@
 0000:1DFA       N_PCMP@
 0000:1DC9 idle  N_PSUB@
 0000:1E31 idle  OVERFLOW@
 0000:1D9D idle  PADD@
 0000:1DCC idle  PSUB@
 0000:01F0 idle  _abort
 03A6:098E       _AO_Ped
 03A6:099C       _AO_Pelican
 0000:020A idle  _atexit
 01E3:005E       _BSP_init
 01E3:0666       _BSP_showState
 01E3:04D6       _BSP_signalCars
 01E3:05DC       _BSP_signalPeds
 0000:0237       _clrscr
 0000:0390 idle  _cprintf
 03A6:08B1       _directvideo
 03A6:007D       _errno
 0000:03AD       _exit
 0000:1A2E idle  _farfree
 0000:1B1E idle  _farmalloc
 0000:1C7E idle  _farrealloc
 0000:04FE       _fflush
 0000:05CE       _flushall
 0000:1A2E       _free
 0000:0695       _fseek
 0000:0715 idle  _ftell
 0000:10EF       _getch
 0000:110B idle  _getche
 0000:0765       _gettext
 0000:114B       _getvect
 0000:11A8       _isatty
 0000:126A idle  _itoa
 0000:11B9       _kbhit
 0000:11BF       _lseek
 0000:12B1 idle  _ltoa
 0255:000E       _main
 0000:1B14       _malloc
 0000:07F0       _movetext
 0000:12D9 idle  _outport
 0000:12E5       _outportb
 0258:0002       _Ped_ctor
 0270:000B       _Pelican_ctor
 0000:0896       _putch
 0000:07B6       _puttext
 035F:027D       _QActive_arm
 035F:0299 idle  _QActive_disarm
 035F:000F       _QActive_post
 035F:0113 idle  _QActive_postISR
 03A6:044A       _QF_active
 01E3:04AE       _QF_onIdle
 01E3:0442       _QF_onStartup
 03A6:09B4 idle  _QF_readySet_
 035F:02B4       _QF_run
 01E3:0476 idle  _QF_stop
 035F:0215       _QF_tick
 0302:0156       _QHsm_dispatch
 0302:002A       _QHsm_init
 0302:0018       _QHsm_top
 0302:0003       _QP_getVersion
 01E3:06A9       _Q_onAssert
 0000:1C77 idle  _realloc
 0000:12F1       _setblock
 0000:0C69       _setvbuf
 0000:115A       _setvect
 0000:0D88       _tell
 0000:1294 idle  _ultoa
 0000:112F idle  _ungetch
 02C8:002C       _Video_clearRect
 02C8:0001       _Video_clearScreen
 02C8:0250 idle  _Video_drawBitmapAt
 02C8:0357 idle  _Video_drawStringAt
 02C8:0112       _Video_printNumAt
 02C8:00B3       _Video_printStrAt
 0000:0DAC idle  _wherex
 0000:0DBB idle  _wherey
 0000:0DCE       _write
 0000:1000 idle  __AHINCR
 0000:000C idle  __AHSHIFT
 03A6:06D2       __atexitcnt
 03A6:09B6       __atexittbl
 0000:0452       __brk
 03A6:0087       __brklvl
 03A6:0069 idle  __C0argc
 03A6:006B idle  __C0argv
 0000:0FF4 idle  __c0crtinit
 03A6:006F idle  __C0environ
 0000:0260       __CPUTN
 0000:1014 idle  __crtinit
 03A6:08BC idle  __doserrno
 03A6:08BE idle  __dosErrorToSV
 03A6:0073 idle  __envLng
 03A6:0075 idle  __envseg
 03A6:0077 idle  __envSize
 0000:011A       __exit
 03A6:06D4       __exitbuf
 0000:00FA       __exitclean
 03A6:06D8       __exitfopen
 03A6:06DC       __exitopen
 03A6:0083       __heapbase
 03A6:008B       __heaptop
 03A6:0059 idle  __Int0Vector
 03A6:005D idle  __Int4Vector
 03A6:0061 idle  __Int5Vector
 03A6:0065 idle  __Int6Vector
 0000:116B       __IOERROR
 0000:11E8       __LONGTOA
 0000:0208 idle  __MMODEL
 0000:1108 idle  __Ngetche
 0000:112C idle  __Nungetch
 03A6:0872       __openfd
 03A6:007B idle  __osmajor
 03A6:007C idle  __osminor
 03A6:0079       __psp
 0000:1E1B       __REALCVT
 03A6:0980       __RealCvtVector
 0000:0178 idle  __restorezero
 0000:0491       __sbrk
 03A6:0980 idle  __ScanTodVector
 0000:09E1       __SCREENIO
 0000:0A84       __SCROLL
 0000:0BF0       __setupio
 03A6:007F idle  __StartTime
 03A6:089E       __stklen
 03A6:06E2       __streams
 0000:0000 idle  __turboCrt
 0000:0A1E       __VALIDATEXY
 03A6:007B idle  __version
 03A6:08A2       __video
 0000:0F70       __VideoInt
 0000:1325       __VPRINTER
 0000:17FD       __VPTR
 0000:1823       __VRAM
 0000:0DA2       __wherexy
 0000:189C       __write
 03A6:08A0       __wscroll
 0000:0EFB       __xfflush
 0000:18F0 idle  ___first
 0000:18F2 idle  ___last
 0000:18F4 idle  ___rover

  Address         Publics by Value

 0000:0000 idle  __turboCrt
 0000:000C idle  __AHSHIFT
 0000:1000 idle  __AHINCR
 0000:00FA       __exitclean
 0000:011A       __exit
 0000:0178 idle  __restorezero
 0000:01F0 idle  _abort
 0000:0206 idle  DGROUP@
 0000:0208 idle  __MMODEL
 0000:020A idle  _atexit
 0000:0237       _clrscr
 0000:0260       __CPUTN
 0000:0390 idle  _cprintf
 0000:03AD       _exit
 0000:0452       __brk
 0000:0491       __sbrk
 0000:04FE       _fflush
 0000:05CE       _flushall
 0000:0695       _fseek
 0000:0715 idle  _ftell
 0000:0765       _gettext
 0000:07B6       _puttext
 0000:07F0       _movetext
 0000:0896       _putch
 0000:09E1       __SCREENIO
 0000:0A1E       __VALIDATEXY
 0000:0A84       __SCROLL
 0000:0BF0       __setupio
 0000:0C69       _setvbuf
 0000:0D88       _tell
 0000:0DA2       __wherexy
 0000:0DAC idle  _wherex
 0000:0DBB idle  _wherey
 0000:0DCE       _write
 0000:0EFB       __xfflush
 0000:0F70       __VideoInt
 0000:0FF4 idle  __c0crtinit
 0000:1014 idle  __crtinit
 0000:10EF       _getch
 0000:1108 idle  __Ngetche
 0000:110B idle  _getche
 0000:112C idle  __Nungetch
 0000:112F idle  _ungetch
 0000:114B       _getvect
 0000:115A       _setvect
 0000:116B       __IOERROR
 0000:11A8       _isatty
 0000:11B9       _kbhit
 0000:11BF       _lseek
 0000:11E8       __LONGTOA
 0000:126A idle  _itoa
 0000:1294 idle  _ultoa
 0000:12B1 idle  _ltoa
 0000:12D9 idle  _outport
 0000:12E5       _outportb
 0000:12F1       _setblock
 0000:1325       __VPRINTER
 0000:17FD       __VPTR
 0000:1823       __VRAM
 0000:189C       __write
 0000:18F0 idle  ___first
 0000:18F2 idle  ___last
 0000:18F4 idle  ___rover
 0000:1A2E       _free
 0000:1A2E idle  _farfree
 0000:1B14       _malloc
 0000:1B1E idle  _farmalloc
 0000:1C77 idle  _realloc
 0000:1C7E idle  _farrealloc
 0000:1CEC idle  N_LDIV@
 0000:1CEF idle  LDIV@
 0000:1CEF idle  F_LDIV@
 0000:1CF3 idle  N_LUDIV@
 0000:1CF6       F_LUDIV@
 0000:1CF6 idle  LUDIV@
 0000:1CFB idle  N_LMOD@
 0000:1CFE idle  F_LMOD@
 0000:1CFE idle  LMOD@
 0000:1D03 idle  N_LUMOD@
 0000:1D06       F_LUMOD@
 0000:1D06 idle  LUMOD@
 0000:1D9A       N_PADD@
 0000:1D9D idle  F_PADD@
 0000:1D9D idle  PADD@
 0000:1DC9 idle  N_PSUB@
 0000:1DCC idle  F_PSUB@
 0000:1DCC idle  PSUB@
 0000:1DFA       N_PCMP@
 0000:1E1B       __REALCVT
 0000:1E31       F_OVERFLOW@
 0000:1E31 idle  N_OVERFLOW@
 0000:1E31 idle  OVERFLOW@
 01E3:005E       _BSP_init
 01E3:0442       _QF_onStartup
 01E3:0476 idle  _QF_stop
 01E3:04AE       _QF_onIdle
 01E3:04D6       _BSP_signalCars
 01E3:05DC       _BSP_signalPeds
 01E3:0666       _BSP_showState
 01E3:06A9       _Q_onAssert
 0255:000E       _main
 0258:0002       _Ped_ctor
 0270:000B       _Pelican_ctor
 02C8:0001       _Video_clearScreen
 02C8:002C       _Video_clearRect
 02C8:00B3       _Video_printStrAt
 02C8:0112       _Video_printNumAt
 02C8:0250 idle  _Video_drawBitmapAt
 02C8:0357 idle  _Video_drawStringAt
 0302:0003       _QP_getVersion
 0302:0018       _QHsm_top
 0302:002A       _QHsm_init
 0302:0156       _QHsm_dispatch
 035F:000F       _QActive_post
 035F:0113 idle  _QActive_postISR
 035F:0215       _QF_tick
 035F:027D       _QActive_arm
 035F:0299 idle  _QActive_disarm
 035F:02B4       _QF_run
 03A6:0000 idle  DATASEG@
 03A6:0059 idle  __Int0Vector
 03A6:005D idle  __Int4Vector
 03A6:0061 idle  __Int5Vector
 03A6:0065 idle  __Int6Vector
 03A6:0069 idle  __C0argc
 03A6:006B idle  __C0argv
 03A6:006F idle  __C0environ
 03A6:0073 idle  __envLng
 03A6:0075 idle  __envseg
 03A6:0077 idle  __envSize
 03A6:0079       __psp
 03A6:007B idle  __osmajor
 03A6:007B idle  __version
 03A6:007C idle  __osminor
 03A6:007D       _errno
 03A6:007F idle  __StartTime
 03A6:0083       __heapbase
 03A6:0087       __brklvl
 03A6:008B       __heaptop
 03A6:044A       _QF_active
 03A6:06D2       __atexitcnt
 03A6:06D4       __exitbuf
 03A6:06D8       __exitfopen
 03A6:06DC       __exitopen
 03A6:06E2       __streams
 03A6:0872       __openfd
 03A6:089E       __stklen
 03A6:08A0       __wscroll
 03A6:08A2       __video
 03A6:08B1       _directvideo
 03A6:08BC idle  __doserrno
 03A6:08BE idle  __dosErrorToSV
 03A6:0980 idle  __ScanTodVector
 03A6:0980       __RealCvtVector
 03A6:098E       _AO_Ped
 03A6:099C       _AO_Pelican
 03A6:09B4 idle  _QF_readySet_
 03A6:09B6       __atexittbl

Program entry point at 0000:0000

